Archive member included to satisfy reference by file (symbol)

c:/program files (x86)/atollic/truestudio for stm32 9.3.0/armtools/bin/../lib/gcc/arm-atollic-eabi/6.3.1/../../../../arm-atollic-eabi/lib/armv7-m\libc_nano.a(lib_a-fprintf.o)
                              Core\Src\g2\canonical_machine.o (fprintf)
c:/program files (x86)/atollic/truestudio for stm32 9.3.0/armtools/bin/../lib/gcc/arm-atollic-eabi/6.3.1/../../../../arm-atollic-eabi/lib/armv7-m\libc_nano.a(lib_a-fputc.o)
                              Core\Src\g2\text_parser.o (fputc)
c:/program files (x86)/atollic/truestudio for stm32 9.3.0/armtools/bin/../lib/gcc/arm-atollic-eabi/6.3.1/../../../../arm-atollic-eabi/lib/armv7-m\libc_nano.a(lib_a-fputs.o)
                              Core\Src\g2\json_parser.o (fputs)
c:/program files (x86)/atollic/truestudio for stm32 9.3.0/armtools/bin/../lib/gcc/arm-atollic-eabi/6.3.1/../../../../arm-atollic-eabi/lib/armv7-m\libc_nano.a(lib_a-impure.o)
                              Core\Src\g2\canonical_machine.o (_impure_ptr)
c:/program files (x86)/atollic/truestudio for stm32 9.3.0/armtools/bin/../lib/gcc/arm-atollic-eabi/6.3.1/../../../../arm-atollic-eabi/lib/armv7-m\libc_nano.a(lib_a-init.o)
                              startup\startup_stm32f207xx.o (__libc_init_array)
c:/program files (x86)/atollic/truestudio for stm32 9.3.0/armtools/bin/../lib/gcc/arm-atollic-eabi/6.3.1/../../../../arm-atollic-eabi/lib/armv7-m\libc_nano.a(lib_a-locale.o)
                              Core\Src\g2\controller.o (__locale_ctype_ptr)
c:/program files (x86)/atollic/truestudio for stm32 9.3.0/armtools/bin/../lib/gcc/arm-atollic-eabi/6.3.1/../../../../arm-atollic-eabi/lib/armv7-m\libc_nano.a(lib_a-mbtowc_r.o)
                              c:/program files (x86)/atollic/truestudio for stm32 9.3.0/armtools/bin/../lib/gcc/arm-atollic-eabi/6.3.1/../../../../arm-atollic-eabi/lib/armv7-m\libc_nano.a(lib_a-locale.o) (__ascii_mbtowc)
c:/program files (x86)/atollic/truestudio for stm32 9.3.0/armtools/bin/../lib/gcc/arm-atollic-eabi/6.3.1/../../../../arm-atollic-eabi/lib/armv7-m\libc_nano.a(lib_a-memcmp.o)
                              Middlewares\Third_Party\LwIP\src\netif\ethernet.o (memcmp)
c:/program files (x86)/atollic/truestudio for stm32 9.3.0/armtools/bin/../lib/gcc/arm-atollic-eabi/6.3.1/../../../../arm-atollic-eabi/lib/armv7-m\libc_nano.a(lib_a-memcpy-stub.o)
                              Core\Src\g2\plan_arc.o (memcpy)
c:/program files (x86)/atollic/truestudio for stm32 9.3.0/armtools/bin/../lib/gcc/arm-atollic-eabi/6.3.1/../../../../arm-atollic-eabi/lib/armv7-m\libc_nano.a(lib_a-memset.o)
                              Core\Src\g2\canonical_machine.o (memset)
c:/program files (x86)/atollic/truestudio for stm32 9.3.0/armtools/bin/../lib/gcc/arm-atollic-eabi/6.3.1/../../../../arm-atollic-eabi/lib/armv7-m\libc_nano.a(lib_a-nano-vfprintf.o)
                              c:/program files (x86)/atollic/truestudio for stm32 9.3.0/armtools/bin/../lib/gcc/arm-atollic-eabi/6.3.1/../../../../arm-atollic-eabi/lib/armv7-m\libc_nano.a(lib_a-fprintf.o) (_vfprintf_r)
c:/program files (x86)/atollic/truestudio for stm32 9.3.0/armtools/bin/../lib/gcc/arm-atollic-eabi/6.3.1/../../../../arm-atollic-eabi/lib/armv7-m\libc_nano.a(lib_a-nano-vfprintf_float.o)
                              c:/program files (x86)/atollic/truestudio for stm32 9.3.0/armtools/bin/../lib/gcc/arm-atollic-eabi/6.3.1/../../../../arm-atollic-eabi/lib/armv7-m\libc_nano.a(lib_a-nano-vfprintf.o) (_printf_float)
c:/program files (x86)/atollic/truestudio for stm32 9.3.0/armtools/bin/../lib/gcc/arm-atollic-eabi/6.3.1/../../../../arm-atollic-eabi/lib/armv7-m\libc_nano.a(lib_a-nano-vfprintf_i.o)
                              c:/program files (x86)/atollic/truestudio for stm32 9.3.0/armtools/bin/../lib/gcc/arm-atollic-eabi/6.3.1/../../../../arm-atollic-eabi/lib/armv7-m\libc_nano.a(lib_a-nano-vfprintf_float.o) (_printf_common)
c:/program files (x86)/atollic/truestudio for stm32 9.3.0/armtools/bin/../lib/gcc/arm-atollic-eabi/6.3.1/../../../../arm-atollic-eabi/lib/armv7-m\libc_nano.a(lib_a-printf.o)
                              Core\Src\g2\config.o (printf)
c:/program files (x86)/atollic/truestudio for stm32 9.3.0/armtools/bin/../lib/gcc/arm-atollic-eabi/6.3.1/../../../../arm-atollic-eabi/lib/armv7-m\libc_nano.a(lib_a-putc.o)
                              c:/program files (x86)/atollic/truestudio for stm32 9.3.0/armtools/bin/../lib/gcc/arm-atollic-eabi/6.3.1/../../../../arm-atollic-eabi/lib/armv7-m\libc_nano.a(lib_a-fputc.o) (_putc_r)
c:/program files (x86)/atollic/truestudio for stm32 9.3.0/armtools/bin/../lib/gcc/arm-atollic-eabi/6.3.1/../../../../arm-atollic-eabi/lib/armv7-m\libc_nano.a(lib_a-puts.o)
                              Core\Src\g2\canonical_machine.o (puts)
c:/program files (x86)/atollic/truestudio for stm32 9.3.0/armtools/bin/../lib/gcc/arm-atollic-eabi/6.3.1/../../../../arm-atollic-eabi/lib/armv7-m\libc_nano.a(lib_a-sprintf.o)
[...]
Memory Configuration

Name             Origin             Length             Attributes
RAM              0x20000000         0x00020000         xrw
FLASH            0x08000000         0x00040000         xr
*default*        0x00000000         0xffffffff

Linker script and memory map

LOAD c:/program files (x86)/atollic/truestudio for stm32 9.3.0/armtools/bin/../lib/gcc/arm-atollic-eabi/6.3.1/armv7-m/crti.o
LOAD c:/program files (x86)/atollic/truestudio for stm32 9.3.0/armtools/bin/../lib/gcc/arm-atollic-eabi/6.3.1/armv7-m/crtbegin.o
LOAD Core\Src\eeprom.o
LOAD Core\Src\freertos.o
LOAD Core\Src\g2\canonical_machine.o
LOAD Core\Src\g2\config.o
LOAD Core\Src\g2\config_app.o
LOAD Core\Src\g2\controller.o
LOAD Core\Src\g2\cycle_homing.o
LOAD Core\Src\g2\cycle_jogging.o
LOAD Core\Src\g2\cycle_probing.o
LOAD Core\Src\g2\encoder.o
LOAD Core\Src\g2\gcode_parser.o
LOAD Core\Src\g2\gpio.o
LOAD Core\Src\g2\hardware.o
LOAD Core\Src\g2\json_parser.o
LOAD Core\Src\g2\kinematics.o
LOAD Core\Src\g2\main.o
LOAD Core\Src\g2\persistence.o
LOAD Core\Src\g2\plan_arc.o
LOAD Core\Src\g2\plan_exec.o
LOAD Core\Src\g2\plan_line.o
LOAD Core\Src\g2\plan_zoid.o
LOAD Core\Src\g2\planner.o
LOAD Core\Src\g2\pwm.o
LOAD Core\Src\g2\report.o
LOAD Core\Src\g2\spindle.o
LOAD Core\Src\g2\stepper.o
LOAD Core\Src\g2\switch.o
LOAD Core\Src\g2\system.o
LOAD Core\Src\g2\text_parser.o
LOAD Core\Src\g2\util.o
LOAD Core\Src\g2\xio.o
LOAD Core\Src\main.o
LOAD Core\Src\stm32f2xx_hal_msp.o
LOAD Core\Src\stm32f2xx_hal_timebase_tim.o
LOAD Core\Src\stm32f2xx_it.o
LOAD Core\Src\syscalls.o
LOAD Core\Src\system_stm32f2xx.o
LOAD Core\Src\tcp.o
LOAD Drivers\STM32F2xx_HAL_Driver\Src\stm32f2xx_hal.o
LOAD Drivers\STM32F2xx_HAL_Driver\Src\stm32f2xx_hal_cortex.o
LOAD Drivers\STM32F2xx_HAL_Driver\Src\stm32f2xx_hal_dma.o
LOAD Drivers\STM32F2xx_HAL_Driver\Src\stm32f2xx_hal_dma_ex.o
LOAD Drivers\STM32F2xx_HAL_Driver\Src\stm32f2xx_hal_eth.o
LOAD Drivers\STM32F2xx_HAL_Driver\Src\stm32f2xx_hal_exti.o
LOAD Drivers\STM32F2xx_HAL_Driver\Src\stm32f2xx_hal_flash.o
LOAD Drivers\STM32F2xx_HAL_Driver\Src\stm32f2xx_hal_flash_ex.o
LOAD Drivers\STM32F2xx_HAL_Driver\Src\stm32f2xx_hal_gpio.o
LOAD Drivers\STM32F2xx_HAL_Driver\Src\stm32f2xx_hal_pwr.o
LOAD Drivers\STM32F2xx_HAL_Driver\Src\stm32f2xx_hal_pwr_ex.o
LOAD Drivers\STM32F2xx_HAL_Driver\Src\stm32f2xx_hal_rcc.o
LOAD Drivers\STM32F2xx_HAL_Driver\Src\stm32f2xx_hal_rcc_ex.o
LOAD Drivers\STM32F2xx_HAL_Driver\Src\stm32f2xx_hal_tim.o
LOAD Drivers\STM32F2xx_HAL_Driver\Src\stm32f2xx_hal_tim_ex.o
LOAD Drivers\STM32F2xx_HAL_Driver\Src\stm32f2xx_hal_usart.o
LOAD LWIP\App\lwip.o
LOAD LWIP\Target\ethernetif.o
LOAD Middlewares\Third_Party\FreeRTOS\Source\CMSIS_RTOS\cmsis_os.o
LOAD Middlewares\Third_Party\FreeRTOS\Source\croutine.o
LOAD Middlewares\Third_Party\FreeRTOS\Source\event_groups.o
LOAD Middlewares\Third_Party\FreeRTOS\Source\list.o
LOAD Middlewares\Third_Party\FreeRTOS\Source\portable\GCC\ARM_CM3\port.o
LOAD Middlewares\Third_Party\FreeRTOS\Source\portable\MemMang\heap_4.o
LOAD Middlewares\Third_Party\FreeRTOS\Source\queue.o
LOAD Middlewares\Third_Party\FreeRTOS\Source\stream_buffer.o
LOAD Middlewares\Third_Party\FreeRTOS\Source\tasks.o
LOAD Middlewares\Third_Party\FreeRTOS\Source\timers.o
LOAD Middlewares\Third_Party\LwIP\src\api\api_lib.o
LOAD Middlewares\Third_Party\LwIP\src\api\api_msg.o
LOAD Middlewares\Third_Party\LwIP\src\api\err.o
LOAD Middlewares\Third_Party\LwIP\src\api\netbuf.o
LOAD Middlewares\Third_Party\LwIP\src\api\netdb.o
LOAD Middlewares\Third_Party\LwIP\src\api\netifapi.o
LOAD Middlewares\Third_Party\LwIP\src\api\sockets.o
LOAD Middlewares\Third_Party\LwIP\src\api\tcpip.o
LOAD Middlewares\Third_Party\LwIP\src\apps\mqtt\mqtt.o
LOAD Middlewares\Third_Party\LwIP\src\core\def.o
LOAD Middlewares\Third_Party\LwIP\src\core\dns.o
LOAD Middlewares\Third_Party\LwIP\src\core\inet_chksum.o
LOAD Middlewares\Third_Party\LwIP\src\core\init.o
LOAD Middlewares\Third_Party\LwIP\src\core\ip.o
LOAD Middlewares\Third_Party\LwIP\src\core\ipv4\autoip.o
LOAD Middlewares\Third_Party\LwIP\src\core\ipv4\dhcp.o
LOAD Middlewares\Third_Party\LwIP\src\core\ipv4\etharp.o
LOAD Middlewares\Third_Party\LwIP\src\core\ipv4\icmp.o
LOAD Middlewares\Third_Party\LwIP\src\core\ipv4\igmp.o
LOAD Middlewares\Third_Party\LwIP\src\core\ipv4\ip4.o
LOAD Middlewares\Third_Party\LwIP\src\core\ipv4\ip4_addr.o
LOAD Middlewares\Third_Party\LwIP\src\core\ipv4\ip4_frag.o
LOAD Middlewares\Third_Party\LwIP\src\core\ipv6\dhcp6.o
LOAD Middlewares\Third_Party\LwIP\src\core\ipv6\ethip6.o
LOAD Middlewares\Third_Party\LwIP\src\core\ipv6\icmp6.o
LOAD Middlewares\Third_Party\LwIP\src\core\ipv6\inet6.o
LOAD Middlewares\Third_Party\LwIP\src\core\ipv6\ip6.o
LOAD Middlewares\Third_Party\LwIP\src\core\ipv6\ip6_addr.o
LOAD Middlewares\Third_Party\LwIP\src\core\ipv6\ip6_frag.o
LOAD Middlewares\Third_Party\LwIP\src\core\ipv6\mld6.o
LOAD Middlewares\Third_Party\LwIP\src\core\ipv6\nd6.o
LOAD Middlewares\Third_Party\LwIP\src\core\mem.o
LOAD Middlewares\Third_Party\LwIP\src\core\memp.o
LOAD Middlewares\Third_Party\LwIP\src\core\netif.o
LOAD Middlewares\Third_Party\LwIP\src\core\pbuf.o
LOAD Middlewares\Third_Party\LwIP\src\core\raw.o
LOAD Middlewares\Third_Party\LwIP\src\core\stats.o
LOAD Middlewares\Third_Party\LwIP\src\core\sys.o
LOAD Middlewares\Third_Party\LwIP\src\core\tcp.o
LOAD Middlewares\Third_Party\LwIP\src\core\tcp_in.o
LOAD Middlewares\Third_Party\LwIP\src\core\tcp_out.o
LOAD Middlewares\Third_Party\LwIP\src\core\timeouts.o
LOAD Middlewares\Third_Party\LwIP\src\core\udp.o
LOAD Middlewares\Third_Party\LwIP\src\netif\ethernet.o
LOAD Middlewares\Third_Party\LwIP\src\netif\lowpan6.o
LOAD Middlewares\Third_Party\LwIP\src\netif\ppp\auth.o
LOAD Middlewares\Third_Party\LwIP\src\netif\ppp\ccp.o
LOAD Middlewares\Third_Party\LwIP\src\netif\ppp\chap-md5.o
LOAD Middlewares\Third_Party\LwIP\src\netif\ppp\chap-new.o
LOAD Middlewares\Third_Party\LwIP\src\netif\ppp\chap_ms.o
LOAD Middlewares\Third_Party\LwIP\src\netif\ppp\demand.o
LOAD Middlewares\Third_Party\LwIP\src\netif\ppp\eap.o
LOAD Middlewares\Third_Party\LwIP\src\netif\ppp\ecp.o
LOAD Middlewares\Third_Party\LwIP\src\netif\ppp\eui64.o
LOAD Middlewares\Third_Party\LwIP\src\netif\ppp\fsm.o
LOAD Middlewares\Third_Party\LwIP\src\netif\ppp\ipcp.o
LOAD Middlewares\Third_Party\LwIP\src\netif\ppp\ipv6cp.o
LOAD Middlewares\Third_Party\LwIP\src\netif\ppp\lcp.o
LOAD Middlewares\Third_Party\LwIP\src\netif\ppp\magic.o
LOAD Middlewares\Third_Party\LwIP\src\netif\ppp\mppe.o
LOAD Middlewares\Third_Party\LwIP\src\netif\ppp\multilink.o
LOAD Middlewares\Third_Party\LwIP\src\netif\ppp\ppp.o
LOAD Middlewares\Third_Party\LwIP\src\netif\ppp\pppapi.o
LOAD Middlewares\Third_Party\LwIP\src\netif\ppp\pppcrypt.o
LOAD Middlewares\Third_Party\LwIP\src\netif\ppp\pppoe.o
LOAD Middlewares\Third_Party\LwIP\src\netif\ppp\pppol2tp.o
LOAD Middlewares\Third_Party\LwIP\src\netif\ppp\pppos.o
LOAD Middlewares\Third_Party\LwIP\src\netif\ppp\upap.o
LOAD Middlewares\Third_Party\LwIP\src\netif\ppp\utils.o
LOAD Middlewares\Third_Party\LwIP\src\netif\ppp\vj.o
LOAD Middlewares\Third_Party\LwIP\src\netif\slipif.o
LOAD Middlewares\Third_Party\LwIP\system\OS\sys_arch.o
LOAD startup\startup_stm32f207xx.o
                0x00000080                malloc_getpagesize_P = 0x80
START GROUP
LOAD c:/program files (x86)/atollic/truestudio for stm32 9.3.0/armtools/bin/../lib/gcc/arm-atollic-eabi/6.3.1/../../../../arm-atollic-eabi/lib/armv7-m\libc_nano.a
LOAD c:/program files (x86)/atollic/truestudio for stm32 9.3.0/armtools/bin/../lib/gcc/arm-atollic-eabi/6.3.1/../../../../arm-atollic-eabi/lib/armv7-m\libm.a
END GROUP
START GROUP
LOAD c:/program files (x86)/atollic/truestudio for stm32 9.3.0/armtools/bin/../lib/gcc/arm-atollic-eabi/6.3.1/armv7-m\libgcc.a
LOAD c:/program files (x86)/atollic/truestudio for stm32 9.3.0/armtools/bin/../lib/gcc/arm-atollic-eabi/6.3.1/../../../../arm-atollic-eabi/lib/armv7-m\libc_nano.a
END GROUP
START GROUP
LOAD c:/program files (x86)/atollic/truestudio for stm32 9.3.0/armtools/bin/../lib/gcc/arm-atollic-eabi/6.3.1/armv7-m\libgcc.a
LOAD c:/program files (x86)/atollic/truestudio for stm32 9.3.0/armtools/bin/../lib/gcc/arm-atollic-eabi/6.3.1/../../../../arm-atollic-eabi/lib/armv7-m\libc_nano.a
LOAD c:/program files (x86)/atollic/truestudio for stm32 9.3.0/armtools/bin/../lib/gcc/arm-atollic-eabi/6.3.1/../../../../arm-atollic-eabi/lib/armv7-m\libnosys.a
END GROUP
START GROUP
LOAD c:/program files (x86)/atollic/truestudio for stm32 9.3.0/armtools/bin/../lib/gcc/arm-atollic-eabi/6.3.1/armv7-m\libgcc.a
LOAD c:/program files (x86)/atollic/truestudio for stm32 9.3.0/armtools/bin/../lib/gcc/arm-atollic-eabi/6.3.1/../../../../arm-atollic-eabi/lib/armv7-m\libc_nano.a
LOAD c:/program files (x86)/atollic/truestudio for stm32 9.3.0/armtools/bin/../lib/gcc/arm-atollic-eabi/6.3.1/../../../../arm-atollic-eabi/lib/armv7-m\libnosys.a
END GROUP
LOAD c:/program files (x86)/atollic/truestudio for stm32 9.3.0/armtools/bin/../lib/gcc/arm-atollic-eabi/6.3.1/armv7-m/crtend.o
LOAD c:/program files (x86)/atollic/truestudio for stm32 9.3.0/armtools/bin/../lib/gcc/arm-atollic-eabi/6.3.1/armv7-m/crtn.o
                0x20020000                _estack = 0x20020000
                0x00000200                _Min_Heap_Size = 0x200
                0x00000400                _Min_Stack_Size = 0x400

.isr_vector     0x08000000      0x184
                0x08000000                . = ALIGN (0x4)
 *(.isr_vector)
 .isr_vector    0x08000000      0x184 startup\startup_stm32f207xx.o
                0x08000000                g_pfnVectors
                0x08000184                . = ALIGN (0x4)

.text           0x08000190    0x1a4a8
                0x08000190                . = ALIGN (0x4)
 *(.text)
 .text          0x08000190       0x40 c:/program files (x86)/atollic/truestudio for stm32 9.3.0/armtools/bin/../lib/gcc/arm-atollic-eabi/6.3.1/armv7-m/crtbegin.o
 .text          0x080001d0       0x14 c:/program files (x86)/atollic/truestudio for stm32 9.3.0/armtools/bin/../lib/gcc/arm-atollic-eabi/6.3.1/../../../../arm-atollic-eabi/lib/armv7-m\libc_nano.a(lib_a-strcmp.o)
                0x080001d0                strcmp
 .text          0x080001e4       0x10 c:/program files (x86)/atollic/truestudio for stm32 9.3.0/armtools/bin/../lib/gcc/arm-atollic-eabi/6.3.1/../../../../arm-atollic-eabi/lib/armv7-m\libc_nano.a(lib_a-strlen.o)
                0x080001e4                strlen
 .text          0x080001f4      0x370 c:/program files (x86)/atollic/truestudio for stm32 9.3.0/armtools/bin/../lib/gcc/arm-atollic-eabi/6.3.1/armv7-m\libgcc.a(_arm_addsubdf3.o)
                0x080001f4                __aeabi_drsub
                0x080001fc                __aeabi_dsub
                0x080001fc                __subdf3
                0x08000200                __aeabi_dadd
                0x08000200                __adddf3
                0x08000478                __floatunsidf
                0x08000478                __aeabi_ui2d
                0x08000498                __floatsidf
                0x08000498                __aeabi_i2d
                0x080004bc                __aeabi_f2d
                0x080004bc                __extendsfdf2
                0x080004f8                __floatundidf
                0x080004f8                __aeabi_ul2d
                0x08000508                __floatdidf
                0x08000508                __aeabi_l2d
 .text          0x08000564      0x424 c:/program files (x86)/atollic/truestudio for stm32 9.3.0/armtools/bin/../lib/gcc/arm-atollic-eabi/6.3.1/armv7-m\libgcc.a(_arm_muldivdf3.o)
                0x08000564                __aeabi_dmul
                0x08000564                __muldf3
                0x080007b8                __divdf3
                0x080007b8                __aeabi_ddiv
 .text          0x08000988      0x110 c:/program files (x86)/atollic/truestudio for stm32 9.3.0/armtools/bin/../lib/gcc/arm-atollic-eabi/6.3.1/armv7-m\libgcc.a(_arm_cmpdf2.o)
                0x08000988                __gtdf2
                0x08000988                __gedf2
                0x08000990                __ltdf2
                0x08000990                __ledf2
                0x08000998                __nedf2
                0x08000998                __eqdf2
                0x08000998                __cmpdf2
                0x08000a14                __aeabi_cdrcmple
                0x08000a24                __aeabi_cdcmpeq
                0x08000a24                __aeabi_cdcmple
                0x08000a34                __aeabi_dcmpeq
                0x08000a48                __aeabi_dcmplt
                0x08000a5c                __aeabi_dcmple
                0x08000a70                __aeabi_dcmpge
                0x08000a84                __aeabi_dcmpgt
 .text          0x08000a98       0x2c c:/program files (x86)/atollic/truestudio for stm32 9.3.0/armtools/bin/../lib/gcc/arm-atollic-eabi/6.3.1/armv7-m\libgcc.a(_arm_unorddf2.o)
                0x08000a98                __unorddf2
                0x08000a98                __aeabi_dcmpun
 .text          0x08000ac4       0x50 c:/program files (x86)/atollic/truestudio for stm32 9.3.0/armtools/bin/../lib/gcc/arm-atollic-eabi/6.3.1/armv7-m\libgcc.a(_arm_fixdfsi.o)
                0x08000ac4                __aeabi_d2iz
                0x08000ac4                __fixdfsi
 .text          0x08000b14       0x40 c:/program files (x86)/atollic/truestudio for stm32 9.3.0/armtools/bin/../lib/gcc/arm-atollic-eabi/6.3.1/armv7-m\libgcc.a(_arm_fixunsdfsi.o)
                0x08000b14                __aeabi_d2uiz
                0x08000b14                __fixunsdfsi
 .text          0x08000b54       0xa0 c:/program files (x86)/atollic/truestudio for stm32 9.3.0/armtools/bin/../lib/gcc/arm-atollic-eabi/6.3.1/armv7-m\libgcc.a(_arm_truncdfsf2.o)
                0x08000b54                __truncdfsf2
                0x08000b54                __aeabi_d2f
 .text          0x08000bf4      0x21c c:/program files (x86)/atollic/truestudio for stm32 9.3.0/armtools/bin/../lib/gcc/arm-atollic-eabi/6.3.1/armv7-m\libgcc.a(_arm_addsubsf3.o)
                0x08000bf4                __aeabi_frsub
                0x08000bfc                __subsf3
                0x08000bfc                __aeabi_fsub
                0x08000c00                __aeabi_fadd
                0x08000c00                __addsf3
                0x08000d60                __aeabi_ui2f
                0x08000d60                __floatunsisf
                0x08000d68                __aeabi_i2f
                0x08000d68                __floatsisf
                0x08000d84                __aeabi_ul2f
                0x08000d84                __floatundisf
                0x08000d94                __aeabi_l2f
                0x08000d94                __floatdisf
 .text          0x08000e10      0x2a0 c:/program files (x86)/atollic/truestudio for stm32 9.3.0/armtools/bin/../lib/gcc/arm-atollic-eabi/6.3.1/armv7-m\libgcc.a(_arm_muldivsf3.o)
                0x08000e10                __mulsf3
                0x08000e10                __aeabi_fmul
                0x08000f78                __aeabi_fdiv
                0x08000f78                __divsf3
 .text          0x080010b0       0xec c:/program files (x86)/atollic/truestudio for stm32 9.3.0/armtools/bin/../lib/gcc/arm-atollic-eabi/6.3.1/armv7-m\libgcc.a(_arm_cmpsf2.o)
                0x080010b0                __gesf2
                0x080010b0                __gtsf2
                0x080010b8                __lesf2
                0x080010b8                __ltsf2
                0x080010c0                __nesf2
                0x080010c0                __eqsf2
                0x080010c0                __cmpsf2
                0x08001120                __aeabi_cfrcmple
                0x08001128                __aeabi_cfcmpeq
                0x08001128                __aeabi_cfcmple
                0x08001138                __aeabi_fcmpeq
                0x0800114c                __aeabi_fcmplt
                0x08001160                __aeabi_fcmple
                0x08001174                __aeabi_fcmpge
                0x08001188                __aeabi_fcmpgt
 .text          0x0800119c       0x2c c:/program files (x86)/atollic/truestudio for stm32 9.3.0/armtools/bin/../lib/gcc/arm-atollic-eabi/6.3.1/armv7-m\libgcc.a(_arm_unordsf2.o)
                0x0800119c                __unordsf2
                0x0800119c                __aeabi_fcmpun
 .text          0x080011c8       0x4c c:/program files (x86)/atollic/truestudio for stm32 9.3.0/armtools/bin/../lib/gcc/arm-atollic-eabi/6.3.1/armv7-m\libgcc.a(_arm_fixsfsi.o)
                0x080011c8                __aeabi_f2iz
                0x080011c8                __fixsfsi
 .text          0x08001214       0x40 c:/program files (x86)/atollic/truestudio for stm32 9.3.0/armtools/bin/../lib/gcc/arm-atollic-eabi/6.3.1/armv7-m\libgcc.a(_arm_fixunssfsi.o)
                0x08001214                __fixunssfsi
                0x08001214                __aeabi_f2uiz
 .text          0x08001254       0x30 c:/program files (x86)/atollic/truestudio for stm32 9.3.0/armtools/bin/../lib/gcc/arm-atollic-eabi/6.3.1/armv7-m\libgcc.a(_aeabi_uldivmod.o)
                0x08001254                __aeabi_uldivmod
 .text          0x08001284      0x2dc c:/program files (x86)/atollic/truestudio for stm32 9.3.0/armtools/bin/../lib/gcc/arm-atollic-eabi/6.3.1/armv7-m\libgcc.a(_udivmoddi4.o)
                0x08001284                __udivmoddi4
 .text          0x08001560        0x4 c:/program files (x86)/atollic/truestudio for stm32 9.3.0/armtools/bin/../lib/gcc/arm-atollic-eabi/6.3.1/armv7-m\libgcc.a(_dvmd_tls.o)
                0x08001560                __aeabi_idiv0
                0x08001560                __aeabi_ldiv0
 *(.text*)
 .text.vApplicationGetIdleTaskMemory
                0x08001564       0x18 Core\Src\freertos.o
                0x08001564                vApplicationGetIdleTaskMemory
 .text._exec_select_tool
                0x0800157c       0x14 Core\Src\g2\canonical_machine.o
 .text._exec_change_tool
                0x08001590       0x14 Core\Src\g2\canonical_machine.o
 .text._exec_absolute_origin
                0x080015a4       0x4c Core\Src\g2\canonical_machine.o
 .text._print_axis_ui8
                0x080015f0       0x30 Core\Src\g2\canonical_machine.o
 .text._exec_mist_coolant_control
                0x08001620       0x28 Core\Src\g2\canonical_machine.o
 .text._exec_flood_coolant_control
                0x08001648       0x3c Core\Src\g2\canonical_machine.o
 .text._get_axis
                0x08001684       0x50 Core\Src\g2\canonical_machine.o
 .text._get_axis_type
                0x080016d4       0x1a Core\Src\g2\canonical_machine.o
 *fill*         0x080016ee        0x2 
 .text._print_axis_flt
                0x080016f0       0x60 Core\Src\g2\canonical_machine.o
 .text._print_axis_coord_flt
                0x08001750       0x60 Core\Src\g2\canonical_machine.o
 .text._print_pos
                0x080017b0       0x68 Core\Src\g2\canonical_machine.o
 .text.cm_get_combined_state
                0x08001818       0x54 Core\Src\g2\canonical_machine.o
                0x08001818                cm_get_combined_state
 .text.cm_get_machine_state
                0x0800186c        0xc Core\Src\g2\canonical_machine.o
                0x0800186c                cm_get_machine_state
 .text.cm_get_buffer_drain_state
                0x08001878        0xc Core\Src\g2\canonical_machine.o
                0x08001878                cm_get_buffer_drain_state
 .text.cm_set_motion_state
                0x08001884       0x28 Core\Src\g2\canonical_machine.o
                0x08001884                cm_set_motion_state
 .text.cm_set_buffer_drain_state
                0x080018ac        0xc Core\Src\g2\canonical_machine.o
                0x080018ac                cm_set_buffer_drain_state
 .text.cm_get_motion_mode
                0x080018b8        0x4 Core\Src\g2\canonical_machine.o
                0x080018b8                cm_get_motion_mode
 .text.cm_get_coord_system
                0x080018bc        0x6 Core\Src\g2\canonical_machine.o
                0x080018bc                cm_get_coord_system
 .text.cm_get_units_mode
                0x080018c2        0x6 Core\Src\g2\canonical_machine.o
                0x080018c2                cm_get_units_mode
 .text.cm_get_path_control
                0x080018c8        0x6 Core\Src\g2\canonical_machine.o
                0x080018c8                cm_get_path_control
 .text.cm_get_distance_mode
                0x080018ce        0x6 Core\Src\g2\canonical_machine.o
                0x080018ce                cm_get_distance_mode
 .text.cm_get_feed_rate_mode
                0x080018d4        0x6 Core\Src\g2\canonical_machine.o
                0x080018d4                cm_get_feed_rate_mode
 .text.cm_get_runtime_busy
                0x080018da        0x4 Core\Src\g2\canonical_machine.o
                0x080018da                cm_get_runtime_busy
 .text.cm_get_feed_rate
                0x080018de        0x4 Core\Src\g2\canonical_machine.o
                0x080018de                cm_get_feed_rate
 .text.cm_set_motion_mode
                0x080018e2        0x4 Core\Src\g2\canonical_machine.o
                0x080018e2                cm_set_motion_mode
 .text.cm_set_spindle_mode
                0x080018e6        0x6 Core\Src\g2\canonical_machine.o
                0x080018e6                cm_set_spindle_mode
 .text.cm_set_spindle_speed_parameter
                0x080018ec        0x4 Core\Src\g2\canonical_machine.o
                0x080018ec                cm_set_spindle_speed_parameter
 .text.cm_set_model_linenum
                0x080018f0       0x14 Core\Src\g2\canonical_machine.o
                0x080018f0                cm_set_model_linenum
 .text.cm_get_active_coord_offset
                0x08001904       0x3c Core\Src\g2\canonical_machine.o
                0x08001904                cm_get_active_coord_offset
 .text.cm_set_work_offsets
                0x08001940       0x1a Core\Src\g2\canonical_machine.o
                0x08001940                cm_set_work_offsets
 *fill*         0x0800195a        0x2 
 .text.cm_set_absolute_override
                0x0800195c       0x10 Core\Src\g2\canonical_machine.o
                0x0800195c                cm_set_absolute_override
 .text._exec_offset
                0x0800196c       0x60 Core\Src\g2\canonical_machine.o
 .text.cm_get_absolute_position
                0x080019cc       0x1c Core\Src\g2\canonical_machine.o
                0x080019cc                cm_get_absolute_position
 .text.cm_get_work_position
                0x080019e8       0x4c Core\Src\g2\canonical_machine.o
                0x080019e8                cm_get_work_position
 .text.cm_finalize_move
                0x08001a34       0x34 Core\Src\g2\canonical_machine.o
                0x08001a34                cm_finalize_move
 .text.cm_deferred_write_callback
                0x08001a68       0x88 Core\Src\g2\canonical_machine.o
                0x08001a68                cm_deferred_write_callback
 .text.cm_set_model_target
                0x08001af0      0x16c Core\Src\g2\canonical_machine.o
                0x08001af0                cm_set_model_target
 .text.cm_test_soft_limits
                0x08001c5c       0x90 Core\Src\g2\canonical_machine.o
                0x08001c5c                cm_test_soft_limits
 .text.canonical_machine_init_assertions
                0x08001cec       0x28 Core\Src\g2\canonical_machine.o
                0x08001cec                canonical_machine_init_assertions
 .text.canonical_machine_test_assertions
                0x08001d14       0x48 Core\Src\g2\canonical_machine.o
                0x08001d14                canonical_machine_test_assertions
 .text.cm_clear
                0x08001d5c       0x1c Core\Src\g2\canonical_machine.o
                0x08001d5c                cm_clear
 .text.cm_hard_alarm
                0x08001d78       0x24 Core\Src\g2\canonical_machine.o
                0x08001d78                cm_hard_alarm
 .text.cm_select_plane
                0x08001d9c       0x10 Core\Src\g2\canonical_machine.o
                0x08001d9c                cm_select_plane
 .text.cm_set_units_mode
                0x08001dac       0x10 Core\Src\g2\canonical_machine.o
                0x08001dac                cm_set_units_mode
 .text.cm_set_distance_mode
                0x08001dbc       0x10 Core\Src\g2\canonical_machine.o
                0x08001dbc                cm_set_distance_mode
 *fill*         0x08001dcc        0x4 
 .text.cm_set_coord_offsets
                0x08001dd0       0x78 Core\Src\g2\canonical_machine.o
                0x08001dd0                cm_set_coord_offsets
 .text.cm_set_coord_system
                0x08001e48       0x34 Core\Src\g2\canonical_machine.o
                0x08001e48                cm_set_coord_system
 .text.canonical_machine_init
                0x08001e7c       0x8c Core\Src\g2\canonical_machine.o
                0x08001e7c                canonical_machine_init
 .text.cm_set_position
                0x08001f08       0x30 Core\Src\g2\canonical_machine.o
                0x08001f08                cm_set_position
 .text.cm_set_absolute_origin
                0x08001f38       0x8c Core\Src\g2\canonical_machine.o
                0x08001f38                cm_set_absolute_origin
 *fill*         0x08001fc4        0x4 
 .text.cm_set_origin_offsets
                0x08001fc8       0xcc Core\Src\g2\canonical_machine.o
                0x08001fc8                cm_set_origin_offsets
 .text.cm_reset_origin_offsets
                0x08002094       0x54 Core\Src\g2\canonical_machine.o
                0x08002094                cm_reset_origin_offsets
 .text.cm_suspend_origin_offsets
                0x080020e8       0x3c Core\Src\g2\canonical_machine.o
                0x080020e8                cm_suspend_origin_offsets
 .text.cm_resume_origin_offsets
                0x08002124       0x3c Core\Src\g2\canonical_machine.o
                0x08002124                cm_resume_origin_offsets
 .text.cm_get_position
                0x08002160       0x78 Core\Src\g2\canonical_machine.o
                0x08002160                cm_get_position
 .text.cm_get_firmware
                0x080021d8       0x50 Core\Src\g2\canonical_machine.o
                0x080021d8                cm_get_firmware
 .text.cm_wait_for_completion
                0x08002228       0x20 Core\Src\g2\canonical_machine.o
                0x08002228                cm_wait_for_completion
 .text.cm_set_g28_position
                0x08002248       0x20 Core\Src\g2\canonical_machine.o
                0x08002248                cm_set_g28_position
 .text.cm_set_g30_position
                0x08002268       0x20 Core\Src\g2\canonical_machine.o
                0x08002268                cm_set_g30_position
 .text.cm_set_feed_rate
                0x08002288       0x4c Core\Src\g2\canonical_machine.o
                0x08002288                cm_set_feed_rate
 .text.cm_set_feed_rate_mode
                0x080022d4       0x10 Core\Src\g2\canonical_machine.o
                0x080022d4                cm_set_feed_rate_mode
 .text.cm_set_path_control
                0x080022e4       0x10 Core\Src\g2\canonical_machine.o
                0x080022e4                cm_set_path_control
 .text.cm_dwell
                0x080022f4       0x14 Core\Src\g2\canonical_machine.o
                0x080022f4                cm_dwell
 .text.cm_select_tool
                0x08002308       0x2c Core\Src\g2\canonical_machine.o
                0x08002308                cm_select_tool
 .text.cm_change_tool
                0x08002334       0x34 Core\Src\g2\canonical_machine.o
                0x08002334                cm_change_tool
 .text.cm_mist_coolant_control
                0x08002368       0x2c Core\Src\g2\canonical_machine.o
                0x08002368                cm_mist_coolant_control
 .text.cm_flood_coolant_control
                0x08002394       0x2c Core\Src\g2\canonical_machine.o
                0x08002394                cm_flood_coolant_control
 .text._exec_program_finalize
                0x080023c0       0x78 Core\Src\g2\canonical_machine.o
 .text.cm_override_enables
                0x08002438       0x18 Core\Src\g2\canonical_machine.o
                0x08002438                cm_override_enables
 .text.cm_feed_rate_override_enable
                0x08002450       0x3c Core\Src\g2\canonical_machine.o
                0x08002450                cm_feed_rate_override_enable
 .text.cm_feed_rate_override_factor
                0x0800248c       0x18 Core\Src\g2\canonical_machine.o
                0x0800248c                cm_feed_rate_override_factor
 .text.cm_traverse_override_enable
                0x080024a4       0x3c Core\Src\g2\canonical_machine.o
                0x080024a4                cm_traverse_override_enable
 .text.cm_traverse_override_factor
                0x080024e0       0x18 Core\Src\g2\canonical_machine.o
                0x080024e0                cm_traverse_override_factor
 .text.cm_spindle_override_enable
                0x080024f8       0x3c Core\Src\g2\canonical_machine.o
                0x080024f8                cm_spindle_override_enable
 .text.cm_spindle_override_factor
                0x08002534       0x18 Core\Src\g2\canonical_machine.o
                0x08002534                cm_spindle_override_factor
 .text.cm_message
                0x0800254c        0xc Core\Src\g2\canonical_machine.o
                0x0800254c                cm_message
 .text.cm_request_feedhold
                0x08002558       0x10 Core\Src\g2\canonical_machine.o
                0x08002558                cm_request_feedhold
 .text.cm_request_queue_flush
                0x08002568       0x10 Core\Src\g2\canonical_machine.o
                0x08002568                cm_request_queue_flush
 .text.cm_request_cycle_start
                0x08002578       0x10 Core\Src\g2\canonical_machine.o
                0x08002578                cm_request_cycle_start
 .text.cm_queue_flush
                0x08002588       0x58 Core\Src\g2\canonical_machine.o
                0x08002588                cm_queue_flush
 .text.cm_cycle_start
                0x080025e0       0x20 Core\Src\g2\canonical_machine.o
                0x080025e0                cm_cycle_start
 .text.cm_straight_traverse
                0x08002600       0x48 Core\Src\g2\canonical_machine.o
                0x08002600                cm_straight_traverse
 .text.cm_goto_g28_position
                0x08002648       0x50 Core\Src\g2\canonical_machine.o
                0x08002648                cm_goto_g28_position
 .text.cm_goto_g30_position
                0x08002698       0x50 Core\Src\g2\canonical_machine.o
                0x08002698                cm_goto_g30_position
 .text.cm_straight_feed
                0x080026e8       0x74 Core\Src\g2\canonical_machine.o
                0x080026e8                cm_straight_feed
 .text.cm_feedhold_sequencing_callback
                0x0800275c       0x8c Core\Src\g2\canonical_machine.o
                0x0800275c                cm_feedhold_sequencing_callback
 .text.cm_cycle_end
                0x080027e8       0x30 Core\Src\g2\canonical_machine.o
                0x080027e8                cm_cycle_end
 .text.cm_optional_program_stop
                0x08002818       0x2c Core\Src\g2\canonical_machine.o
                0x08002818                cm_optional_program_stop
 .text.cm_program_stop
                0x08002844        0x4 Core\Src\g2\canonical_machine.o
                0x08002844                cm_program_stop
 .text.cm_program_end
                0x08002848       0x28 Core\Src\g2\canonical_machine.o
                0x08002848                cm_program_end
 .text.cm_get_axis_char
                0x08002870       0x30 Core\Src\g2\canonical_machine.o
                0x08002870                cm_get_axis_char
 .text._get_msg_helper
                0x080028a0       0x22 Core\Src\g2\canonical_machine.o
                0x080028a0                _get_msg_helper
 *fill*         0x080028c2        0x2 
 .text.cm_get_stat
                0x080028c4       0x1c Core\Src\g2\canonical_machine.o
                0x080028c4                cm_get_stat
 .text.cm_get_macs
                0x080028e0       0x14 Core\Src\g2\canonical_machine.o
                0x080028e0                cm_get_macs
 .text.cm_get_cycs
                0x080028f4       0x14 Core\Src\g2\canonical_machine.o
                0x080028f4                cm_get_cycs
 .text.cm_get_mots
                0x08002908       0x14 Core\Src\g2\canonical_machine.o
                0x08002908                cm_get_mots
 .text.cm_get_hold
                0x0800291c       0x14 Core\Src\g2\canonical_machine.o
                0x0800291c                cm_get_hold
 .text.cm_get_home
                0x08002930       0x14 Core\Src\g2\canonical_machine.o
                0x08002930                cm_get_home
 .text.cm_get_unit
                0x08002944       0x18 Core\Src\g2\canonical_machine.o
                0x08002944                cm_get_unit
 .text.cm_get_coor
                0x0800295c       0x18 Core\Src\g2\canonical_machine.o
                0x0800295c                cm_get_coor
 .text.cm_get_momo
                0x08002974       0x18 Core\Src\g2\canonical_machine.o
                0x08002974                cm_get_momo
 .text.cm_get_plan
                0x0800298c       0x18 Core\Src\g2\canonical_machine.o
                0x0800298c                cm_get_plan
 .text.cm_get_path
                0x080029a4       0x18 Core\Src\g2\canonical_machine.o
                0x080029a4                cm_get_path
 .text.cm_get_dist
                0x080029bc       0x18 Core\Src\g2\canonical_machine.o
                0x080029bc                cm_get_dist
 .text.cm_get_frmo
                0x080029d4       0x18 Core\Src\g2\canonical_machine.o
                0x080029d4                cm_get_frmo
 .text.cm_get_toolv
                0x080029ec       0x20 Core\Src\g2\canonical_machine.o
                0x080029ec                cm_get_toolv
 .text.cm_get_mline
                0x08002a0c       0x1c Core\Src\g2\canonical_machine.o
                0x08002a0c                cm_get_mline
 .text.cm_get_line
                0x08002a28       0x20 Core\Src\g2\canonical_machine.o
                0x08002a28                cm_get_line
 .text.cm_get_vel
                0x08002a48       0x64 Core\Src\g2\canonical_machine.o
                0x08002a48                cm_get_vel
 *fill*         0x08002aac        0x4 
 .text.cm_get_feed
                0x08002ab0       0x50 Core\Src\g2\canonical_machine.o
                0x08002ab0                cm_get_feed
 .text.cm_get_pos
                0x08002b00       0x38 Core\Src\g2\canonical_machine.o
                0x08002b00                cm_get_pos
 .text.cm_get_mpo
                0x08002b38       0x38 Core\Src\g2\canonical_machine.o
                0x08002b38                cm_get_mpo
 .text.cm_get_ofs
                0x08002b70       0x38 Core\Src\g2\canonical_machine.o
                0x08002b70                cm_get_ofs
 .text.cm_get_am
                0x08002ba8       0x20 Core\Src\g2\canonical_machine.o
                0x08002ba8                cm_get_am
 .text.cm_set_am
                0x08002bc8       0x30 Core\Src\g2\canonical_machine.o
                0x08002bc8                cm_set_am
 .text.cm_get_axis_jerk
                0x08002bf8       0x14 Core\Src\g2\canonical_machine.o
                0x08002bf8                cm_get_axis_jerk
 .text.cm_set_axis_jerk
                0x08002c0c       0x30 Core\Src\g2\canonical_machine.o
                0x08002c0c                cm_set_axis_jerk
 *fill*         0x08002c3c        0x4 
 .text.cm_set_jerk
                0x08002c40       0xb4 Core\Src\g2\canonical_machine.o
                0x08002c40                cm_set_jerk
 .text.cm_set_xjm
                0x08002cf4       0x38 Core\Src\g2\canonical_machine.o
                0x08002cf4                cm_set_xjm
 .text.cm_set_xjh
                0x08002d2c       0x28 Core\Src\g2\canonical_machine.o
                0x08002d2c                cm_set_xjh
 .text.cm_run_qf
                0x08002d54       0x10 Core\Src\g2\canonical_machine.o
                0x08002d54                cm_run_qf
 .text.cm_run_home
                0x08002d64       0x18 Core\Src\g2\canonical_machine.o
                0x08002d64                cm_run_home
 .text.cm_get_jogging_dest
                0x08002d7c        0xc Core\Src\g2\canonical_machine.o
                0x08002d7c                cm_get_jogging_dest
 .text.cm_run_jogx
                0x08002d88       0x10 Core\Src\g2\canonical_machine.o
                0x08002d88                cm_run_jogx
 .text.cm_run_jogy
                0x08002d98       0x10 Core\Src\g2\canonical_machine.o
                0x08002d98                cm_run_jogy
 .text.cm_run_jogz
                0x08002da8       0x10 Core\Src\g2\canonical_machine.o
                0x08002da8                cm_run_jogz
 .text.cm_run_joga
                0x08002db8       0x10 Core\Src\g2\canonical_machine.o
                0x08002db8                cm_run_joga
 .text.cm_print_vel
                0x08002dc8       0x24 Core\Src\g2\canonical_machine.o
                0x08002dc8                cm_print_vel
 .text.cm_print_feed
                0x08002dec       0x24 Core\Src\g2\canonical_machine.o
                0x08002dec                cm_print_feed
 .text.cm_print_line
                0x08002e10        0xc Core\Src\g2\canonical_machine.o
                0x08002e10                cm_print_line
 .text.cm_print_stat
                0x08002e1c        0xc Core\Src\g2\canonical_machine.o
                0x08002e1c                cm_print_stat
 .text.cm_print_macs
                0x08002e28        0xc Core\Src\g2\canonical_machine.o
                0x08002e28                cm_print_macs
 .text.cm_print_cycs
                0x08002e34        0xc Core\Src\g2\canonical_machine.o
                0x08002e34                cm_print_cycs
 .text.cm_print_mots
                0x08002e40        0xc Core\Src\g2\canonical_machine.o
                0x08002e40                cm_print_mots
 .text.cm_print_hold
                0x08002e4c        0xc Core\Src\g2\canonical_machine.o
                0x08002e4c                cm_print_hold
 .text.cm_print_home
                0x08002e58        0xc Core\Src\g2\canonical_machine.o
                0x08002e58                cm_print_home
 .text.cm_print_unit
                0x08002e64        0xc Core\Src\g2\canonical_machine.o
                0x08002e64                cm_print_unit
 .text.cm_print_coor
                0x08002e70        0xc Core\Src\g2\canonical_machine.o
                0x08002e70                cm_print_coor
 .text.cm_print_momo
                0x08002e7c        0xc Core\Src\g2\canonical_machine.o
                0x08002e7c                cm_print_momo
 .text.cm_print_plan
                0x08002e88        0xc Core\Src\g2\canonical_machine.o
                0x08002e88                cm_print_plan
 .text.cm_print_path
                0x08002e94        0xc Core\Src\g2\canonical_machine.o
                0x08002e94                cm_print_path
 .text.cm_print_dist
                0x08002ea0        0xc Core\Src\g2\canonical_machine.o
                0x08002ea0                cm_print_dist
 .text.cm_print_frmo
                0x08002eac        0xc Core\Src\g2\canonical_machine.o
                0x08002eac                cm_print_frmo
 .text.cm_print_tool
                0x08002eb8        0xc Core\Src\g2\canonical_machine.o
                0x08002eb8                cm_print_tool
 .text.cm_dam   0x08002ec4       0x78 Core\Src\g2\canonical_machine.o
                0x08002ec4                cm_dam
 .text.cm_print_gpl
                0x08002f3c        0xc Core\Src\g2\canonical_machine.o
                0x08002f3c                cm_print_gpl
 .text.cm_print_gun
                0x08002f48        0xc Core\Src\g2\canonical_machine.o
                0x08002f48                cm_print_gun
 .text.cm_print_gco
                0x08002f54        0xc Core\Src\g2\canonical_machine.o
                0x08002f54                cm_print_gco
 .text.cm_print_gpa
                0x08002f60        0xc Core\Src\g2\canonical_machine.o
                0x08002f60                cm_print_gpa
 .text.cm_print_gdi
                0x08002f6c        0xc Core\Src\g2\canonical_machine.o
                0x08002f6c                cm_print_gdi
 .text.cm_print_ja
                0x08002f78       0x24 Core\Src\g2\canonical_machine.o
                0x08002f78                cm_print_ja
 .text.cm_print_ct
                0x08002f9c       0x24 Core\Src\g2\canonical_machine.o
                0x08002f9c                cm_print_ct
 .text.cm_print_sl
                0x08002fc0        0xc Core\Src\g2\canonical_machine.o
                0x08002fc0                cm_print_sl
 .text.cm_print_ma
                0x08002fcc       0x24 Core\Src\g2\canonical_machine.o
                0x08002fcc                cm_print_ma
 .text.cm_print_am
                0x08002ff0       0x40 Core\Src\g2\canonical_machine.o
                0x08002ff0                cm_print_am
 .text.cm_print_fr
                0x08003030        0xc Core\Src\g2\canonical_machine.o
                0x08003030                cm_print_fr
 .text.cm_print_vm
                0x0800303c        0xc Core\Src\g2\canonical_machine.o
                0x0800303c                cm_print_vm
 .text.cm_print_tm
                0x08003048        0xc Core\Src\g2\canonical_machine.o
                0x08003048                cm_print_tm
 .text.cm_print_tn
                0x08003054        0xc Core\Src\g2\canonical_machine.o
                0x08003054                cm_print_tn
 .text.cm_print_jm
                0x08003060        0xc Core\Src\g2\canonical_machine.o
                0x08003060                cm_print_jm
 .text.cm_print_jh
                0x0800306c        0xc Core\Src\g2\canonical_machine.o
                0x0800306c                cm_print_jh
 .text.cm_print_jd
                0x08003078        0xc Core\Src\g2\canonical_machine.o
                0x08003078                cm_print_jd
 .text.cm_print_ra
                0x08003084        0xc Core\Src\g2\canonical_machine.o
                0x08003084                cm_print_ra
 .text.cm_print_sn
                0x08003090        0xc Core\Src\g2\canonical_machine.o
                0x08003090                cm_print_sn
 .text.cm_print_sx
                0x0800309c        0xc Core\Src\g2\canonical_machine.o
                0x0800309c                cm_print_sx
 .text.cm_print_sv
                0x080030a8        0xc Core\Src\g2\canonical_machine.o
                0x080030a8                cm_print_sv
 .text.cm_print_lv
                0x080030b4        0xc Core\Src\g2\canonical_machine.o
                0x080030b4                cm_print_lv
 .text.cm_print_lb
                0x080030c0        0xc Core\Src\g2\canonical_machine.o
                0x080030c0                cm_print_lb
 .text.cm_print_zb
                0x080030cc        0xc Core\Src\g2\canonical_machine.o
                0x080030cc                cm_print_zb
 .text.cm_print_cofs
                0x080030d8        0xc Core\Src\g2\canonical_machine.o
                0x080030d8                cm_print_cofs
 .text.cm_print_cpos
                0x080030e4        0xc Core\Src\g2\canonical_machine.o
                0x080030e4                cm_print_cpos
 .text.cm_print_pos
                0x080030f0       0x14 Core\Src\g2\canonical_machine.o
                0x080030f0                cm_print_pos
 .text.cm_print_mpo
                0x08003104        0xc Core\Src\g2\canonical_machine.o
                0x08003104                cm_print_mpo
 .text.cm_print_ofs
                0x08003110        0xc Core\Src\g2\canonical_machine.o
                0x08003110                cm_print_ofs
 .text.nv_set   0x0800311c       0x28 Core\Src\g2\config.o
                0x0800311c                nv_set
 .text.nv_get   0x08003144       0x28 Core\Src\g2\config.o
                0x08003144                nv_get
 .text.nv_print
                0x0800316c       0x28 Core\Src\g2\config.o
                0x0800316c                nv_print
 .text.nv_persist
                0x08003194       0x30 Core\Src\g2\config.o
                0x08003194                nv_persist
 .text._set_defa
                0x080031c4       0x5c Core\Src\g2\config.o
 .text.config_init_assertions
                0x08003220       0x2c Core\Src\g2\config.o
                0x08003220                config_init_assertions
 .text.config_test_assertions
                0x0800324c       0x58 Core\Src\g2\config.o
                0x0800324c                config_test_assertions
 .text.get_nul  0x080032a4        0x8 Core\Src\g2\config.o
                0x080032a4                get_nul
 .text.get_ui8  0x080032ac       0x24 Core\Src\g2\config.o
                0x080032ac                get_ui8
 .text.get_int  0x080032d0       0x24 Core\Src\g2\config.o
                0x080032d0                get_int
 .text.get_data
                0x080032f4       0x1c Core\Src\g2\config.o
                0x080032f4                get_data
 .text.get_flt  0x08003310       0x20 Core\Src\g2\config.o
                0x08003310                get_flt
 .text.set_nul  0x08003330        0x4 Core\Src\g2\config.o
                0x08003330                set_nul
 .text.set_ui8  0x08003334       0x24 Core\Src\g2\config.o
                0x08003334                set_ui8
 .text.set_01   0x08003358       0x1e Core\Src\g2\config.o
                0x08003358                set_01
 .text.set_012  0x08003376       0x1e Core\Src\g2\config.o
                0x08003376                set_012
 .text.set_0123
                0x08003394       0x1e Core\Src\g2\config.o
                0x08003394                set_0123
 *fill*         0x080033b2        0x2 
 .text.set_int  0x080033b4       0x24 Core\Src\g2\config.o
                0x080033b4                set_int
 .text.set_data
                0x080033d8       0x1c Core\Src\g2\config.o
                0x080033d8                set_data
 .text.set_flt  0x080033f4       0x20 Core\Src\g2\config.o
                0x080033f4                set_flt
 .text.set_grp  0x08003414       0x44 Core\Src\g2\config.o
                0x08003414                set_grp
 .text.nv_group_is_prefixed
                0x08003458       0x28 Core\Src\g2\config.o
                0x08003458                nv_group_is_prefixed
 .text.nv_get_index
                0x08003480       0xa8 Core\Src\g2\config.o
                0x08003480                nv_get_index
 .text.nv_get_type
                0x08003528       0x78 Core\Src\g2\config.o
                0x08003528                nv_get_type
 .text.nv_reset_nv
                0x080035a0       0x2e Core\Src\g2\config.o
                0x080035a0                nv_reset_nv
 *fill*         0x080035ce        0x2 
 .text.nv_get_nvObj
                0x080035d0       0x70 Core\Src\g2\config.o
                0x080035d0                nv_get_nvObj
 .text.get_grp  0x08003640       0x50 Core\Src\g2\config.o
                0x08003640                get_grp
 .text.nv_reset_nv_list
                0x08003690       0x68 Core\Src\g2\config.o
                0x08003690                nv_reset_nv_list
 .text.config_init
                0x080036f8       0x84 Core\Src\g2\config.o
                0x080036f8                config_init
 .text.nv_copy_string
                0x0800377c       0x40 Core\Src\g2\config.o
                0x0800377c                nv_copy_string
 .text.nv_add_object
                0x080037bc       0x44 Core\Src\g2\config.o
                0x080037bc                nv_add_object
 .text.nv_add_string
                0x08003800       0x58 Core\Src\g2\config.o
                0x08003800                nv_add_string
 .text.nv_add_conditional_message
                0x08003858       0x28 Core\Src\g2\config.o
                0x08003858                nv_add_conditional_message
 .text.nv_print_list
                0x08003880       0x18 Core\Src\g2\config.o
                0x08003880                nv_print_list
 .text.get_rx   0x08003898       0x10 Core\Src\g2\config_app.o
 .text.set_flu  0x080038a8       0x50 Core\Src\g2\config_app.o
                0x080038a8                set_flu
 .text._do_group_list.isra.0
                0x080038f8       0x58 Core\Src\g2\config_app.o
 .text._do_offsets
                0x08003950       0x30 Core\Src\g2\config_app.o
 .text._do_axes
                0x08003980       0x30 Core\Src\g2\config_app.o
 .text._do_motors
                0x080039b0       0x34 Core\Src\g2\config_app.o
 .text._do_all  0x080039e4       0x58 Core\Src\g2\config_app.o
 .text.nv_index_max
                0x08003a3c        0x6 Core\Src\g2\config_app.o
                0x08003a3c                nv_index_max
 .text.nv_index_is_single
                0x08003a42        0xc Core\Src\g2\config_app.o
                0x08003a42                nv_index_is_single
 .text.nv_index_is_group
                0x08003a4e       0x10 Core\Src\g2\config_app.o
                0x08003a4e                nv_index_is_group
 .text.nv_index_lt_groups
                0x08003a5e        0xc Core\Src\g2\config_app.o
                0x08003a5e                nv_index_lt_groups
 *fill*         0x08003a6a        0x6 
 .text.preprocess_float
                0x08003a70       0x84 Core\Src\g2\config_app.o
                0x08003a70                preprocess_float
 .text.controller_init_assertions
                0x08003af4       0x14 Core\Src\g2\controller.o
                0x08003af4                controller_init_assertions
 .text.controller_init
                0x08003b08       0x34 Core\Src\g2\controller.o
                0x08003b08                controller_init
 .text.controller_test_assertions
                0x08003b3c       0x24 Core\Src\g2\controller.o
                0x08003b3c                controller_test_assertions
 .text.controller_run
                0x08003b60      0x208 Core\Src\g2\controller.o
                0x08003b60                controller_run
 .text._homing_axis_set_zero
                0x08003d68       0x50 Core\Src\g2\cycle_homing.o
 .text._homing_axis_move
                0x08003db8       0x60 Core\Src\g2\cycle_homing.o
 .text._homing_axis_clear
                0x08003e18       0x44 Core\Src\g2\cycle_homing.o
 .text._homing_axis_search
                0x08003e5c       0x38 Core\Src\g2\cycle_homing.o
 .text._homing_axis_zero_backoff
                0x08003e94       0x1c Core\Src\g2\cycle_homing.o
 .text._homing_finalize_exit
                0x08003eb0       0x50 Core\Src\g2\cycle_homing.o
 .text._homing_abort
                0x08003f00       0x24 Core\Src\g2\cycle_homing.o
 .text._homing_axis_latch
                0x08003f24       0x38 Core\Src\g2\cycle_homing.o
 .text._homing_error_exit.isra.1
                0x08003f5c       0x48 Core\Src\g2\cycle_homing.o
 .text._homing_axis_start
                0x08003fa4      0x1e0 Core\Src\g2\cycle_homing.o
 .text.cm_homing_cycle_start
                0x08004184       0x80 Core\Src\g2\cycle_homing.o
                0x08004184                cm_homing_cycle_start
 .text.cm_homing_cycle_start_no_set
                0x08004204       0x14 Core\Src\g2\cycle_homing.o
                0x08004204                cm_homing_cycle_start_no_set
 .text.cm_homing_callback
                0x08004218       0x34 Core\Src\g2\cycle_homing.o
                0x08004218                cm_homing_callback
 .text._jogging_axis_start
                0x0800424c       0x14 Core\Src\g2\cycle_jogging.o
 .text._jogging_axis_jog
                0x08004260      0x188 Core\Src\g2\cycle_jogging.o
 .text._jogging_finalize_exit
                0x080043e8       0x5c Core\Src\g2\cycle_jogging.o
 .text.cm_jogging_cycle_start
                0x08004444       0xa0 Core\Src\g2\cycle_jogging.o
                0x08004444                cm_jogging_cycle_start
 .text.cm_jogging_callback
                0x080044e4       0x34 Core\Src\g2\cycle_jogging.o
                0x080044e4                cm_jogging_callback
 .text._probing_start
                0x08004518       0x3c Core\Src\g2\cycle_probing.o
 .text._probing_finish
                0x08004554       0x68 Core\Src\g2\cycle_probing.o
 .text._probe_restore_settings
                0x080045bc       0x64 Core\Src\g2\cycle_probing.o
 .text._probing_finalize_exit
                0x08004620        0xa Core\Src\g2\cycle_probing.o
 *fill*         0x0800462a        0x2 
 .text._probing_error_exit
                0x0800462c       0x44 Core\Src\g2\cycle_probing.o
 .text._probing_init
                0x08004670      0x118 Core\Src\g2\cycle_probing.o
 .text.cm_straight_probe
                0x08004788       0xbc Core\Src\g2\cycle_probing.o
                0x08004788                cm_straight_probe
 .text.cm_probe_callback
                0x08004844       0x38 Core\Src\g2\cycle_probing.o
                0x08004844                cm_probe_callback
 .text.encoder_init_assertions
                0x0800487c       0x10 Core\Src\g2\encoder.o
                0x0800487c                encoder_init_assertions
 .text.encoder_init
                0x0800488c       0x18 Core\Src\g2\encoder.o
                0x0800488c                encoder_init
 .text.encoder_test_assertions
                0x080048a4       0x20 Core\Src\g2\encoder.o
                0x080048a4                encoder_test_assertions
 .text.en_set_encoder_steps
                0x080048c4       0x20 Core\Src\g2\encoder.o
                0x080048c4                en_set_encoder_steps
 .text.en_read_encoder
                0x080048e4       0x14 Core\Src\g2\encoder.o
                0x080048e4                en_read_encoder
 .text._point   0x080048f8       0x48 Core\Src\g2\gcode_parser.o
 .text.gc_gcode_parser
                0x08004940      0xa5c Core\Src\g2\gcode_parser.o
                0x08004940                gc_gcode_parser
 .text.gc_get_gc
                0x0800539c       0x20 Core\Src\g2\gcode_parser.o
                0x0800539c                gc_get_gc
 .text.gc_run_gc
                0x080053bc        0x6 Core\Src\g2\gcode_parser.o
                0x080053bc                gc_run_gc
 .text.gpio_set_bit_on
                0x080053c2        0x2 Core\Src\g2\gpio.o
                0x080053c2                gpio_set_bit_on
 .text.gpio_set_bit_off
                0x080053c4        0x2 Core\Src\g2\gpio.o
                0x080053c4                gpio_set_bit_off
 *fill*         0x080053c6        0x2 
 .text.hw_request_hard_reset
                0x080053c8       0x10 Core\Src\g2\hardware.o
                0x080053c8                hw_request_hard_reset
 .text.hw_get_id
                0x080053d8       0x50 Core\Src\g2\hardware.o
                0x080053d8                hw_get_id
 .text.hw_set_hv
                0x08005428       0x24 Core\Src\g2\hardware.o
                0x08005428                hw_set_hv
 .text.hw_print_fb
                0x0800544c        0xc Core\Src\g2\hardware.o
                0x0800544c                hw_print_fb
 .text.hw_print_fv
                0x08005458        0xc Core\Src\g2\hardware.o
                0x08005458                hw_print_fv
 .text.hw_print_hp
                0x08005464        0xc Core\Src\g2\hardware.o
                0x08005464                hw_print_hp
 .text.hw_print_hv
                0x08005470        0xc Core\Src\g2\hardware.o
                0x08005470                hw_print_hv
 .text.hw_print_id
                0x0800547c        0xc Core\Src\g2\hardware.o
                0x0800547c                hw_print_id
 .text.json_parser
                0x08005488      0x324 Core\Src\g2\json_parser.o
                0x08005488                json_parser
 .text.json_serialize
                0x080057ac      0x1b0 Core\Src\g2\json_parser.o
                0x080057ac                json_serialize
 .text.json_print_object
                0x0800595c       0x28 Core\Src\g2\json_parser.o
                0x0800595c                json_print_object
 .text.json_print_response
                0x08005984      0x170 Core\Src\g2\json_parser.o
                0x08005984                json_print_response
 .text.json_print_list
                0x08005af4       0x18 Core\Src\g2\json_parser.o
                0x08005af4                json_print_list
 .text.json_set_jv
                0x08005b0c       0x84 Core\Src\g2\json_parser.o
                0x08005b0c                json_set_jv
 .text.js_print_ej
                0x08005b90        0xc Core\Src\g2\json_parser.o
                0x08005b90                js_print_ej
 .text.js_print_jv
                0x08005b9c        0xc Core\Src\g2\json_parser.o
                0x08005b9c                js_print_jv
 .text.js_print_js
                0x08005ba8        0xc Core\Src\g2\json_parser.o
                0x08005ba8                js_print_js
 .text.ik_kinematics
                0x08005bb4       0xac Core\Src\g2\kinematics.o
                0x08005bb4                ik_kinematics
 .text.get_status_message
                0x08005c60        0xc Core\Src\g2\main.o
                0x08005c60                get_status_message
 .text.read_persistent_value
                0x08005c6c        0x8 Core\Src\g2\persistence.o
                0x08005c6c                read_persistent_value
 .text.write_persistent_value
                0x08005c74       0x14 Core\Src\g2\persistence.o
                0x08005c74                write_persistent_value
 .text.cm_arc_init
                0x08005c88       0x14 Core\Src\g2\plan_arc.o
                0x08005c88                cm_arc_init
 *fill*         0x08005c9c        0x4 
 .text.cm_arc_feed
                0x08005ca0      0x8b0 Core\Src\g2\plan_arc.o
                0x08005ca0                cm_arc_feed
 .text.cm_arc_callback
                0x08006550      0x118 Core\Src\g2\plan_arc.o
                0x08006550                cm_arc_callback
 .text.cm_abort_arc
                0x08006668        0xc Core\Src\g2\plan_arc.o
                0x08006668                cm_abort_arc
 .text._exec_aline_segment
                0x08006674      0x120 Core\Src\g2\plan_exec.o
 .text._exec_aline_tail
                0x08006794      0x1b0 Core\Src\g2\plan_exec.o
 .text._exec_aline_body
                0x08006944       0xd4 Core\Src\g2\plan_exec.o
 .text.mp_exec_move
                0x08006a18       0x40 Core\Src\g2\plan_exec.o
                0x08006a18                mp_exec_move
 .text.mp_exec_aline
                0x08006a58      0x3a8 Core\Src\g2\plan_exec.o
                0x08006a58                mp_exec_aline
 .text._plan_block_list
                0x08006e00       0xf4 Core\Src\g2\plan_line.o
 .text._reset_replannable_list
                0x08006ef4       0x1c Core\Src\g2\plan_line.o
 .text.mp_zero_segment_velocity
                0x08006f10       0x10 Core\Src\g2\plan_line.o
                0x08006f10                mp_zero_segment_velocity
 .text.mp_get_runtime_velocity
                0x08006f20        0xc Core\Src\g2\plan_line.o
                0x08006f20                mp_get_runtime_velocity
 .text.mp_get_runtime_absolute_position
                0x08006f2c       0x10 Core\Src\g2\plan_line.o
                0x08006f2c                mp_get_runtime_absolute_position
 .text.mp_set_runtime_work_offset
                0x08006f3c       0x20 Core\Src\g2\plan_line.o
                0x08006f3c                mp_set_runtime_work_offset
 .text.mp_get_runtime_work_position
                0x08006f5c       0x20 Core\Src\g2\plan_line.o
                0x08006f5c                mp_get_runtime_work_position
 .text.mp_get_runtime_busy
                0x08006f7c       0x1c Core\Src\g2\plan_line.o
                0x08006f7c                mp_get_runtime_busy
 .text.mp_aline
                0x08006f98      0x648 Core\Src\g2\plan_line.o
                0x08006f98                mp_aline
 .text.mp_plan_hold_callback
                0x080075e0      0x174 Core\Src\g2\plan_line.o
                0x080075e0                mp_plan_hold_callback
 .text.mp_end_hold
                0x08007754       0x34 Core\Src\g2\plan_line.o
                0x08007754                mp_end_hold
 .text.mp_get_target_length
                0x08007788       0x38 Core\Src\g2\plan_zoid.o
                0x08007788                mp_get_target_length
 .text.mp_get_target_velocity
                0x080077c0       0x50 Core\Src\g2\plan_zoid.o
                0x080077c0                mp_get_target_velocity
 .text.mp_calculate_trapezoid
                0x08007810      0x458 Core\Src\g2\plan_zoid.o
                0x08007810                mp_calculate_trapezoid
 .text._exec_command
                0x08007c68        0xa Core\Src\g2\planner.o
 *fill*         0x08007c72        0x2 
 .text.planner_init_assertions
                0x08007c74       0x1c Core\Src\g2\planner.o
                0x08007c74                planner_init_assertions
 .text.planner_test_assertions
                0x08007c90       0x4c Core\Src\g2\planner.o
                0x08007c90                planner_test_assertions
 .text.mp_set_planner_position
                0x08007cdc       0x10 Core\Src\g2\planner.o
                0x08007cdc                mp_set_planner_position
 .text.mp_set_runtime_position
                0x08007cec       0x10 Core\Src\g2\planner.o
                0x08007cec                mp_set_runtime_position
 .text.mp_set_steps_to_runtime_position
                0x08007cfc       0x4c Core\Src\g2\planner.o
                0x08007cfc                mp_set_steps_to_runtime_position
 .text.mp_get_planner_buffers_available
                0x08007d48        0xc Core\Src\g2\planner.o
                0x08007d48                mp_get_planner_buffers_available
 .text.mp_init_buffers
                0x08007d54       0x58 Core\Src\g2\planner.o
                0x08007d54                mp_init_buffers
 .text.planner_init
                0x08007dac       0x2c Core\Src\g2\planner.o
                0x08007dac                planner_init
 .text.mp_flush_planner
                0x08007dd8       0x14 Core\Src\g2\planner.o
                0x08007dd8                mp_flush_planner
 .text.mp_get_write_buffer
                0x08007dec       0x38 Core\Src\g2\planner.o
                0x08007dec                mp_get_write_buffer
 .text.mp_commit_write_buffer
                0x08007e24       0x24 Core\Src\g2\planner.o
                0x08007e24                mp_commit_write_buffer
 .text.mp_queue_command
                0x08007e48       0x4c Core\Src\g2\planner.o
                0x08007e48                mp_queue_command
 .text.mp_dwell
                0x08007e94       0x30 Core\Src\g2\planner.o
                0x08007e94                mp_dwell
 .text.mp_get_run_buffer
                0x08007ec4       0x20 Core\Src\g2\planner.o
                0x08007ec4                mp_get_run_buffer
 .text.mp_get_first_buffer
                0x08007ee4        0x4 Core\Src\g2\planner.o
                0x08007ee4                mp_get_first_buffer
 .text.mp_get_last_buffer
                0x08007ee8       0x1c Core\Src\g2\planner.o
                0x08007ee8                mp_get_last_buffer
 .text.mp_clear_buffer
                0x08007f04       0x16 Core\Src\g2\planner.o
                0x08007f04                mp_clear_buffer
 *fill*         0x08007f1a        0x2 
 .text.mp_free_run_buffer
                0x08007f1c       0x38 Core\Src\g2\planner.o
                0x08007f1c                mp_free_run_buffer
 .text.mp_runtime_command
                0x08007f54       0x1a Core\Src\g2\planner.o
                0x08007f54                mp_runtime_command
 *fill*         0x08007f6e        0x2 
 .text._exec_dwell
                0x08007f70       0x2c Core\Src\g2\planner.o
 .text.mp_copy_buffer
                0x08007f9c       0x12 Core\Src\g2\planner.o
                0x08007f9c                mp_copy_buffer
 *fill*         0x08007fae        0x2 
 .text.pwm_set_freq
                0x08007fb0       0x30 Core\Src\g2\pwm.o
                0x08007fb0                pwm_set_freq
 .text.pwm_set_duty
                0x08007fe0       0x26 Core\Src\g2\pwm.o
                0x08007fe0                pwm_set_duty
 *fill*         0x08008006        0x2 
 .text.pwm_print_p1frq
                0x08008008        0xc Core\Src\g2\pwm.o
                0x08008008                pwm_print_p1frq
 .text.pwm_print_p1csl
                0x08008014        0xc Core\Src\g2\pwm.o
                0x08008014                pwm_print_p1csl
 .text.pwm_print_p1csh
                0x08008020        0xc Core\Src\g2\pwm.o
                0x08008020                pwm_print_p1csh
 .text.pwm_print_p1cpl
                0x0800802c        0xc Core\Src\g2\pwm.o
                0x0800802c                pwm_print_p1cpl
 .text.pwm_print_p1cph
                0x08008038        0xc Core\Src\g2\pwm.o
                0x08008038                pwm_print_p1cph
 .text.pwm_print_p1wsl
                0x08008044        0xc Core\Src\g2\pwm.o
                0x08008044                pwm_print_p1wsl
 .text.pwm_print_p1wsh
                0x08008050        0xc Core\Src\g2\pwm.o
                0x08008050                pwm_print_p1wsh
 .text.pwm_print_p1wpl
                0x0800805c        0xc Core\Src\g2\pwm.o
                0x0800805c                pwm_print_p1wpl
 .text.pwm_print_p1wph
                0x08008068        0xc Core\Src\g2\pwm.o
                0x08008068                pwm_print_p1wph
 .text.pwm_print_p1pof
                0x08008074        0xc Core\Src\g2\pwm.o
                0x08008074                pwm_print_p1pof
 .text._populate_unfiltered_status_report
                0x08008080       0x88 Core\Src\g2\report.o
 .text.rpt_exception
                0x08008108       0x4c Core\Src\g2\report.o
                0x08008108                rpt_exception
 .text.rpt_er   0x08008154        0x6 Core\Src\g2\report.o
                0x08008154                rpt_er
 *fill*         0x0800815a        0x2 
 .text._startup_helper
                0x0800815c       0x64 Core\Src\g2\report.o
                0x0800815c                _startup_helper
 .text.rpt_print_initializing_message
                0x080081c0        0xc Core\Src\g2\report.o
                0x080081c0                rpt_print_initializing_message
 .text.rpt_print_loading_configs_message
                0x080081cc        0xc Core\Src\g2\report.o
                0x080081cc                rpt_print_loading_configs_message
 .text.rpt_print_system_ready_message
                0x080081d8       0x28 Core\Src\g2\report.o
                0x080081d8                rpt_print_system_ready_message
 .text._is_stat
                0x08008200       0x20 Core\Src\g2\report.o
                0x08008200                _is_stat
 .text.sr_init_status_report
                0x08008220      0x170 Core\Src\g2\report.o
                0x08008220                sr_init_status_report
 .text.sr_set_status_report
                0x08008390       0xa4 Core\Src\g2\report.o
                0x08008390                sr_set_status_report
 .text.sr_request_status_report
                0x08008434       0x30 Core\Src\g2\report.o
                0x08008434                sr_request_status_report
 .text.sr_status_report_callback
                0x08008464       0xe0 Core\Src\g2\report.o
                0x08008464                sr_status_report_callback
 .text.sr_run_text_status_report
                0x08008544       0x14 Core\Src\g2\report.o
                0x08008544                sr_run_text_status_report
 .text.sr_get   0x08008558        0x4 Core\Src\g2\report.o
                0x08008558                sr_get
 .text.sr_set   0x0800855c        0x4 Core\Src\g2\report.o
                0x0800855c                sr_set
 .text.sr_set_si
                0x08008560       0x28 Core\Src\g2\report.o
                0x08008560                sr_set_si
 .text.sr_print_sr
                0x08008588        0x4 Core\Src\g2\report.o
                0x08008588                sr_print_sr
 .text.sr_print_si
                0x0800858c        0xc Core\Src\g2\report.o
                0x0800858c                sr_print_si
 .text.sr_print_sv
                0x08008598        0xc Core\Src\g2\report.o
                0x08008598                sr_print_sv
 .text.qr_init_queue_report
                0x080085a4       0x18 Core\Src\g2\report.o
                0x080085a4                qr_init_queue_report
 .text.qr_request_queue_report
                0x080085bc       0x54 Core\Src\g2\report.o
                0x080085bc                qr_request_queue_report
 .text.qr_queue_report_callback
                0x08008610       0xa8 Core\Src\g2\report.o
                0x08008610                qr_queue_report_callback
 .text.rx_request_rx_report
                0x080086b8       0x10 Core\Src\g2\report.o
                0x080086b8                rx_request_rx_report
 .text.rx_report_callback
                0x080086c8       0x30 Core\Src\g2\report.o
                0x080086c8                rx_report_callback
 .text.qr_get   0x080086f8       0x16 Core\Src\g2\report.o
                0x080086f8                qr_get
 *fill*         0x0800870e        0x2 
 .text.qi_get   0x08008710       0x1c Core\Src\g2\report.o
                0x08008710                qi_get
 .text.qo_get   0x0800872c       0x1c Core\Src\g2\report.o
                0x0800872c                qo_get
 .text.qr_print_qr
                0x08008748        0xc Core\Src\g2\report.o
                0x08008748                qr_print_qr
 .text.qr_print_qi
                0x08008754        0xc Core\Src\g2\report.o
                0x08008754                qr_print_qi
 .text.qr_print_qo
                0x08008760        0xc Core\Src\g2\report.o
                0x08008760                qr_print_qo
 .text.qr_print_qv
                0x0800876c        0xc Core\Src\g2\report.o
                0x0800876c                qr_print_qv
 .text.cm_spindle_init
                0x08008778       0x2c Core\Src\g2\spindle.o
                0x08008778                cm_spindle_init
 .text.cm_get_spindle_pwm
                0x080087a4       0xa0 Core\Src\g2\spindle.o
                0x080087a4                cm_get_spindle_pwm
 .text._exec_spindle_control
                0x08008844       0x4c Core\Src\g2\spindle.o
 .text._exec_spindle_speed
                0x08008890       0x24 Core\Src\g2\spindle.o
 .text.cm_spindle_control
                0x080088b4       0x2c Core\Src\g2\spindle.o
                0x080088b4                cm_spindle_control
 .text.cm_set_spindle_speed
                0x080088e0       0x28 Core\Src\g2\spindle.o
                0x080088e0                cm_set_spindle_speed
 .text._energize_motor
                0x08008908       0x28 Core\Src\g2\stepper.o
 .text._print_motor_ui8
                0x08008930       0x30 Core\Src\g2\stepper.o
 .text._print_motor_flt_units
                0x08008960       0x40 Core\Src\g2\stepper.o
 .text.TIM2_IRQHandler
                0x080089a0        0xc Core\Src\g2\stepper.o
                0x080089a0                TIM2_IRQHandler
 .text.TIM3_IRQHandler
                0x080089ac        0xc Core\Src\g2\stepper.o
                0x080089ac                TIM3_IRQHandler
 .text.TIM4_IRQHandler
                0x080089b8        0xc Core\Src\g2\stepper.o
                0x080089b8                TIM4_IRQHandler
 .text.TIM5_IRQHandler
                0x080089c4        0xc Core\Src\g2\stepper.o
                0x080089c4                TIM5_IRQHandler
 .text.stepper_timers_init
                0x080089d0      0x198 Core\Src\g2\stepper.o
                0x080089d0                stepper_timers_init
 .text.stepper_init_assertions
                0x08008b68       0x20 Core\Src\g2\stepper.o
                0x08008b68                stepper_init_assertions
 .text.stepper_test_assertions
                0x08008b88       0x38 Core\Src\g2\stepper.o
                0x08008b88                stepper_test_assertions
 .text.st_runtime_isbusy
                0x08008bc0       0x10 Core\Src\g2\stepper.o
                0x08008bc0                st_runtime_isbusy
 .text.st_reset
                0x08008bd0       0x38 Core\Src\g2\stepper.o
                0x08008bd0                st_reset
 .text.stepper_init
                0x08008c08       0x28 Core\Src\g2\stepper.o
                0x08008c08                stepper_init
 .text._set_motor_steps_per_unit
                0x08008c30       0x44 Core\Src\g2\stepper.o
 .text.st_energize_motors
                0x08008c74       0x24 Core\Src\g2\stepper.o
                0x08008c74                st_energize_motors
 .text.st_deenergize_motors
                0x08008c98       0x18 Core\Src\g2\stepper.o
                0x08008c98                st_deenergize_motors
 .text.st_request_exec_move
                0x08008cb0       0x28 Core\Src\g2\stepper.o
                0x08008cb0                st_request_exec_move
 .text._request_load_move
                0x08008cd8       0x34 Core\Src\g2\stepper.o
                0x08008cd8                _request_load_move
 .text.IRQ_TIMER_EXEC
                0x08008d0c       0x34 Core\Src\g2\stepper.o
                0x08008d0c                IRQ_TIMER_EXEC
 .text._load_move
                0x08008d40      0x234 Core\Src\g2\stepper.o
                0x08008d40                _load_move
 .text.IRQ_TIMER_DDA
                0x08008f74       0xc0 Core\Src\g2\stepper.o
                0x08008f74                IRQ_TIMER_DDA
 .text.IRQ_TIMER_DWELL
                0x08009034       0x24 Core\Src\g2\stepper.o
                0x08009034                IRQ_TIMER_DWELL
 .text.IRQ_TIMER_LOAD
                0x08009058       0x18 Core\Src\g2\stepper.o
                0x08009058                IRQ_TIMER_LOAD
 .text.st_prep_line
                0x08009070      0x1e8 Core\Src\g2\stepper.o
                0x08009070                st_prep_line
 .text.st_prep_null
                0x08009258       0x10 Core\Src\g2\stepper.o
                0x08009258                st_prep_null
 .text.st_prep_command
                0x08009268       0x14 Core\Src\g2\stepper.o
                0x08009268                st_prep_command
 .text.st_prep_dwell
                0x0800927c       0x44 Core\Src\g2\stepper.o
                0x0800927c                st_prep_dwell
 .text.st_set_sa
                0x080092c0       0x12 Core\Src\g2\stepper.o
                0x080092c0                st_set_sa
 .text.st_set_tr
                0x080092d2       0x12 Core\Src\g2\stepper.o
                0x080092d2                st_set_tr
 .text.st_set_mi
                0x080092e4       0x34 Core\Src\g2\stepper.o
                0x080092e4                st_set_mi
 .text.st_set_pm
                0x08009318       0x1e Core\Src\g2\stepper.o
                0x08009318                st_set_pm
 .text.st_get_pwr
                0x08009336        0xc Core\Src\g2\stepper.o
                0x08009336                st_get_pwr
 *fill*         0x08009342        0x2 
 .text.st_set_mt
                0x08009344       0x34 Core\Src\g2\stepper.o
                0x08009344                st_set_mt
 .text.st_set_md
                0x08009378       0x3c Core\Src\g2\stepper.o
                0x08009378                st_set_md
 .text.st_set_me
                0x080093b4       0x2e Core\Src\g2\stepper.o
                0x080093b4                st_set_me
 *fill*         0x080093e2        0x2 
 .text.st_print_mt
                0x080093e4        0xc Core\Src\g2\stepper.o
                0x080093e4                st_print_mt
 .text.st_print_ma
                0x080093f0        0xc Core\Src\g2\stepper.o
                0x080093f0                st_print_ma
 .text.st_print_sa
                0x080093fc        0xc Core\Src\g2\stepper.o
                0x080093fc                st_print_sa
 .text.st_print_tr
                0x08009408       0x20 Core\Src\g2\stepper.o
                0x08009408                st_print_tr
 .text.st_print_mi
                0x08009428        0xc Core\Src\g2\stepper.o
                0x08009428                st_print_mi
 .text.st_print_po
                0x08009434        0xc Core\Src\g2\stepper.o
                0x08009434                st_print_po
 .text.st_print_pm
                0x08009440        0xc Core\Src\g2\stepper.o
                0x08009440                st_print_pm
 .text.st_print_pwr
                0x0800944c       0x28 Core\Src\g2\stepper.o
                0x0800944c                st_print_pwr
 .text.switch_init
                0x08009474        0x2 Core\Src\g2\switch.o
                0x08009474                switch_init
 *fill*         0x08009476        0x2 
 .text.get_switch_mode
                0x08009478        0xc Core\Src\g2\switch.o
                0x08009478                get_switch_mode
 .text.get_limit_switch_thrown
                0x08009484        0xc Core\Src\g2\switch.o
                0x08009484                get_limit_switch_thrown
 .text.sw_set_st
                0x08009490        0xa Core\Src\g2\switch.o
                0x08009490                sw_set_st
 *fill*         0x0800949a        0x2 
 .text.sw_set_sw
                0x0800949c       0x24 Core\Src\g2\switch.o
                0x0800949c                sw_set_sw
 .text.sw_print_st
                0x080094c0        0xc Core\Src\g2\switch.o
                0x080094c0                sw_print_st
 .text.text_parser
                0x080094cc      0x184 Core\Src\g2\text_parser.o
                0x080094cc                text_parser
 .text.text_response
                0x08009650       0xb0 Core\Src\g2\text_parser.o
                0x08009650                text_response
 .text.text_print_inline_pairs
                0x08009700       0xd0 Core\Src\g2\text_parser.o
                0x08009700                text_print_inline_pairs
 .text.text_print_inline_values
                0x080097d0       0xbc Core\Src\g2\text_parser.o
                0x080097d0                text_print_inline_values
 .text.text_print_multiline_formatted
                0x0800988c       0x30 Core\Src\g2\text_parser.o
                0x0800988c                text_print_multiline_formatted
 .text.text_print_list
                0x080098bc       0x24 Core\Src\g2\text_parser.o
                0x080098bc                text_print_list
 .text.tx_print_nul
                0x080098e0        0x2 Core\Src\g2\text_parser.o
                0x080098e0                tx_print_nul
 *fill*         0x080098e2        0x2 
 .text.text_print_str
                0x080098e4       0x10 Core\Src\g2\text_parser.o
                0x080098e4                text_print_str
 .text.tx_print_str
                0x080098f4        0xc Core\Src\g2\text_parser.o
                0x080098f4                tx_print_str
 .text.text_print_ui8
                0x08009900       0x20 Core\Src\g2\text_parser.o
                0x08009900                text_print_ui8
 .text.tx_print_ui8
                0x08009920        0xc Core\Src\g2\text_parser.o
                0x08009920                tx_print_ui8
 .text.text_print_int
                0x0800992c       0x20 Core\Src\g2\text_parser.o
                0x0800992c                text_print_int
 .text.tx_print_int
                0x0800994c        0xc Core\Src\g2\text_parser.o
                0x0800994c                tx_print_int
 .text.text_print_flt
                0x08009958       0x24 Core\Src\g2\text_parser.o
                0x08009958                text_print_flt
 .text.tx_print_flt
                0x0800997c        0xc Core\Src\g2\text_parser.o
                0x0800997c                tx_print_flt
 .text.text_print_flt_units
                0x08009988       0x28 Core\Src\g2\text_parser.o
                0x08009988                text_print_flt_units
 .text.tx_print_tv
                0x080099b0        0xc Core\Src\g2\text_parser.o
                0x080099b0                tx_print_tv
 .text.get_axis_vector_length
                0x080099bc       0xb6 Core\Src\g2\util.o
                0x080099bc                get_axis_vector_length
 .text.min3     0x08009a72       0x20 Core\Src\g2\util.o
                0x08009a72                min3
 .text.min4     0x08009a92       0x2e Core\Src\g2\util.o
                0x08009a92                min4
 .text.max3     0x08009ac0       0x20 Core\Src\g2\util.o
                0x08009ac0                max3
 .text.max4     0x08009ae0       0x2e Core\Src\g2\util.o
                0x08009ae0                max4
 .text.escape_string
                0x08009b0e       0x1c Core\Src\g2\util.o
                0x08009b0e                escape_string
 *fill*         0x08009b2a        0x2 
 .text.pstr2str
                0x08009b2c       0x18 Core\Src\g2\util.o
                0x08009b2c                pstr2str
 .text.fntoa    0x08009b44       0xfc Core\Src\g2\util.o
                0x08009b44                fntoa
 .text.compute_checksum
                0x08009c40       0x3e Core\Src\g2\util.o
                0x08009c40                compute_checksum
 .text.SysTickTimer_getValue
                0x08009c7e        0x4 Core\Src\g2\util.o
                0x08009c7e                SysTickTimer_getValue
 .text.xio_test_assertions
                0x08009c82        0x4 Core\Src\g2\xio.o
                0x08009c82                xio_test_assertions
 .text.xio_isbusy
                0x08009c86        0x4 Core\Src\g2\xio.o
                0x08009c86                xio_isbusy
 .text.tinyG    0x08009c8a       0x28 Core\Src\main.o
                0x08009c8a                tinyG
 .text.SystemClock_Config
                0x08009cb2       0x5c Core\Src\main.o
                0x08009cb2                SystemClock_Config
 *fill*         0x08009d0e        0x2 
 .text.startup.main
                0x08009d10      0x13c Core\Src\main.o
                0x08009d10                main
 .text.HAL_TIM_PeriodElapsedCallback
                0x08009e4c       0x6c Core\Src\main.o
                0x08009e4c                HAL_TIM_PeriodElapsedCallback
 .text.HAL_MspInit
                0x08009eb8       0x38 Core\Src\stm32f2xx_hal_msp.o
                0x08009eb8                HAL_MspInit
 .text.HAL_USART_MspInit
                0x08009ef0       0x6c Core\Src\stm32f2xx_hal_msp.o
                0x08009ef0                HAL_USART_MspInit
 .text.HAL_InitTick
                0x08009f5c       0x7c Core\Src\stm32f2xx_hal_timebase_tim.o
                0x08009f5c                HAL_InitTick
 .text.NMI_Handler
                0x08009fd8        0x2 Core\Src\stm32f2xx_it.o
                0x08009fd8                NMI_Handler
 .text.HardFault_Handler
                0x08009fda        0x2 Core\Src\stm32f2xx_it.o
                0x08009fda                HardFault_Handler
 .text.MemManage_Handler
                0x08009fdc        0x2 Core\Src\stm32f2xx_it.o
                0x08009fdc                MemManage_Handler
 .text.BusFault_Handler
                0x08009fde        0x2 Core\Src\stm32f2xx_it.o
                0x08009fde                BusFault_Handler
 .text.UsageFault_Handler
                0x08009fe0        0x2 Core\Src\stm32f2xx_it.o
                0x08009fe0                UsageFault_Handler
 .text.DebugMon_Handler
                0x08009fe2        0x2 Core\Src\stm32f2xx_it.o
                0x08009fe2                DebugMon_Handler
 .text.TIM1_UP_TIM10_IRQHandler
                0x08009fe4        0xc Core\Src\stm32f2xx_it.o
                0x08009fe4                TIM1_UP_TIM10_IRQHandler
 .text.ETH_IRQHandler
                0x08009ff0        0xc Core\Src\stm32f2xx_it.o
                0x08009ff0                ETH_IRQHandler
 .text._read    0x08009ffc       0x1c Core\Src\syscalls.o
                0x08009ffc                _read
 .text._write   0x0800a018       0x2c Core\Src\syscalls.o
                0x0800a018                _write
 .text._sbrk    0x0800a044       0x34 Core\Src\syscalls.o
                0x0800a044                _sbrk
 .text._close   0x0800a078        0x6 Core\Src\syscalls.o
                0x0800a078                _close
 .text._fstat   0x0800a07e        0xa Core\Src\syscalls.o
                0x0800a07e                _fstat
 .text._isatty  0x0800a088        0x4 Core\Src\syscalls.o
                0x0800a088                _isatty
 .text._lseek   0x0800a08c        0x4 Core\Src\syscalls.o
                0x0800a08c                _lseek
 .text.SystemInit
                0x0800a090       0x40 Core\Src\system_stm32f2xx.o
                0x0800a090                SystemInit
 .text.TelnetAccept
                0x0800a0d0       0x94 Core\Src\tcp.o
 .text.tcp_reset_read_buffer
                0x0800a164       0x14 Core\Src\tcp.o
                0x0800a164                tcp_reset_read_buffer
 .text.InitializeTelnetServer
                0x0800a178       0x74 Core\Src\tcp.o
                0x0800a178                InitializeTelnetServer
 .text.TelnetError
                0x0800a1ec       0x28 Core\Src\tcp.o
 .text.tcpWrite
                0x0800a214       0x3c Core\Src\tcp.o
                0x0800a214                tcpWrite
 .text.TelnetRead
                0x0800a250       0x38 Core\Src\tcp.o
                0x0800a250                TelnetRead
 .text.tcpIsConnected
                0x0800a288        0xc Core\Src\tcp.o
                0x0800a288                tcpIsConnected
 .text.TelnetClose
                0x0800a294       0x54 Core\Src\tcp.o
                0x0800a294                TelnetClose
 .text.TelnetReceive
                0x0800a2e8       0x8c Core\Src\tcp.o
 .text.TelnetPoll
                0x0800a374       0x54 Core\Src\tcp.o
                0x0800a374                TelnetPoll
 .text.HAL_Init
                0x0800a3c8       0x34 Drivers\STM32F2xx_HAL_Driver\Src\stm32f2xx_hal.o
                0x0800a3c8                HAL_Init
 .text.HAL_IncTick
                0x0800a3fc       0x18 Drivers\STM32F2xx_HAL_Driver\Src\stm32f2xx_hal.o
                0x0800a3fc                HAL_IncTick
 .text.HAL_GetTick
                0x0800a414        0xc Drivers\STM32F2xx_HAL_Driver\Src\stm32f2xx_hal.o
                0x0800a414                HAL_GetTick
 .text.HAL_Delay
                0x0800a420       0x28 Drivers\STM32F2xx_HAL_Driver\Src\stm32f2xx_hal.o
                0x0800a420                HAL_Delay
 .text.HAL_NVIC_SetPriorityGrouping
                0x0800a448       0x24 Drivers\STM32F2xx_HAL_Driver\Src\stm32f2xx_hal_cortex.o
                0x0800a448                HAL_NVIC_SetPriorityGrouping
 .text.HAL_NVIC_SetPriority
                0x0800a46c       0x68 Drivers\STM32F2xx_HAL_Driver\Src\stm32f2xx_hal_cortex.o
                0x0800a46c                HAL_NVIC_SetPriority
 .text.HAL_NVIC_EnableIRQ
                0x0800a4d4       0x1c Drivers\STM32F2xx_HAL_Driver\Src\stm32f2xx_hal_cortex.o
                0x0800a4d4                HAL_NVIC_EnableIRQ
 .text.ETH_Delay.constprop.4
                0x0800a4f0       0x24 Drivers\STM32F2xx_HAL_Driver\Src\stm32f2xx_hal_eth.o
 .text.ETH_FlushTransmitFIFO
                0x0800a514       0x28 Drivers\STM32F2xx_HAL_Driver\Src\stm32f2xx_hal_eth.o
 .text.ETH_MACDMAConfig
                0x0800a53c       0xf4 Drivers\STM32F2xx_HAL_Driver\Src\stm32f2xx_hal_eth.o
 .text.HAL_ETH_DMATxDescListInit
                0x0800a630       0x7a Drivers\STM32F2xx_HAL_Driver\Src\stm32f2xx_hal_eth.o
                0x0800a630                HAL_ETH_DMATxDescListInit
 .text.HAL_ETH_DMARxDescListInit
                0x0800a6aa       0x78 Drivers\STM32F2xx_HAL_Driver\Src\stm32f2xx_hal_eth.o
                0x0800a6aa                HAL_ETH_DMARxDescListInit
 *fill*         0x0800a722        0x2 
 .text.HAL_ETH_TransmitFrame
                0x0800a724       0xec Drivers\STM32F2xx_HAL_Driver\Src\stm32f2xx_hal_eth.o
                0x0800a724                HAL_ETH_TransmitFrame
 .text.HAL_ETH_GetReceivedFrame_IT
                0x0800a810       0x8a Drivers\STM32F2xx_HAL_Driver\Src\stm32f2xx_hal_eth.o
                0x0800a810                HAL_ETH_GetReceivedFrame_IT
 .text.HAL_ETH_TxCpltCallback
                0x0800a89a        0x2 Drivers\STM32F2xx_HAL_Driver\Src\stm32f2xx_hal_eth.o
                0x0800a89a                HAL_ETH_TxCpltCallback
 .text.HAL_ETH_ErrorCallback
                0x0800a89c        0x2 Drivers\STM32F2xx_HAL_Driver\Src\stm32f2xx_hal_eth.o
                0x0800a89c                HAL_ETH_ErrorCallback
 .text.HAL_ETH_IRQHandler
                0x0800a89e       0x70 Drivers\STM32F2xx_HAL_Driver\Src\stm32f2xx_hal_eth.o
                0x0800a89e                HAL_ETH_IRQHandler
 .text.HAL_ETH_ReadPHYRegister
                0x0800a90e       0x74 Drivers\STM32F2xx_HAL_Driver\Src\stm32f2xx_hal_eth.o
                0x0800a90e                HAL_ETH_ReadPHYRegister
 .text.HAL_ETH_WritePHYRegister
                0x0800a982       0x6e Drivers\STM32F2xx_HAL_Driver\Src\stm32f2xx_hal_eth.o
                0x0800a982                HAL_ETH_WritePHYRegister
 .text.HAL_ETH_Init
                0x0800a9f0      0x1e0 Drivers\STM32F2xx_HAL_Driver\Src\stm32f2xx_hal_eth.o
                0x0800a9f0                HAL_ETH_Init
 .text.HAL_ETH_Start
                0x0800abd0       0x78 Drivers\STM32F2xx_HAL_Driver\Src\stm32f2xx_hal_eth.o
                0x0800abd0                HAL_ETH_Start
 .text.HAL_ETH_Stop
                0x0800ac48       0x78 Drivers\STM32F2xx_HAL_Driver\Src\stm32f2xx_hal_eth.o
                0x0800ac48                HAL_ETH_Stop
 .text.HAL_ETH_ConfigMAC
                0x0800acc0      0x118 Drivers\STM32F2xx_HAL_Driver\Src\stm32f2xx_hal_eth.o
                0x0800acc0                HAL_ETH_ConfigMAC
 .text.HAL_GPIO_Init
                0x0800add8      0x1cc Drivers\STM32F2xx_HAL_Driver\Src\stm32f2xx_hal_gpio.o
                0x0800add8                HAL_GPIO_Init
 .text.HAL_GPIO_WritePin
                0x0800afa4        0xa Drivers\STM32F2xx_HAL_Driver\Src\stm32f2xx_hal_gpio.o
                0x0800afa4                HAL_GPIO_WritePin
 *fill*         0x0800afae        0x2 
 .text.HAL_RCC_OscConfig
                0x0800afb0      0x344 Drivers\STM32F2xx_HAL_Driver\Src\stm32f2xx_hal_rcc.o
                0x0800afb0                HAL_RCC_OscConfig
 .text.HAL_RCC_GetSysClockFreq
                0x0800b2f4       0x5c Drivers\STM32F2xx_HAL_Driver\Src\stm32f2xx_hal_rcc.o
                0x0800b2f4                HAL_RCC_GetSysClockFreq
 .text.HAL_RCC_ClockConfig
                0x0800b350      0x140 Drivers\STM32F2xx_HAL_Driver\Src\stm32f2xx_hal_rcc.o
                0x0800b350                HAL_RCC_ClockConfig
 .text.HAL_RCC_GetHCLKFreq
                0x0800b490        0xc Drivers\STM32F2xx_HAL_Driver\Src\stm32f2xx_hal_rcc.o
                0x0800b490                HAL_RCC_GetHCLKFreq
 .text.HAL_RCC_GetPCLK1Freq
                0x0800b49c       0x30 Drivers\STM32F2xx_HAL_Driver\Src\stm32f2xx_hal_rcc.o
                0x0800b49c                HAL_RCC_GetPCLK1Freq
 .text.HAL_RCC_GetPCLK2Freq
                0x0800b4cc       0x30 Drivers\STM32F2xx_HAL_Driver\Src\stm32f2xx_hal_rcc.o
                0x0800b4cc                HAL_RCC_GetPCLK2Freq
 .text.HAL_RCC_GetClockConfig
                0x0800b4fc       0x3c Drivers\STM32F2xx_HAL_Driver\Src\stm32f2xx_hal_rcc.o
                0x0800b4fc                HAL_RCC_GetClockConfig
 .text.HAL_TIM_Base_MspInit
                0x0800b538        0x2 Drivers\STM32F2xx_HAL_Driver\Src\stm32f2xx_hal_tim.o
                0x0800b538                HAL_TIM_Base_MspInit
 .text.HAL_TIM_Base_Start_IT
                0x0800b53a       0x20 Drivers\STM32F2xx_HAL_Driver\Src\stm32f2xx_hal_tim.o
                0x0800b53a                HAL_TIM_Base_Start_IT
 .text.HAL_TIM_OC_DelayElapsedCallback
                0x0800b55a        0x2 Drivers\STM32F2xx_HAL_Driver\Src\stm32f2xx_hal_tim.o
                0x0800b55a                HAL_TIM_OC_DelayElapsedCallback
 .text.HAL_TIM_IC_CaptureCallback
                0x0800b55c        0x2 Drivers\STM32F2xx_HAL_Driver\Src\stm32f2xx_hal_tim.o
                0x0800b55c                HAL_TIM_IC_CaptureCallback
 .text.HAL_TIM_PWM_PulseFinishedCallback
                0x0800b55e        0x2 Drivers\STM32F2xx_HAL_Driver\Src\stm32f2xx_hal_tim.o
                0x0800b55e                HAL_TIM_PWM_PulseFinishedCallback
 .text.HAL_TIM_TriggerCallback
                0x0800b560        0x2 Drivers\STM32F2xx_HAL_Driver\Src\stm32f2xx_hal_tim.o
                0x0800b560                HAL_TIM_TriggerCallback
 .text.HAL_TIM_IRQHandler
                0x0800b562      0x144 Drivers\STM32F2xx_HAL_Driver\Src\stm32f2xx_hal_tim.o
                0x0800b562                HAL_TIM_IRQHandler
 *fill*         0x0800b6a6        0x2 
 .text.TIM_Base_SetConfig
                0x0800b6a8       0xcc Drivers\STM32F2xx_HAL_Driver\Src\stm32f2xx_hal_tim.o
                0x0800b6a8                TIM_Base_SetConfig
 .text.HAL_TIM_Base_Init
                0x0800b774       0x34 Drivers\STM32F2xx_HAL_Driver\Src\stm32f2xx_hal_tim.o
                0x0800b774                HAL_TIM_Base_Init
 .text.HAL_TIMEx_CommutCallback
                0x0800b7a8        0x2 Drivers\STM32F2xx_HAL_Driver\Src\stm32f2xx_hal_tim_ex.o
                0x0800b7a8                HAL_TIMEx_CommutCallback
 .text.HAL_TIMEx_BreakCallback
                0x0800b7aa        0x2 Drivers\STM32F2xx_HAL_Driver\Src\stm32f2xx_hal_tim_ex.o
                0x0800b7aa                HAL_TIMEx_BreakCallback
 .text.USART_WaitOnFlagUntilTimeout.constprop.4
                0x0800b7ac       0x5c Drivers\STM32F2xx_HAL_Driver\Src\stm32f2xx_hal_usart.o
 .text.HAL_USART_Init
                0x0800b808       0xe4 Drivers\STM32F2xx_HAL_Driver\Src\stm32f2xx_hal_usart.o
                0x0800b808                HAL_USART_Init
 .text.HAL_USART_Transmit
                0x0800b8ec       0xb2 Drivers\STM32F2xx_HAL_Driver\Src\stm32f2xx_hal_usart.o
                0x0800b8ec                HAL_USART_Transmit
 *fill*         0x0800b99e        0x2 
 .text.MX_LWIP_Init
                0x0800b9a0      0x120 LWIP\App\lwip.o
                0x0800b9a0                MX_LWIP_Init
 .text.low_level_output
                0x0800bac0       0xa0 LWIP\Target\ethernetif.o
 .text.ethernetif_input
                0x0800bb60      0x100 LWIP\Target\ethernetif.o
                0x0800bb60                ethernetif_input
 .text.HAL_ETH_MspInit
                0x0800bc60       0xfc LWIP\Target\ethernetif.o
                0x0800bc60                HAL_ETH_MspInit
 .text.HAL_ETH_RxCpltCallback
                0x0800bd5c        0xc LWIP\Target\ethernetif.o
                0x0800bd5c                HAL_ETH_RxCpltCallback
 .text.ethernetif_init
                0x0800bd68      0x15c LWIP\Target\ethernetif.o
                0x0800bd68                ethernetif_init
 .text.sys_now  0x0800bec4        0x4 LWIP\Target\ethernetif.o
                0x0800bec4                sys_now
 .text.ethernetif_set_link