Archive member included to satisfy reference by file (symbol)

c:/program files (x86)/atollic/truestudio for stm32 9.3.0/armtools/bin/../lib/gcc/arm-atollic-eabi/6.3.1/../../../../arm-atollic-eabi/lib/armv7-m\libc_nano.a(lib_a-init.o)
                              startup\startup_stm32f207xx.o (__libc_init_array)
c:/program files (x86)/atollic/truestudio for stm32 9.3.0/armtools/bin/../lib/gcc/arm-atollic-eabi/6.3.1/../../../../arm-atollic-eabi/lib/armv7-m\libc_nano.a(lib_a-memcmp.o)
                              Core\Src\cnc\gcode.o (memcmp)
c:/program files (x86)/atollic/truestudio for stm32 9.3.0/armtools/bin/../lib/gcc/arm-atollic-eabi/6.3.1/../../../../arm-atollic-eabi/lib/armv7-m\libc_nano.a(lib_a-memcpy-stub.o)
                              Core\Src\cnc\report.o (memcpy)
c:/program files (x86)/atollic/truestudio for stm32 9.3.0/armtools/bin/../lib/gcc/arm-atollic-eabi/6.3.1/../../../../arm-atollic-eabi/lib/armv7-m\libc_nano.a(lib_a-memset.o)
                              Core\Src\cnc\gcode.o (memset)
c:/program files (x86)/atollic/truestudio for stm32 9.3.0/armtools/bin/../lib/gcc/arm-atollic-eabi/6.3.1/../../../../arm-atollic-eabi/lib/armv7-m\libc_nano.a(lib_a-nano-vfprintf_float.o)
                              (_printf_float)
c:/program files (x86)/atollic/truestudio for stm32 9.3.0/armtools/bin/../lib/gcc/arm-atollic-eabi/6.3.1/../../../../arm-atollic-eabi/lib/armv7-m\libc_nano.a(lib_a-nano-vfprintf_i.o)
                              c:/program files (x86)/atollic/truestudio for stm32 9.3.0/armtools/bin/../lib/gcc/arm-atollic-eabi/6.3.1/../../../../arm-atollic-eabi/lib/armv7-m\libc_nano.a(lib_a-nano-vfprintf_float.o) (_printf_common)
c:/program files (x86)/atollic/truestudio for stm32 9.3.0/armtools/bin/../lib/gcc/arm-atollic-eabi/6.3.1/../../../../arm-atollic-eabi/lib/armv7-m\libc_nano.a(lib_a-printf.o)
                              Core\Src\main.o (printf)
c:/program files (x86)/atollic/truestudio for stm32 9.3.0/armtools/bin/../lib/gcc/arm-atollic-eabi/6.3.1/../../../../arm-atollic-eabi/lib/armv7-m\libc_nano.a(lib_a-puts.o)
                              Core\Src\cnc\io.o (puts)
c:/program files (x86)/atollic/truestudio for stm32 9.3.0/armtools/bin/../lib/gcc/arm-atollic-eabi/6.3.1/../../../../arm-atollic-eabi/lib/armv7-m\libc_nano.a(lib_a-strlen.o)
                              Core\Src\cnc\report.o (strlen)
c:/program files (x86)/atollic/truestudio for stm32 9.3.0/armtools/bin/../lib/gcc/arm-atollic-eabi/6.3.1/../../../../arm-atollic-eabi/lib/armv7-m\libc_nano.a(lib_a-strncmp.o)
                              Middlewares\Third_Party\LwIP\src\core\def.o (strncmp)
c:/program files (x86)/atollic/truestudio for stm32 9.3.0/armtools/bin/../lib/gcc/arm-atollic-eabi/6.3.1/../../../../arm-atollic-eabi/lib/armv7-m\libc_nano.a(lib_a-wbuf.o)
                              c:/program files (x86)/atollic/truestudio for stm32 9.3.0/armtools/bin/../lib/gcc/arm-atollic-eabi/6.3.1/../../../../arm-atollic-eabi/lib/armv7-m\libc_nano.a(lib_a-puts.o) (__swbuf_r)
c:/program files (x86)/atollic/truestudio for stm32 9.3.0/armtools/bin/../lib/gcc/arm-atollic-eabi/6.3.1/../../../../arm-atollic-eabi/lib/armv7-m\libc_nano.a(lib_a-wsetup.o)
                              c:/program files (x86)/atollic/truestudio for stm32 9.3.0/armtools/bin/../lib/gcc/arm-atollic-eabi/6.3.1/../../../../arm-atollic-eabi/lib/armv7-m\libc_nano.a(lib_a-puts.o) (__swsetup_r)
c:/program files (x86)/atollic/truestudio for stm32 9.3.0/armtools/bin/../lib/gcc/arm-atollic-eabi/6.3.1/../../../../arm-atollic-eabi/lib/armv7-m\libc_nano.a(lib_a-dtoa.o)
                              c:/program files (x86)/atollic/truestudio for stm32 9.3.0/armtools/bin/../lib/gcc/arm-atollic-eabi/6.3.1/../../../../arm-atollic-eabi/lib/armv7-m\libc_nano.a(lib_a-nano-vfprintf_float.o) (_dtoa_r)
c:/program files (x86)/atollic/truestudio for stm32 9.3.0/armtools/bin/../lib/gcc/arm-atollic-eabi/6.3.1/../../../../arm-atollic-eabi/lib/armv7-m\libc_nano.a(lib_a-fflush.o)
                              c:/program files (x86)/atollic/truestudio for stm32 9.3.0/armtools/bin/../lib/gcc/arm-atollic-eabi/6.3.1/../../../../arm-atollic-eabi/lib/armv7-m\libc_nano.a(lib_a-wbuf.o) (_fflush_r)
c:/program files (x86)/atollic/truestudio for stm32 9.3.0/armtools/bin/../lib/gcc/arm-atollic-eabi/6.3.1/../../../../arm-atollic-eabi/lib/armv7-m\libc_nano.a(lib_a-findfp.o)
                              c:/program files (x86)/atollic/truestudio for stm32 9.3.0/armtools/bin/../lib/gcc/arm-atollic-eabi/6.3.1/../../../../arm-atollic-eabi/lib/armv7-m\libc_nano.a(lib_a-printf.o) (__sinit)
c:/program files (x86)/atollic/truestudio for stm32 9.3.0/armtools/bin/../lib/gcc/arm-atollic-eabi/6.3.1/../../../../arm-atollic-eabi/lib/armv7-m\libc_nano.a(lib_a-fwalk.o)
                              c:/program files (x86)/atollic/truestudio for stm32 9.3.0/armtools/bin/../lib/gcc/arm-atollic-eabi/6.3.1/../../../../arm-atollic-eabi/lib/armv7-m\libc_nano.a(lib_a-findfp.o) (_fwalk)
[...]
Memory Configuration

Name             Origin             Length             Attributes
RAM              0x20000000         0x00020000         xrw
FLASH            0x08000000         0x00040000         xr
*default*        0x00000000         0xffffffff

Linker script and memory map

LOAD c:/program files (x86)/atollic/truestudio for stm32 9.3.0/armtools/bin/../lib/gcc/arm-atollic-eabi/6.3.1/armv7-m/crti.o
LOAD c:/program files (x86)/atollic/truestudio for stm32 9.3.0/armtools/bin/../lib/gcc/arm-atollic-eabi/6.3.1/armv7-m/crtbegin.o
LOAD Core\Src\cnc\coolant.o
LOAD Core\Src\cnc\gcode.o
LOAD Core\Src\cnc\io.o
LOAD Core\Src\cnc\limits.o
LOAD Core\Src\cnc\motion.o
LOAD Core\Src\cnc\nuts.o
LOAD Core\Src\cnc\planner.o
LOAD Core\Src\cnc\probe.o
LOAD Core\Src\cnc\protocol.o
LOAD Core\Src\cnc\report.o
LOAD Core\Src\cnc\settings.o
LOAD Core\Src\cnc\spindle.o
LOAD Core\Src\cnc\steppers.o
LOAD Core\Src\cnc\system.o
LOAD Core\Src\cnc\tcp.o
LOAD Core\Src\cnc\tool.o
LOAD Core\Src\cnc\vfd.o
LOAD Core\Src\eeprom.o
LOAD Core\Src\freertos.o
LOAD Core\Src\main.o
LOAD Core\Src\stm32f2xx_hal_msp.o
LOAD Core\Src\stm32f2xx_hal_timebase_tim.o
LOAD Core\Src\stm32f2xx_it.o
LOAD Core\Src\syscalls.o
LOAD Core\Src\system_stm32f2xx.o
LOAD Drivers\STM32F2xx_HAL_Driver\Src\stm32f2xx_hal.o
LOAD Drivers\STM32F2xx_HAL_Driver\Src\stm32f2xx_hal_cortex.o
LOAD Drivers\STM32F2xx_HAL_Driver\Src\stm32f2xx_hal_dma.o
LOAD Drivers\STM32F2xx_HAL_Driver\Src\stm32f2xx_hal_dma_ex.o
LOAD Drivers\STM32F2xx_HAL_Driver\Src\stm32f2xx_hal_eth.o
LOAD Drivers\STM32F2xx_HAL_Driver\Src\stm32f2xx_hal_exti.o
LOAD Drivers\STM32F2xx_HAL_Driver\Src\stm32f2xx_hal_flash.o
LOAD Drivers\STM32F2xx_HAL_Driver\Src\stm32f2xx_hal_flash_ex.o
LOAD Drivers\STM32F2xx_HAL_Driver\Src\stm32f2xx_hal_gpio.o
LOAD Drivers\STM32F2xx_HAL_Driver\Src\stm32f2xx_hal_pwr.o
LOAD Drivers\STM32F2xx_HAL_Driver\Src\stm32f2xx_hal_pwr_ex.o
LOAD Drivers\STM32F2xx_HAL_Driver\Src\stm32f2xx_hal_rcc.o
LOAD Drivers\STM32F2xx_HAL_Driver\Src\stm32f2xx_hal_rcc_ex.o
LOAD Drivers\STM32F2xx_HAL_Driver\Src\stm32f2xx_hal_tim.o
LOAD Drivers\STM32F2xx_HAL_Driver\Src\stm32f2xx_hal_tim_ex.o
LOAD Drivers\STM32F2xx_HAL_Driver\Src\stm32f2xx_hal_usart.o
LOAD LWIP\App\lwip.o
LOAD LWIP\Target\ethernetif.o
LOAD Middlewares\Third_Party\FreeRTOS\Source\CMSIS_RTOS\cmsis_os.o
LOAD Middlewares\Third_Party\FreeRTOS\Source\croutine.o
LOAD Middlewares\Third_Party\FreeRTOS\Source\event_groups.o
LOAD Middlewares\Third_Party\FreeRTOS\Source\list.o
LOAD Middlewares\Third_Party\FreeRTOS\Source\portable\GCC\ARM_CM3\port.o
LOAD Middlewares\Third_Party\FreeRTOS\Source\portable\MemMang\heap_4.o
LOAD Middlewares\Third_Party\FreeRTOS\Source\queue.o
LOAD Middlewares\Third_Party\FreeRTOS\Source\stream_buffer.o
LOAD Middlewares\Third_Party\FreeRTOS\Source\tasks.o
LOAD Middlewares\Third_Party\FreeRTOS\Source\timers.o
LOAD Middlewares\Third_Party\LwIP\src\api\api_lib.o
LOAD Middlewares\Third_Party\LwIP\src\api\api_msg.o
LOAD Middlewares\Third_Party\LwIP\src\api\err.o
LOAD Middlewares\Third_Party\LwIP\src\api\netbuf.o
LOAD Middlewares\Third_Party\LwIP\src\api\netdb.o
LOAD Middlewares\Third_Party\LwIP\src\api\netifapi.o
LOAD Middlewares\Third_Party\LwIP\src\api\sockets.o
LOAD Middlewares\Third_Party\LwIP\src\api\tcpip.o
LOAD Middlewares\Third_Party\LwIP\src\apps\mqtt\mqtt.o
LOAD Middlewares\Third_Party\LwIP\src\core\def.o
LOAD Middlewares\Third_Party\LwIP\src\core\dns.o
LOAD Middlewares\Third_Party\LwIP\src\core\inet_chksum.o
LOAD Middlewares\Third_Party\LwIP\src\core\init.o
LOAD Middlewares\Third_Party\LwIP\src\core\ip.o
LOAD Middlewares\Third_Party\LwIP\src\core\ipv4\autoip.o
LOAD Middlewares\Third_Party\LwIP\src\core\ipv4\dhcp.o
LOAD Middlewares\Third_Party\LwIP\src\core\ipv4\etharp.o
LOAD Middlewares\Third_Party\LwIP\src\core\ipv4\icmp.o
LOAD Middlewares\Third_Party\LwIP\src\core\ipv4\igmp.o
LOAD Middlewares\Third_Party\LwIP\src\core\ipv4\ip4.o
LOAD Middlewares\Third_Party\LwIP\src\core\ipv4\ip4_addr.o
LOAD Middlewares\Third_Party\LwIP\src\core\ipv4\ip4_frag.o
LOAD Middlewares\Third_Party\LwIP\src\core\ipv6\dhcp6.o
LOAD Middlewares\Third_Party\LwIP\src\core\ipv6\ethip6.o
LOAD Middlewares\Third_Party\LwIP\src\core\ipv6\icmp6.o
LOAD Middlewares\Third_Party\LwIP\src\core\ipv6\inet6.o
LOAD Middlewares\Third_Party\LwIP\src\core\ipv6\ip6.o
LOAD Middlewares\Third_Party\LwIP\src\core\ipv6\ip6_addr.o
LOAD Middlewares\Third_Party\LwIP\src\core\ipv6\ip6_frag.o
LOAD Middlewares\Third_Party\LwIP\src\core\ipv6\mld6.o
LOAD Middlewares\Third_Party\LwIP\src\core\ipv6\nd6.o
LOAD Middlewares\Third_Party\LwIP\src\core\mem.o
LOAD Middlewares\Third_Party\LwIP\src\core\memp.o
LOAD Middlewares\Third_Party\LwIP\src\core\netif.o
LOAD Middlewares\Third_Party\LwIP\src\core\pbuf.o
LOAD Middlewares\Third_Party\LwIP\src\core\raw.o
LOAD Middlewares\Third_Party\LwIP\src\core\stats.o
LOAD Middlewares\Third_Party\LwIP\src\core\sys.o
LOAD Middlewares\Third_Party\LwIP\src\core\tcp.o
LOAD Middlewares\Third_Party\LwIP\src\core\tcp_in.o
LOAD Middlewares\Third_Party\LwIP\src\core\tcp_out.o
LOAD Middlewares\Third_Party\LwIP\src\core\timeouts.o
LOAD Middlewares\Third_Party\LwIP\src\core\udp.o
LOAD Middlewares\Third_Party\LwIP\src\netif\ethernet.o
LOAD Middlewares\Third_Party\LwIP\src\netif\lowpan6.o
LOAD Middlewares\Third_Party\LwIP\src\netif\ppp\auth.o
LOAD Middlewares\Third_Party\LwIP\src\netif\ppp\ccp.o
LOAD Middlewares\Third_Party\LwIP\src\netif\ppp\chap-md5.o
LOAD Middlewares\Third_Party\LwIP\src\netif\ppp\chap-new.o
LOAD Middlewares\Third_Party\LwIP\src\netif\ppp\chap_ms.o
LOAD Middlewares\Third_Party\LwIP\src\netif\ppp\demand.o
LOAD Middlewares\Third_Party\LwIP\src\netif\ppp\eap.o
LOAD Middlewares\Third_Party\LwIP\src\netif\ppp\ecp.o
LOAD Middlewares\Third_Party\LwIP\src\netif\ppp\eui64.o
LOAD Middlewares\Third_Party\LwIP\src\netif\ppp\fsm.o
LOAD Middlewares\Third_Party\LwIP\src\netif\ppp\ipcp.o
LOAD Middlewares\Third_Party\LwIP\src\netif\ppp\ipv6cp.o
LOAD Middlewares\Third_Party\LwIP\src\netif\ppp\lcp.o
LOAD Middlewares\Third_Party\LwIP\src\netif\ppp\magic.o
LOAD Middlewares\Third_Party\LwIP\src\netif\ppp\mppe.o
LOAD Middlewares\Third_Party\LwIP\src\netif\ppp\multilink.o
LOAD Middlewares\Third_Party\LwIP\src\netif\ppp\ppp.o
LOAD Middlewares\Third_Party\LwIP\src\netif\ppp\pppapi.o
LOAD Middlewares\Third_Party\LwIP\src\netif\ppp\pppcrypt.o
LOAD Middlewares\Third_Party\LwIP\src\netif\ppp\pppoe.o
LOAD Middlewares\Third_Party\LwIP\src\netif\ppp\pppol2tp.o
LOAD Middlewares\Third_Party\LwIP\src\netif\ppp\pppos.o
LOAD Middlewares\Third_Party\LwIP\src\netif\ppp\upap.o
LOAD Middlewares\Third_Party\LwIP\src\netif\ppp\utils.o
LOAD Middlewares\Third_Party\LwIP\src\netif\ppp\vj.o
LOAD Middlewares\Third_Party\LwIP\src\netif\slipif.o
LOAD Middlewares\Third_Party\LwIP\system\OS\sys_arch.o
LOAD startup\startup_stm32f207xx.o
                0x00000080                malloc_getpagesize_P = 0x80
START GROUP
LOAD c:/program files (x86)/atollic/truestudio for stm32 9.3.0/armtools/bin/../lib/gcc/arm-atollic-eabi/6.3.1/../../../../arm-atollic-eabi/lib/armv7-m\libc_nano.a
LOAD c:/program files (x86)/atollic/truestudio for stm32 9.3.0/armtools/bin/../lib/gcc/arm-atollic-eabi/6.3.1/../../../../arm-atollic-eabi/lib/armv7-m\libm.a
END GROUP
START GROUP
LOAD c:/program files (x86)/atollic/truestudio for stm32 9.3.0/armtools/bin/../lib/gcc/arm-atollic-eabi/6.3.1/armv7-m\libgcc.a
LOAD c:/program files (x86)/atollic/truestudio for stm32 9.3.0/armtools/bin/../lib/gcc/arm-atollic-eabi/6.3.1/../../../../arm-atollic-eabi/lib/armv7-m\libc_nano.a
END GROUP
START GROUP
LOAD c:/program files (x86)/atollic/truestudio for stm32 9.3.0/armtools/bin/../lib/gcc/arm-atollic-eabi/6.3.1/armv7-m\libgcc.a
LOAD c:/program files (x86)/atollic/truestudio for stm32 9.3.0/armtools/bin/../lib/gcc/arm-atollic-eabi/6.3.1/../../../../arm-atollic-eabi/lib/armv7-m\libc_nano.a
LOAD c:/program files (x86)/atollic/truestudio for stm32 9.3.0/armtools/bin/../lib/gcc/arm-atollic-eabi/6.3.1/../../../../arm-atollic-eabi/lib/armv7-m\libnosys.a
END GROUP
START GROUP
LOAD c:/program files (x86)/atollic/truestudio for stm32 9.3.0/armtools/bin/../lib/gcc/arm-atollic-eabi/6.3.1/armv7-m\libgcc.a
LOAD c:/program files (x86)/atollic/truestudio for stm32 9.3.0/armtools/bin/../lib/gcc/arm-atollic-eabi/6.3.1/../../../../arm-atollic-eabi/lib/armv7-m\libc_nano.a
LOAD c:/program files (x86)/atollic/truestudio for stm32 9.3.0/armtools/bin/../lib/gcc/arm-atollic-eabi/6.3.1/../../../../arm-atollic-eabi/lib/armv7-m\libnosys.a
END GROUP
LOAD c:/program files (x86)/atollic/truestudio for stm32 9.3.0/armtools/bin/../lib/gcc/arm-atollic-eabi/6.3.1/armv7-m/crtend.o
LOAD c:/program files (x86)/atollic/truestudio for stm32 9.3.0/armtools/bin/../lib/gcc/arm-atollic-eabi/6.3.1/armv7-m/crtn.o
                0x20020000                _estack = 0x20020000
                0x00000200                _Min_Heap_Size = 0x200
                0x00000400                _Min_Stack_Size = 0x400

.isr_vector     0x08000000      0x184
                0x08000000                . = ALIGN (0x4)
 *(.isr_vector)
 .isr_vector    0x08000000      0x184 startup\startup_stm32f207xx.o
                0x08000000                g_pfnVectors
                0x08000184                . = ALIGN (0x4)

.text           0x08000190    0x13fd8
                0x08000190                . = ALIGN (0x4)
 *(.text)
 .text          0x08000190       0x40 c:/program files (x86)/atollic/truestudio for stm32 9.3.0/armtools/bin/../lib/gcc/arm-atollic-eabi/6.3.1/armv7-m/crtbegin.o
 .text          0x080001d0       0x10 c:/program files (x86)/atollic/truestudio for stm32 9.3.0/armtools/bin/../lib/gcc/arm-atollic-eabi/6.3.1/../../../../arm-atollic-eabi/lib/armv7-m\libc_nano.a(lib_a-strlen.o)
                0x080001d0                strlen
 .text          0x080001e0      0x370 c:/program files (x86)/atollic/truestudio for stm32 9.3.0/armtools/bin/../lib/gcc/arm-atollic-eabi/6.3.1/armv7-m\libgcc.a(_arm_addsubdf3.o)
                0x080001e0                __aeabi_drsub
                0x080001e8                __aeabi_dsub
                0x080001e8                __subdf3
                0x080001ec                __aeabi_dadd
                0x080001ec                __adddf3
                0x08000464                __floatunsidf
                0x08000464                __aeabi_ui2d
                0x08000484                __floatsidf
                0x08000484                __aeabi_i2d
                0x080004a8                __aeabi_f2d
                0x080004a8                __extendsfdf2
                0x080004e4                __floatundidf
                0x080004e4                __aeabi_ul2d
                0x080004f4                __floatdidf
                0x080004f4                __aeabi_l2d
 .text          0x08000550      0x424 c:/program files (x86)/atollic/truestudio for stm32 9.3.0/armtools/bin/../lib/gcc/arm-atollic-eabi/6.3.1/armv7-m\libgcc.a(_arm_muldivdf3.o)
                0x08000550                __aeabi_dmul
                0x08000550                __muldf3
                0x080007a4                __divdf3
                0x080007a4                __aeabi_ddiv
 .text          0x08000974      0x110 c:/program files (x86)/atollic/truestudio for stm32 9.3.0/armtools/bin/../lib/gcc/arm-atollic-eabi/6.3.1/armv7-m\libgcc.a(_arm_cmpdf2.o)
                0x08000974                __gtdf2
                0x08000974                __gedf2
                0x0800097c                __ltdf2
                0x0800097c                __ledf2
                0x08000984                __nedf2
                0x08000984                __eqdf2
                0x08000984                __cmpdf2
                0x08000a00                __aeabi_cdrcmple
                0x08000a10                __aeabi_cdcmpeq
                0x08000a10                __aeabi_cdcmple
                0x08000a20                __aeabi_dcmpeq
                0x08000a34                __aeabi_dcmplt
                0x08000a48                __aeabi_dcmple
                0x08000a5c                __aeabi_dcmpge
                0x08000a70                __aeabi_dcmpgt
 .text          0x08000a84       0x2c c:/program files (x86)/atollic/truestudio for stm32 9.3.0/armtools/bin/../lib/gcc/arm-atollic-eabi/6.3.1/armv7-m\libgcc.a(_arm_unorddf2.o)
                0x08000a84                __unorddf2
                0x08000a84                __aeabi_dcmpun
 .text          0x08000ab0       0x50 c:/program files (x86)/atollic/truestudio for stm32 9.3.0/armtools/bin/../lib/gcc/arm-atollic-eabi/6.3.1/armv7-m\libgcc.a(_arm_fixdfsi.o)
                0x08000ab0                __aeabi_d2iz
                0x08000ab0                __fixdfsi
 .text          0x08000b00       0x40 c:/program files (x86)/atollic/truestudio for stm32 9.3.0/armtools/bin/../lib/gcc/arm-atollic-eabi/6.3.1/armv7-m\libgcc.a(_arm_fixunsdfsi.o)
                0x08000b00                __aeabi_d2uiz
                0x08000b00                __fixunsdfsi
 .text          0x08000b40       0xa0 c:/program files (x86)/atollic/truestudio for stm32 9.3.0/armtools/bin/../lib/gcc/arm-atollic-eabi/6.3.1/armv7-m\libgcc.a(_arm_truncdfsf2.o)
                0x08000b40                __truncdfsf2
                0x08000b40                __aeabi_d2f
 .text          0x08000be0      0x21c c:/program files (x86)/atollic/truestudio for stm32 9.3.0/armtools/bin/../lib/gcc/arm-atollic-eabi/6.3.1/armv7-m\libgcc.a(_arm_addsubsf3.o)
                0x08000be0                __aeabi_frsub
                0x08000be8                __subsf3
                0x08000be8                __aeabi_fsub
                0x08000bec                __aeabi_fadd
                0x08000bec                __addsf3
                0x08000d4c                __aeabi_ui2f
                0x08000d4c                __floatunsisf
                0x08000d54                __aeabi_i2f
                0x08000d54                __floatsisf
                0x08000d70                __aeabi_ul2f
                0x08000d70                __floatundisf
                0x08000d80                __aeabi_l2f
                0x08000d80                __floatdisf
 .text          0x08000dfc      0x2a0 c:/program files (x86)/atollic/truestudio for stm32 9.3.0/armtools/bin/../lib/gcc/arm-atollic-eabi/6.3.1/armv7-m\libgcc.a(_arm_muldivsf3.o)
                0x08000dfc                __mulsf3
                0x08000dfc                __aeabi_fmul
                0x08000f64                __aeabi_fdiv
                0x08000f64                __divsf3
 .text          0x0800109c       0xec c:/program files (x86)/atollic/truestudio for stm32 9.3.0/armtools/bin/../lib/gcc/arm-atollic-eabi/6.3.1/armv7-m\libgcc.a(_arm_cmpsf2.o)
                0x0800109c                __gesf2
                0x0800109c                __gtsf2
                0x080010a4                __lesf2
                0x080010a4                __ltsf2
                0x080010ac                __nesf2
                0x080010ac                __eqsf2
                0x080010ac                __cmpsf2
                0x0800110c                __aeabi_cfrcmple
                0x08001114                __aeabi_cfcmpeq
                0x08001114                __aeabi_cfcmple
                0x08001124                __aeabi_fcmpeq
                0x08001138                __aeabi_fcmplt
                0x0800114c                __aeabi_fcmple
                0x08001160                __aeabi_fcmpge
                0x08001174                __aeabi_fcmpgt
 .text          0x08001188       0x4c c:/program files (x86)/atollic/truestudio for stm32 9.3.0/armtools/bin/../lib/gcc/arm-atollic-eabi/6.3.1/armv7-m\libgcc.a(_arm_fixsfsi.o)
                0x08001188                __aeabi_f2iz
                0x08001188                __fixsfsi
 .text          0x080011d4       0x40 c:/program files (x86)/atollic/truestudio for stm32 9.3.0/armtools/bin/../lib/gcc/arm-atollic-eabi/6.3.1/armv7-m\libgcc.a(_arm_fixunssfsi.o)
                0x080011d4                __fixunssfsi
                0x080011d4                __aeabi_f2uiz
 .text          0x08001214       0x30 c:/program files (x86)/atollic/truestudio for stm32 9.3.0/armtools/bin/../lib/gcc/arm-atollic-eabi/6.3.1/armv7-m\libgcc.a(_aeabi_uldivmod.o)
                0x08001214                __aeabi_uldivmod
 .text          0x08001244      0x2dc c:/program files (x86)/atollic/truestudio for stm32 9.3.0/armtools/bin/../lib/gcc/arm-atollic-eabi/6.3.1/armv7-m\libgcc.a(_udivmoddi4.o)
                0x08001244                __udivmoddi4
 .text          0x08001520        0x4 c:/program files (x86)/atollic/truestudio for stm32 9.3.0/armtools/bin/../lib/gcc/arm-atollic-eabi/6.3.1/armv7-m\libgcc.a(_dvmd_tls.o)
                0x08001520                __aeabi_idiv0
                0x08001520                __aeabi_ldiv0
 *(.text*)
 .text.coolant_stop
                0x08001524        0x2 Core\Src\cnc\coolant.o
                0x08001524                coolant_stop
 .text.coolant_set_state
                0x08001526        0x2 Core\Src\cnc\coolant.o
                0x08001526                coolant_set_state
 .text.coolant_sync
                0x08001528       0x14 Core\Src\cnc\coolant.o
                0x08001528                coolant_sync
 .text.gc_set_scaling
                0x0800153c       0x2c Core\Src\cnc\gcode.o
                0x0800153c                gc_set_scaling
 .text.gc_init  0x08001568       0x34 Core\Src\cnc\gcode.o
                0x08001568                gc_init
 .text.gc_sync_position
                0x0800159c       0x10 Core\Src\cnc\gcode.o
                0x0800159c                gc_sync_position
 *fill*         0x080015ac        0x4 
 .text.gc_execute_line
                0x080015b0      0xe74 Core\Src\cnc\gcode.o
                0x080015b0                gc_execute_line
 .text.ioInit   0x08002424       0xb8 Core\Src\cnc\io.o
                0x08002424                ioInit
 .text.output_set
                0x080024dc       0x48 Core\Src\cnc\io.o
                0x080024dc                output_set
 .text.output_set_action
                0x08002524       0x94 Core\Src\cnc\io.o
                0x08002524                output_set_action
 .text.input_get_state_by_action
                0x080025b8       0x38 Core\Src\cnc\io.o
                0x080025b8                input_get_state_by_action
 .text.ioTask   0x080025f0       0xe8 Core\Src\cnc\io.o
                0x080025f0                ioTask
 .text.limits_init
                0x080026d8        0x2 Core\Src\cnc\limits.o
                0x080026d8                limits_init
 .text.limits_disable
                0x080026da        0x2 Core\Src\cnc\limits.o
                0x080026da                limits_disable
 .text.limits_get_state
                0x080026dc       0x6c Core\Src\cnc\limits.o
                0x080026dc                limits_get_state
 .text.limits_go_home
                0x08002748      0x338 Core\Src\cnc\limits.o
                0x08002748                limits_go_home
 .text.limits_soft_check
                0x08002a80       0x40 Core\Src\cnc\limits.o
                0x08002a80                limits_soft_check
 .text.mc_sync_backlash_position
                0x08002ac0       0x10 Core\Src\cnc\motion.o
                0x08002ac0                mc_sync_backlash_position
 .text.mc_line  0x08002ad0      0x14c Core\Src\cnc\motion.o
                0x08002ad0                mc_line
 *fill*         0x08002c1c        0x4 
 .text.mc_arc   0x08002c20      0x380 Core\Src\cnc\motion.o
                0x08002c20                mc_arc
 .text.mc_dwell
                0x08002fa0       0x24 Core\Src\cnc\motion.o
                0x08002fa0                mc_dwell
 .text.mc_homing_cycle
                0x08002fc4       0x3c Core\Src\cnc\motion.o
                0x08002fc4                mc_homing_cycle
 .text.mc_probe_cycle
                0x08003000       0xcc Core\Src\cnc\motion.o
                0x08003000                mc_probe_cycle
 .text.mc_reset
                0x080030cc       0x54 Core\Src\cnc\motion.o
                0x080030cc                mc_reset
 .text.read_float
                0x08003120      0x10c Core\Src\cnc\nuts.o
                0x08003120                read_float
 .text.delay_ms
                0x0800322c        0x4 Core\Src\cnc\nuts.o
                0x0800322c                delay_ms
 .text.delay_sec
                0x08003230       0x40 Core\Src\cnc\nuts.o
                0x08003230                delay_sec
 .text.hypot_f  0x08003270       0x2a Core\Src\cnc\nuts.o
                0x08003270                hypot_f
 .text.convert_delta_vector_to_unit_vector
                0x0800329a       0x74 Core\Src\cnc\nuts.o
                0x0800329a                convert_delta_vector_to_unit_vector
 *fill*         0x0800330e        0x2 
 .text.limit_value_by_axis_maximum
                0x08003310       0x48 Core\Src\cnc\nuts.o
                0x08003310                limit_value_by_axis_maximum
 .text.planner_recalculate
                0x08003358      0x1a4 Core\Src\cnc\planner.o
 .text.plan_reset_buffer
                0x080034fc       0x40 Core\Src\cnc\planner.o
                0x080034fc                plan_reset_buffer
 .text.plan_reset
                0x0800353c       0x18 Core\Src\cnc\planner.o
                0x0800353c                plan_reset
 .text.plan_discard_current_block
                0x08003554       0x38 Core\Src\cnc\planner.o
                0x08003554                plan_discard_current_block
 .text.plan_get_system_motion_block
                0x0800358c       0x18 Core\Src\cnc\planner.o
                0x0800358c                plan_get_system_motion_block
 .text.plan_get_current_block
                0x080035a4       0x24 Core\Src\cnc\planner.o
                0x080035a4                plan_get_current_block
 .text.plan_get_exec_block_exit_speed_sqr
                0x080035c8       0x34 Core\Src\cnc\planner.o
                0x080035c8                plan_get_exec_block_exit_speed_sqr
 .text.plan_check_full_buffer
                0x080035fc       0x18 Core\Src\cnc\planner.o
                0x080035fc                plan_check_full_buffer
 *fill*         0x08003614        0x4 
 .text.plan_compute_profile_nominal_speed
                0x08003618       0xb8 Core\Src\cnc\planner.o
                0x08003618                plan_compute_profile_nominal_speed
 .text.plan_update_velocity_profile_parameters
                0x080036d0       0x84 Core\Src\cnc\planner.o
                0x080036d0                plan_update_velocity_profile_parameters
 *fill*         0x08003754        0x4 
 .text.plan_buffer_line
                0x08003758      0x354 Core\Src\cnc\planner.o
                0x08003758                plan_buffer_line
 .text.plan_sync_position
                0x08003aac       0x1c Core\Src\cnc\planner.o
                0x08003aac                plan_sync_position
 .text.plan_get_block_buffer_available
                0x08003ac8       0x24 Core\Src\cnc\planner.o
                0x08003ac8                plan_get_block_buffer_available
 .text.plan_cycle_reinitialize
                0x08003aec       0x20 Core\Src\cnc\planner.o
                0x08003aec                plan_cycle_reinitialize
 .text.probe_configure_invert_mask
                0x08003b0c       0x28 Core\Src\cnc\probe.o
                0x08003b0c                probe_configure_invert_mask
 .text.probe_init
                0x08003b34       0x28 Core\Src\cnc\probe.o
                0x08003b34                probe_init
 .text.probe_get_state
                0x08003b5c       0x20 Core\Src\cnc\probe.o
                0x08003b5c                probe_get_state
 .text.probe_state_monitor
                0x08003b7c       0x34 Core\Src\cnc\probe.o
                0x08003b7c                probe_state_monitor
 .text.protocol_auto_cycle_start
                0x08003bb0       0x14 Core\Src\cnc\protocol.o
                0x08003bb0                protocol_auto_cycle_start
 .text.protocol_exec_rt_system
                0x08003bc4      0x350 Core\Src\cnc\protocol.o
                0x08003bc4                protocol_exec_rt_system
 .text.protocol_execute_realtime
                0x08003f14      0x190 Core\Src\cnc\protocol.o
                0x08003f14                protocol_execute_realtime
 .text.protocol_main_loop
                0x080040a4       0xb4 Core\Src\cnc\protocol.o
                0x080040a4                protocol_main_loop
 .text.protocol_buffer_synchronize
                0x08004158       0x24 Core\Src\cnc\protocol.o
                0x08004158                protocol_buffer_synchronize
 .text.report   0x0800417c      0x1a0 Core\Src\cnc\report.o
                0x0800417c                report
 .text.report_tls_param
                0x0800431c       0x1c Core\Src\cnc\report.o
                0x0800431c                report_tls_param
 .text.report_status_message
                0x08004338        0xe Core\Src\cnc\report.o
                0x08004338                report_status_message
 .text.report_alarm_message
                0x08004346        0x8 Core\Src\cnc\report.o
                0x08004346                report_alarm_message
 .text.report_feedback_message
                0x0800434e        0x8 Core\Src\cnc\report.o
                0x0800434e                report_feedback_message
 .text.report_init_message
                0x08004356        0x8 Core\Src\cnc\report.o
                0x08004356                report_init_message
 .text.report_grbl_settings
                0x0800435e        0x8 Core\Src\cnc\report.o
                0x0800435e                report_grbl_settings
 .text.report_probe_parameters
                0x08004366        0x8 Core\Src\cnc\report.o
                0x08004366                report_probe_parameters
 *fill*         0x0800436e        0x2 
 .text.loadSettings
                0x08004370        0xc Core\Src\cnc\settings.o
                0x08004370                loadSettings
 .text.settings_init
                0x0800437c        0x4 Core\Src\cnc\settings.o
                0x0800437c                settings_init
 .text.saveSettings
                0x08004380        0xc Core\Src\cnc\settings.o
                0x08004380                saveSettings
 .text.settings_read_coord_data
                0x0800438c       0x1c Core\Src\cnc\settings.o
                0x0800438c                settings_read_coord_data
 .text.settings_write_coord_data
                0x080043a8       0x28 Core\Src\cnc\settings.o
                0x080043a8                settings_write_coord_data
 .text.settings_restore
                0x080043d0       0xf8 Core\Src\cnc\settings.o
                0x080043d0                settings_restore
 .text.settings_store_global_setting
                0x080044c8      0x2e8 Core\Src\cnc\settings.o
                0x080044c8                settings_store_global_setting
 .text.storeTlsPosition
                0x080047b0       0x24 Core\Src\cnc\settings.o
                0x080047b0                storeTlsPosition
 .text.get_step_pin_mask
                0x080047d4       0x26 Core\Src\cnc\settings.o
                0x080047d4                get_step_pin_mask
 .text.get_direction_pin_mask
                0x080047fa       0x1e Core\Src\cnc\settings.o
                0x080047fa                get_direction_pin_mask
 .text.spindle_init
                0x08004818        0x2 Core\Src\cnc\spindle.o
                0x08004818                spindle_init
 .text.spindle_stop
                0x0800481a        0x2 Core\Src\cnc\spindle.o
                0x0800481a                spindle_stop
 .text.spindle_set_state
                0x0800481c        0x2 Core\Src\cnc\spindle.o
                0x0800481c                spindle_set_state
 *fill*         0x0800481e        0x2 
 .text.spindle_sync
                0x08004820       0x14 Core\Src\cnc\spindle.o
                0x08004820                spindle_sync
 .text.onStepperResetTimer
                0x08004834       0x34 Core\Src\cnc\steppers.o
                0x08004834                onStepperResetTimer
 .text.TIM2_IRQHandler
                0x08004868        0xc Core\Src\cnc\steppers.o
                0x08004868                TIM2_IRQHandler
 .text.TIM3_IRQHandler
                0x08004874        0xc Core\Src\cnc\steppers.o
                0x08004874                TIM3_IRQHandler
 .text.st_update_plan_block_parameters
                0x08004880       0x2c Core\Src\cnc\steppers.o
                0x08004880                st_update_plan_block_parameters
 .text.st_generate_step_dir_invert_masks
                0x080048ac       0x6c Core\Src\cnc\steppers.o
                0x080048ac                st_generate_step_dir_invert_masks
 .text.st_prep_buffer
                0x08004918      0x7fc Core\Src\cnc\steppers.o
                0x08004918                st_prep_buffer
 .text.st_get_realtime_rate
                0x08005114       0x1c Core\Src\cnc\steppers.o
                0x08005114                st_get_realtime_rate
 .text.set_stepper_disable
                0x08005130       0x34 Core\Src\cnc\steppers.o
                0x08005130                set_stepper_disable
 .text.stepper_init
                0x08005164      0x164 Core\Src\cnc\steppers.o
                0x08005164                stepper_init
 .text.st_wake_up
                0x080052c8       0x68 Core\Src\cnc\steppers.o
                0x080052c8                st_wake_up
 .text.st_go_idle
                0x08005330       0x24 Core\Src\cnc\steppers.o
                0x08005330                st_go_idle
 .text.onStepperDriverTimer
                0x08005354      0x208 Core\Src\cnc\steppers.o
                0x08005354                onStepperDriverTimer
 .text.st_reset
                0x0800555c       0xa0 Core\Src\cnc\steppers.o
                0x0800555c                st_reset
 .text.system_execute_line
                0x080055fc      0x3f0 Core\Src\cnc\system.o
                0x080055fc                system_execute_line
 .text.system_check_safety_door_ajar
                0x080059ec        0x4 Core\Src\cnc\system.o
                0x080059ec                system_check_safety_door_ajar
 .text.system_set_exec_state_flag
                0x080059f0       0x14 Core\Src\cnc\system.o
                0x080059f0                system_set_exec_state_flag
 .text.system_clear_exec_state_flag
                0x08005a04       0x14 Core\Src\cnc\system.o
                0x08005a04                system_clear_exec_state_flag
 .text.system_set_exec_alarm
                0x08005a18       0x10 Core\Src\cnc\system.o
                0x08005a18                system_set_exec_alarm
 .text.system_clear_exec_alarm
                0x08005a28       0x10 Core\Src\cnc\system.o
                0x08005a28                system_clear_exec_alarm
 .text.system_set_exec_motion_override_flag
                0x08005a38       0x14 Core\Src\cnc\system.o
                0x08005a38                system_set_exec_motion_override_flag
 .text.system_set_exec_accessory_override_flag
                0x08005a4c       0x14 Core\Src\cnc\system.o
                0x08005a4c                system_set_exec_accessory_override_flag
 .text.system_clear_exec_motion_overrides
                0x08005a60       0x10 Core\Src\cnc\system.o
                0x08005a60                system_clear_exec_motion_overrides
 .text.system_clear_exec_accessory_overrides
                0x08005a70       0x10 Core\Src\cnc\system.o
                0x08005a70                system_clear_exec_accessory_overrides
 .text.system_flag_wco_change
                0x08005a80        0x4 Core\Src\cnc\system.o
                0x08005a80                system_flag_wco_change
 .text.system_convert_axis_steps_to_mpos
                0x08005a84       0x1c Core\Src\cnc\system.o
                0x08005a84                system_convert_axis_steps_to_mpos
 .text.system_convert_array_steps_to_mpos
                0x08005aa0       0x1c Core\Src\cnc\system.o
                0x08005aa0                system_convert_array_steps_to_mpos
 .text.system_convert_array_steps_to_wpos
                0x08005abc       0x5c Core\Src\cnc\system.o
                0x08005abc                system_convert_array_steps_to_wpos
 .text.system_check_travel_limits
                0x08005b18       0x64 Core\Src\cnc\system.o
                0x08005b18                system_check_travel_limits
 .text.TelnetAccept
                0x08005b7c       0x94 Core\Src\cnc\tcp.o
 .text.tcp_reset_read_buffer
                0x08005c10       0x14 Core\Src\cnc\tcp.o
                0x08005c10                tcp_reset_read_buffer
 .text.InitializeTelnetServer
                0x08005c24       0x7c Core\Src\cnc\tcp.o
                0x08005c24                InitializeTelnetServer
 .text.TelnetError
                0x08005ca0       0x28 Core\Src\cnc\tcp.o
 .text.tcpWrite
                0x08005cc8       0x3c Core\Src\cnc\tcp.o
                0x08005cc8                tcpWrite
 .text.TelnetRead
                0x08005d04       0x38 Core\Src\cnc\tcp.o
                0x08005d04                TelnetRead
 .text.TelnetClose
                0x08005d3c       0x54 Core\Src\cnc\tcp.o
                0x08005d3c                TelnetClose
 .text.TelnetReceive
                0x08005d90      0x1c4 Core\Src\cnc\tcp.o
 .text.TelnetPoll
                0x08005f54       0x54 Core\Src\cnc\tcp.o
                0x08005f54                TelnetPoll
 .text.toolCurrentChange
                0x08005fa8       0x84 Core\Src\cnc\tool.o
                0x08005fa8                toolCurrentChange
 *fill*         0x0800602c        0x4 
 .text.toolProbeTLS
                0x08006030      0x170 Core\Src\cnc\tool.o
                0x08006030                toolProbeTLS
 .text.USART6_IRQHandler
                0x080061a0        0x2 Core\Src\cnc\vfd.o
                0x080061a0                USART6_IRQHandler
 *fill*         0x080061a2        0x2 
 .text.memcpy_from_flash
                0x080061a4       0x14 Core\Src\eeprom.o
                0x080061a4                memcpy_from_flash
 .text.memcpy_to_flash
                0x080061b8       0x70 Core\Src\eeprom.o
                0x080061b8                memcpy_to_flash
 .text.vApplicationGetIdleTaskMemory
                0x08006228       0x18 Core\Src\freertos.o
                0x08006228                vApplicationGetIdleTaskMemory
 .text.mainTask
                0x08006240       0x90 Core\Src\main.o
                0x08006240                mainTask
 .text.SystemClock_Config
                0x080062d0       0x5c Core\Src\main.o
                0x080062d0                SystemClock_Config
 .text.startup.main
                0x0800632c      0x13c Core\Src\main.o
                0x0800632c                main
 .text.HAL_TIM_PeriodElapsedCallback
                0x08006468       0x5c Core\Src\main.o
                0x08006468                HAL_TIM_PeriodElapsedCallback
 .text.HAL_MspInit
                0x080064c4       0x38 Core\Src\stm32f2xx_hal_msp.o
                0x080064c4                HAL_MspInit
 .text.HAL_USART_MspInit
                0x080064fc       0x6c Core\Src\stm32f2xx_hal_msp.o
                0x080064fc                HAL_USART_MspInit
 .text.HAL_InitTick
                0x08006568       0x7c Core\Src\stm32f2xx_hal_timebase_tim.o
                0x08006568                HAL_InitTick
 .text.NMI_Handler
                0x080065e4        0x2 Core\Src\stm32f2xx_it.o
                0x080065e4                NMI_Handler
 .text.HardFault_Handler
                0x080065e6        0x2 Core\Src\stm32f2xx_it.o
                0x080065e6                HardFault_Handler
 .text.MemManage_Handler
                0x080065e8        0x2 Core\Src\stm32f2xx_it.o
                0x080065e8                MemManage_Handler
 .text.BusFault_Handler
                0x080065ea        0x2 Core\Src\stm32f2xx_it.o
                0x080065ea                BusFault_Handler
 .text.UsageFault_Handler
                0x080065ec        0x2 Core\Src\stm32f2xx_it.o
                0x080065ec                UsageFault_Handler
 .text.DebugMon_Handler
                0x080065ee        0x2 Core\Src\stm32f2xx_it.o
                0x080065ee                DebugMon_Handler
 .text.TIM1_UP_TIM10_IRQHandler
                0x080065f0        0xc Core\Src\stm32f2xx_it.o
                0x080065f0                TIM1_UP_TIM10_IRQHandler
 .text.ETH_IRQHandler
                0x080065fc        0xc Core\Src\stm32f2xx_it.o
                0x080065fc                ETH_IRQHandler
 .text._read    0x08006608       0x1c Core\Src\syscalls.o
                0x08006608                _read
 .text._write   0x08006624       0x18 Core\Src\syscalls.o
                0x08006624                _write
 .text._sbrk    0x0800663c       0x34 Core\Src\syscalls.o
                0x0800663c                _sbrk
 .text._close   0x08006670        0x6 Core\Src\syscalls.o
                0x08006670                _close
 .text._fstat   0x08006676        0xa Core\Src\syscalls.o
                0x08006676                _fstat
 .text._isatty  0x08006680        0x4 Core\Src\syscalls.o
                0x08006680                _isatty
 .text._lseek   0x08006684        0x4 Core\Src\syscalls.o
                0x08006684                _lseek
 .text.SystemInit
                0x08006688       0x40 Core\Src\system_stm32f2xx.o
                0x08006688                SystemInit
 .text.HAL_Init
                0x080066c8       0x34 Drivers\STM32F2xx_HAL_Driver\Src\stm32f2xx_hal.o
                0x080066c8                HAL_Init
 .text.HAL_IncTick
                0x080066fc       0x18 Drivers\STM32F2xx_HAL_Driver\Src\stm32f2xx_hal.o
                0x080066fc                HAL_IncTick
 .text.HAL_GetTick
                0x08006714        0xc Drivers\STM32F2xx_HAL_Driver\Src\stm32f2xx_hal.o
                0x08006714                HAL_GetTick
 .text.HAL_Delay
                0x08006720       0x28 Drivers\STM32F2xx_HAL_Driver\Src\stm32f2xx_hal.o
                0x08006720                HAL_Delay
 .text.HAL_NVIC_SetPriorityGrouping
                0x08006748       0x24 Drivers\STM32F2xx_HAL_Driver\Src\stm32f2xx_hal_cortex.o
                0x08006748                HAL_NVIC_SetPriorityGrouping
 .text.HAL_NVIC_SetPriority
                0x0800676c       0x68 Drivers\STM32F2xx_HAL_Driver\Src\stm32f2xx_hal_cortex.o
                0x0800676c                HAL_NVIC_SetPriority
 .text.HAL_NVIC_EnableIRQ
                0x080067d4       0x1c Drivers\STM32F2xx_HAL_Driver\Src\stm32f2xx_hal_cortex.o
                0x080067d4                HAL_NVIC_EnableIRQ
 .text.HAL_NVIC_DisableIRQ
                0x080067f0       0x28 Drivers\STM32F2xx_HAL_Driver\Src\stm32f2xx_hal_cortex.o
                0x080067f0                HAL_NVIC_DisableIRQ
 .text.ETH_Delay.constprop.4
                0x08006818       0x24 Drivers\STM32F2xx_HAL_Driver\Src\stm32f2xx_hal_eth.o
 .text.ETH_FlushTransmitFIFO
                0x0800683c       0x28 Drivers\STM32F2xx_HAL_Driver\Src\stm32f2xx_hal_eth.o
 .text.ETH_MACDMAConfig
                0x08006864       0xf4 Drivers\STM32F2xx_HAL_Driver\Src\stm32f2xx_hal_eth.o
 .text.HAL_ETH_DMATxDescListInit
                0x08006958       0x7a Drivers\STM32F2xx_HAL_Driver\Src\stm32f2xx_hal_eth.o
                0x08006958                HAL_ETH_DMATxDescListInit
 .text.HAL_ETH_DMARxDescListInit
                0x080069d2       0x78 Drivers\STM32F2xx_HAL_Driver\Src\stm32f2xx_hal_eth.o
                0x080069d2                HAL_ETH_DMARxDescListInit
 *fill*         0x08006a4a        0x2 
 .text.HAL_ETH_TransmitFrame
                0x08006a4c       0xec Drivers\STM32F2xx_HAL_Driver\Src\stm32f2xx_hal_eth.o
                0x08006a4c                HAL_ETH_TransmitFrame
 .text.HAL_ETH_GetReceivedFrame_IT
                0x08006b38       0x8a Drivers\STM32F2xx_HAL_Driver\Src\stm32f2xx_hal_eth.o
                0x08006b38                HAL_ETH_GetReceivedFrame_IT
 .text.HAL_ETH_TxCpltCallback
                0x08006bc2        0x2 Drivers\STM32F2xx_HAL_Driver\Src\stm32f2xx_hal_eth.o
                0x08006bc2                HAL_ETH_TxCpltCallback
 .text.HAL_ETH_ErrorCallback
                0x08006bc4        0x2 Drivers\STM32F2xx_HAL_Driver\Src\stm32f2xx_hal_eth.o
                0x08006bc4                HAL_ETH_ErrorCallback
 .text.HAL_ETH_IRQHandler
                0x08006bc6       0x70 Drivers\STM32F2xx_HAL_Driver\Src\stm32f2xx_hal_eth.o
                0x08006bc6                HAL_ETH_IRQHandler
 .text.HAL_ETH_ReadPHYRegister
                0x08006c36       0x74 Drivers\STM32F2xx_HAL_Driver\Src\stm32f2xx_hal_eth.o
                0x08006c36                HAL_ETH_ReadPHYRegister
 .text.HAL_ETH_WritePHYRegister
                0x08006caa       0x6e Drivers\STM32F2xx_HAL_Driver\Src\stm32f2xx_hal_eth.o
                0x08006caa                HAL_ETH_WritePHYRegister
 .text.HAL_ETH_Init
                0x08006d18      0x1e0 Drivers\STM32F2xx_HAL_Driver\Src\stm32f2xx_hal_eth.o
                0x08006d18                HAL_ETH_Init
 .text.HAL_ETH_Start
                0x08006ef8       0x78 Drivers\STM32F2xx_HAL_Driver\Src\stm32f2xx_hal_eth.o
                0x08006ef8                HAL_ETH_Start
 .text.HAL_ETH_Stop
                0x08006f70       0x78 Drivers\STM32F2xx_HAL_Driver\Src\stm32f2xx_hal_eth.o
                0x08006f70                HAL_ETH_Stop
 .text.HAL_ETH_ConfigMAC
                0x08006fe8      0x118 Drivers\STM32F2xx_HAL_Driver\Src\stm32f2xx_hal_eth.o
                0x08006fe8                HAL_ETH_ConfigMAC
 .text.FLASH_Program_DoubleWord
                0x08007100       0x2c Drivers\STM32F2xx_HAL_Driver\Src\stm32f2xx_hal_flash.o
 .text.FLASH_Program_Word
                0x0800712c       0x24 Drivers\STM32F2xx_HAL_Driver\Src\stm32f2xx_hal_flash.o
 .text.FLASH_Program_HalfWord
                0x08007150       0x24 Drivers\STM32F2xx_HAL_Driver\Src\stm32f2xx_hal_flash.o
 .text.FLASH_SetErrorCode
                0x08007174       0x74 Drivers\STM32F2xx_HAL_Driver\Src\stm32f2xx_hal_flash.o
 .text.HAL_FLASH_Unlock
                0x080071e8       0x24 Drivers\STM32F2xx_HAL_Driver\Src\stm32f2xx_hal_flash.o
                0x080071e8                HAL_FLASH_Unlock
 .text.HAL_FLASH_Lock
                0x0800720c       0x14 Drivers\STM32F2xx_HAL_Driver\Src\stm32f2xx_hal_flash.o
                0x0800720c                HAL_FLASH_Lock
 .text.FLASH_WaitForLastOperation
                0x08007220       0x54 Drivers\STM32F2xx_HAL_Driver\Src\stm32f2xx_hal_flash.o
                0x08007220                FLASH_WaitForLastOperation
 .text.HAL_FLASH_Program
                0x08007274       0x90 Drivers\STM32F2xx_HAL_Driver\Src\stm32f2xx_hal_flash.o
                0x08007274                HAL_FLASH_Program
 .text.FLASH_MassErase.isra.0
                0x08007304       0x24 Drivers\STM32F2xx_HAL_Driver\Src\stm32f2xx_hal_flash_ex.o
 .text.FLASH_Erase_Sector
                0x08007328       0x54 Drivers\STM32F2xx_HAL_Driver\Src\stm32f2xx_hal_flash_ex.o
                0x08007328                FLASH_Erase_Sector
 .text.FLASH_FlushCaches
                0x0800737c       0x58 Drivers\STM32F2xx_HAL_Driver\Src\stm32f2xx_hal_flash_ex.o
                0x0800737c                FLASH_FlushCaches
 .text.HAL_FLASHEx_Erase
                0x080073d4       0x9c Drivers\STM32F2xx_HAL_Driver\Src\stm32f2xx_hal_flash_ex.o
                0x080073d4                HAL_FLASHEx_Erase
 .text.HAL_GPIO_Init
                0x08007470      0x1cc Drivers\STM32F2xx_HAL_Driver\Src\stm32f2xx_hal_gpio.o
                0x08007470                HAL_GPIO_Init
 .text.HAL_GPIO_ReadPin
                0x0800763c        0xc Drivers\STM32F2xx_HAL_Driver\Src\stm32f2xx_hal_gpio.o
                0x0800763c                HAL_GPIO_ReadPin
 .text.HAL_GPIO_WritePin
                0x08007648        0xa Drivers\STM32F2xx_HAL_Driver\Src\stm32f2xx_hal_gpio.o
                0x08007648                HAL_GPIO_WritePin
 *fill*         0x08007652        0x2 
 .text.HAL_RCC_OscConfig
                0x08007654      0x344 Drivers\STM32F2xx_HAL_Driver\Src\stm32f2xx_hal_rcc.o
                0x08007654                HAL_RCC_OscConfig
 .text.HAL_RCC_GetSysClockFreq
                0x08007998       0x5c Drivers\STM32F2xx_HAL_Driver\Src\stm32f2xx_hal_rcc.o
                0x08007998                HAL_RCC_GetSysClockFreq
 .text.HAL_RCC_ClockConfig
                0x080079f4      0x140 Drivers\STM32F2xx_HAL_Driver\Src\stm32f2xx_hal_rcc.o
                0x080079f4                HAL_RCC_ClockConfig
 .text.HAL_RCC_GetHCLKFreq
                0x08007b34        0xc Drivers\STM32F2xx_HAL_Driver\Src\stm32f2xx_hal_rcc.o
                0x08007b34                HAL_RCC_GetHCLKFreq
 .text.HAL_RCC_GetPCLK1Freq
                0x08007b40       0x30 Drivers\STM32F2xx_HAL_Driver\Src\stm32f2xx_hal_rcc.o
                0x08007b40                HAL_RCC_GetPCLK1Freq
 .text.HAL_RCC_GetPCLK2Freq
                0x08007b70       0x30 Drivers\STM32F2xx_HAL_Driver\Src\stm32f2xx_hal_rcc.o
                0x08007b70                HAL_RCC_GetPCLK2Freq
 .text.HAL_RCC_GetClockConfig
                0x08007ba0       0x3c Drivers\STM32F2xx_HAL_Driver\Src\stm32f2xx_hal_rcc.o
                0x08007ba0                HAL_RCC_GetClockConfig
 .text.HAL_TIM_Base_MspInit
                0x08007bdc        0x2 Drivers\STM32F2xx_HAL_Driver\Src\stm32f2xx_hal_tim.o
                0x08007bdc                HAL_TIM_Base_MspInit
 .text.HAL_TIM_Base_Start
                0x08007bde       0x24 Drivers\STM32F2xx_HAL_Driver\Src\stm32f2xx_hal_tim.o
                0x08007bde                HAL_TIM_Base_Start
 .text.HAL_TIM_Base_Stop
                0x08007c02       0x2e Drivers\STM32F2xx_HAL_Driver\Src\stm32f2xx_hal_tim.o
                0x08007c02                HAL_TIM_Base_Stop
 .text.HAL_TIM_Base_Start_IT
                0x08007c30       0x20 Drivers\STM32F2xx_HAL_Driver\Src\stm32f2xx_hal_tim.o
                0x08007c30                HAL_TIM_Base_Start_IT
 .text.HAL_TIM_OC_DelayElapsedCallback
                0x08007c50        0x2 Drivers\STM32F2xx_HAL_Driver\Src\stm32f2xx_hal_tim.o
                0x08007c50                HAL_TIM_OC_DelayElapsedCallback
 .text.HAL_TIM_IC_CaptureCallback
                0x08007c52        0x2 Drivers\STM32F2xx_HAL_Driver\Src\stm32f2xx_hal_tim.o
                0x08007c52                HAL_TIM_IC_CaptureCallback
 .text.HAL_TIM_PWM_PulseFinishedCallback
                0x08007c54        0x2 Drivers\STM32F2xx_HAL_Driver\Src\stm32f2xx_hal_tim.o
                0x08007c54                HAL_TIM_PWM_PulseFinishedCallback
 .text.HAL_TIM_TriggerCallback
                0x08007c56        0x2 Drivers\STM32F2xx_HAL_Driver\Src\stm32f2xx_hal_tim.o
                0x08007c56                HAL_TIM_TriggerCallback
 .text.HAL_TIM_IRQHandler
                0x08007c58      0x144 Drivers\STM32F2xx_HAL_Driver\Src\stm32f2xx_hal_tim.o
                0x08007c58                HAL_TIM_IRQHandler
 .text.TIM_Base_SetConfig
                0x08007d9c       0xcc Drivers\STM32F2xx_HAL_Driver\Src\stm32f2xx_hal_tim.o
                0x08007d9c                TIM_Base_SetConfig
 .text.HAL_TIM_Base_Init
                0x08007e68       0x34 Drivers\STM32F2xx_HAL_Driver\Src\stm32f2xx_hal_tim.o
                0x08007e68                HAL_TIM_Base_Init
 .text.TIM_ETR_SetConfig
                0x08007e9c       0x14 Drivers\STM32F2xx_HAL_Driver\Src\stm32f2xx_hal_tim.o
                0x08007e9c                TIM_ETR_SetConfig
 .text.HAL_TIM_ConfigClockSource
                0x08007eb0      0x128 Drivers\STM32F2xx_HAL_Driver\Src\stm32f2xx_hal_tim.o
                0x08007eb0                HAL_TIM_ConfigClockSource
 .text.HAL_TIMEx_MasterConfigSynchronization
                0x08007fd8       0x3c Drivers\STM32F2xx_HAL_Driver\Src\stm32f2xx_hal_tim_ex.o
                0x08007fd8                HAL_TIMEx_MasterConfigSynchronization
 .text.HAL_TIMEx_CommutCallback
                0x08008014        0x2 Drivers\STM32F2xx_HAL_Driver\Src\stm32f2xx_hal_tim_ex.o
                0x08008014                HAL_TIMEx_CommutCallback
 .text.HAL_TIMEx_BreakCallback
                0x08008016        0x2 Drivers\STM32F2xx_HAL_Driver\Src\stm32f2xx_hal_tim_ex.o
                0x08008016                HAL_TIMEx_BreakCallback
 .text.USART_WaitOnFlagUntilTimeout.constprop.4
                0x08008018       0x5c Drivers\STM32F2xx_HAL_Driver\Src\stm32f2xx_hal_usart.o
 .text.HAL_USART_Init
                0x08008074       0xe4 Drivers\STM32F2xx_HAL_Driver\Src\stm32f2xx_hal_usart.o
                0x08008074                HAL_USART_Init
 .text.HAL_USART_Transmit
                0x08008158       0xb2 Drivers\STM32F2xx_HAL_Driver\Src\stm32f2xx_hal_usart.o
                0x08008158                HAL_USART_Transmit
 *fill*         0x0800820a        0x2 
 .text.MX_LWIP_Init
                0x0800820c      0x120 LWIP\App\lwip.o
                0x0800820c                MX_LWIP_Init
 .text.low_level_output
                0x0800832c       0xa0 LWIP\Target\ethernetif.o
 .text.ethernetif_input
                0x080083cc      0x100 LWIP\Target\ethernetif.o
                0x080083cc                ethernetif_input
 .text.HAL_ETH_MspInit
                0x080084cc       0xfc LWIP\Target\ethernetif.o
                0x080084cc                HAL_ETH_MspInit
 .text.HAL_ETH_RxCpltCallback
                0x080085c8        0xc LWIP\Target\ethernetif.o
                0x080085c8                HAL_ETH_RxCpltCallback
 .text.ethernetif_init
                0x080085d4      0x15c LWIP\Target\ethernetif.o
                0x080085d4                ethernetif_init
 .text.sys_now  0x08008730        0x4 LWIP\Target\ethernetif.o
                0x08008730                sys_now
 .text.ethernetif_set_link
                0x08008734       0x4c LWIP\Target\ethernetif.o
                0x08008734                ethernetif_set_link
 .text.ethernetif_notify_conn_changed
                0x08008780        0x2 LWIP\Target\ethernetif.o
                0x08008780                ethernetif_notify_conn_changed
 *fill*         0x08008782        0x2 
 .text.ethernetif_update_config
                0x08008784       0xa8 LWIP\Target\ethernetif.o
                0x08008784                ethernetif_update_config
 .text.osKernelStart
                0x0800882c        0xa Middlewares\Third_Party\FreeRTOS\Source\CMSIS_RTOS\cmsis_os.o
                0x0800882c                osKernelStart
 .text.osKernelSysTick
                0x08008836        0xe Middlewares\Third_Party\FreeRTOS\Source\CMSIS_RTOS\cmsis_os.o
                0x08008836                osKernelSysTick
 .text.osThreadCreate
                0x08008844       0x50 Middlewares\Third_Party\FreeRTOS\Source\CMSIS_RTOS\cmsis_os.o
                0x08008844                osThreadCreate
 .text.osDelay  0x08008894       0x10 Middlewares\Third_Party\FreeRTOS\Source\CMSIS_RTOS\cmsis_os.o
                0x08008894                osDelay
 .text.osMutexCreate
                0x080088a4        0xe Middlewares\Third_Party\FreeRTOS\Source\CMSIS_RTOS\cmsis_os.o
                0x080088a4                osMutexCreate
 *fill*         0x080088b2        0x2 
 .text.osMutexWait
                0x080088b4       0x4c Middlewares\Third_Party\FreeRTOS\Source\CMSIS_RTOS\cmsis_os.o
                0x080088b4                osMutexWait
 .text.osSemaphoreCreate
                0x08008900       0x4c Middlewares\Third_Party\FreeRTOS\Source\CMSIS_RTOS\cmsis_os.o
                0x08008900                osSemaphoreCreate
 .text.osSemaphoreWait
                0x0800894c       0x4c Middlewares\Third_Party\FreeRTOS\Source\CMSIS_RTOS\cmsis_os.o
                0x0800894c                osSemaphoreWait
 .text.osSemaphoreRelease
                0x08008998       0x48 Middlewares\Third_Party\FreeRTOS\Source\CMSIS_RTOS\cmsis_os.o
                0x08008998                osSemaphoreRelease
 .text.osMutexRelease
                0x080089e0        0x4 Middlewares\Third_Party\FreeRTOS\Source\CMSIS_RTOS\cmsis_os.o
                0x080089e0                osMutexRelease
 .text.osMessageCreate
                0x080089e4       0x28 Middlewares\Third_Party\FreeRTOS\Source\CMSIS_RTOS\cmsis_os.o
                0x080089e4                osMessageCreate
 .text.osMessagePut
                0x08008a0c       0x50 Middlewares\Third_Party\FreeRTOS\Source\CMSIS_RTOS\cmsis_os.o
                0x08008a0c                osMessagePut
 .text.osMessageGet
                0x08008a5c       0x74 Middlewares\Third_Party\FreeRTOS\Source\CMSIS_RTOS\cmsis_os.o
                0x08008a5c                osMessageGet
 .text.vListInitialise
                0x08008ad0       0x16 Middlewares\Third_Party\FreeRTOS\Source\list.o
                0x08008ad0                vListInitialise
 .text.vListInitialiseItem
                0x08008ae6        0x6 Middlewares\Third_Party\FreeRTOS\Source\list.o
                0x08008ae6                vListInitialiseItem
 .text.vListInsertEnd
                0x08008aec       0x18 Middlewares\Third_Party\FreeRTOS\Source\list.o
                0x08008aec                vListInsertEnd
 .text.vListInsert
                0x08008b04       0x2e Middlewares\Third_Party\FreeRTOS\Source\list.o
                0x08008b04                vListInsert
 .text.uxListRemove
                0x08008b32       0x22 Middlewares\Third_Party\FreeRTOS\Source\list.o
                0x08008b32                uxListRemove
 .text.prvTaskExitError
                0x08008b54       0x40 Middlewares\Third_Party\FreeRTOS\Source\portable\GCC\ARM_CM3\port.o
 .text.unlikely.prvPortStartFirstTask
                0x08008b94       0x20 Middlewares\Third_Party\FreeRTOS\Source\portable\GCC\ARM_CM3\port.o
 .text.pxPortInitialiseStack
                0x08008bb4       0x24 Middlewares\Third_Party\FreeRTOS\Source\portable\GCC\ARM_CM3\port.o
                0x08008bb4                pxPortInitialiseStack
 *fill*         0x08008bd8        0x8 
 .text.SVC_Handler
                0x08008be0       0x24 Middlewares\Third_Party\FreeRTOS\Source\portable\GCC\ARM_CM3\port.o
                0x08008be0                SVC_Handler
 .text.vPortEnterCritical
                0x08008c04       0x44 Middlewares\Third_Party\FreeRTOS\Source\portable\GCC\ARM_CM3\port.o
                0x08008c04                vPortEnterCritical
 .text.vPortExitCritical
                0x08008c48       0x28 Middlewares\Third_Party\FreeRTOS\Source\portable\GCC\ARM_CM3\port.o
                0x08008c48                vPortExitCritical
 .text.PendSV_Handler
                0x08008c70       0x44 Middlewares\Third_Party\FreeRTOS\Source\portable\GCC\ARM_CM3\port.o
                0x08008c70                PendSV_Handler
 .text.SysTick_Handler
                0x08008cb4       0x2c Middlewares\Third_Party\FreeRTOS\Source\portable\GCC\ARM_CM3\port.o
                0x08008cb4                SysTick_Handler
 .text.vPortSetupTimerInterrupt
                0x08008ce0       0x34 Middlewares\Third_Party\FreeRTOS\Source\portable\GCC\ARM_CM3\port.o
                0x08008ce0                vPortSetupTimerInterrupt
 .text.xPortStartScheduler
                0x08008d14       0xb4 Middlewares\Third_Party\FreeRTOS\Source\portable\GCC\ARM_CM3\port.o
                0x08008d14                xPortStartScheduler
 .text.vPortValidateInterruptPriority
                0x08008dc8       0x5c Middlewares\Third_Party\FreeRTOS\Source\portable\GCC\ARM_CM3\port.o
                0x08008dc8                vPortValidateInterruptPriority
 .text.unlikely.prvInsertBlockIntoFreeList
                0x08008e24       0x48 Middlewares\Third_Party\FreeRTOS\Source\portable\MemMang\heap_4.o
 .text.pvPortMalloc
                0x08008e6c      0x11c Middlewares\Third_Party\FreeRTOS\Source\portable\MemMang\heap_4.o
                0x08008e6c                pvPortMalloc
 .text.vPortFree
                0x08008f88       0x70 Middlewares\Third_Party\FreeRTOS\Source\portable\MemMang\heap_4.o
                0x08008f88                vPortFree
 .text.prvIsQueueEmpty
                0x08008ff8       0x16 Middlewares\Third_Party\FreeRTOS\Source\queue.o
 .text.unlikely.prvCopyDataToQueue
                0x0800900e       0x66 Middlewares\Third_Party\FreeRTOS\Source\queue.o
 .text.unlikely.prvCopyDataFromQueue
                0x08009074       0x28 Middlewares\Third_Party\FreeRTOS\Source\queue.o
 .text.prvUnlockQueue
                0x0800909c       0x70 Middlewares\Third_Party\FreeRTOS\Source\queue.o
 .text.xQueueGenericReset
                0x0800910c       0x80 Middlewares\Third_Party\FreeRTOS\Source\queue.o
                0x0800910c                xQueueGenericReset
 .text.xQueueGenericCreateStatic
                0x0800918c       0x92 Middlewares\Third_Party\FreeRTOS\Source\queue.o
                0x0800918c                xQueueGenericCreateStatic
 .text.xQueueGenericCreate
                0x0800921e       0x48 Middlewares\Third_Party\FreeRTOS\Source\queue.o
                0x0800921e                xQueueGenericCreate
 *fill*         0x08009266        0x2 
 .text.xQueueGenericSend
                0x08009268      0x16c Middlewares\Third_Party\FreeRTOS\Source\queue.o
                0x08009268                xQueueGenericSend
 .text.prvInitialiseMutex
                0x080093d4       0x14 Middlewares\Third_Party\FreeRTOS\Source\queue.o
 .text.xQueueCreateMutex
                0x080093e8       0x16 Middlewares\Third_Party\FreeRTOS\Source\queue.o
                0x080093e8                xQueueCreateMutex
 .text.xQueueCreateMutexStatic
                0x080093fe       0x1c Middlewares\Third_Party\FreeRTOS\Source\queue.o
                0x080093fe                xQueueCreateMutexStatic
 .text.xQueueGenericSendFromISR
                0x0800941a       0xc4 Middlewares\Third_Party\FreeRTOS\Source\queue.o
                0x0800941a                xQueueGenericSendFromISR
 .text.xQueueGiveFromISR
                0x080094de       0xa8 Middlewares\Third_Party\FreeRTOS\Source\queue.o
                0x080094de                xQueueGiveFromISR
 *fill*         0x08009586        0x2 
 .text.xQueueReceive
                0x08009588      0x148 Middlewares\Third_Party\FreeRTOS\Source\queue.o
                0x08009588                xQueueReceive
 .text.xQueueSemaphoreTake
                0x080096d0      0x180 Middlewares\Third_Party\FreeRTOS\Source\queue.o
                0x080096d0                xQueueSemaphoreTake
 .text.xQueueReceiveFromISR
                0x08009850       0xa0 Middlewares\Third_Party\FreeRTOS\Source\queue.o
                0x08009850                xQueueReceiveFromISR
 .text.prvAddNewTaskToReadyList
                0x080098f0       0xf8 Middlewares\Third_Party\FreeRTOS\Source\tasks.o
 .text.prvResetNextTaskUnblockTime
                0x080099e8       0x24 Middlewares\Third_Party\FreeRTOS\Source\tasks.o
 .text.prvInitialiseNewTask.isra.2
                0x08009a0c       0x82 Middlewares\Third_Party\FreeRTOS\Source\tasks.o
 .text.prvDeleteTCB
                0x08009a8e       0x36 Middlewares\Third_Party\FreeRTOS\Source\tasks.o
 .text.prvIdleTask
                0x08009ac4       0x64 Middlewares\Third_Party\FreeRTOS\Source\tasks.o
 .text.prvAddCurrentTaskToDelayedList
                0x08009b28       0x8c Middlewares\Third_Party\FreeRTOS\Source\tasks.o
 .text.xTaskCreateStatic
                0x08009bb4       0x6e Middlewares\Third_Party\FreeRTOS\Source\tasks.o
                0x08009bb4                xTaskCreateStatic
 .text.xTaskCreate
                0x08009c22       0x5a Middlewares\Third_Party\FreeRTOS\Source\tasks.o
                0x08009c22                xTaskCreate
 .text.vTaskStartScheduler
                0x08009c7c       0x6c Middlewares\Third_Party\FreeRTOS\Source\tasks.o
                0x08009c7c                vTaskStartScheduler
 .text.vTaskSuspendAll
                0x08009ce8       0x10 Middlewares\Third_Party\FreeRTOS\Source\tasks.o
                0x08009ce8                vTaskSuspendAll
 .text.xTaskGetTickCount
                0x08009cf8        0xc Middlewares\Third_Party\FreeRTOS\Source\tasks.o
                0x08009cf8                xTaskGetTickCount
 .text.xTaskGetTickCountFromISR
                0x08009d04       0x10 Middlewares\Third_Party\FreeRTOS\Source\tasks.o
                0x08009d04                xTaskGetTickCountFromISR
 .text.xTaskIncrementTick
                0x08009d14      0x124 Middlewares\Third_Party\FreeRTOS\Source\tasks.o
                0x08009d14                xTaskIncrementTick
 .text.xTaskResumeAll
                0x08009e38       0xf0 Middlewares\Third_Party\FreeRTOS\Source\tasks.o
                0x08009e38                xTaskResumeAll
 .text.vTaskDelay
                0x08009f28       0x48 Middlewares\Third_Party\FreeRTOS\Source\tasks.o
                0x08009f28                vTaskDelay
 .text.vTaskSwitchContext
                0x08009f70       0x74 Middlewares\Third_Party\FreeRTOS\Source\tasks.o
                0x08009f70                vTaskSwitchContext
 .text.vTaskPlaceOnEventList
                0x08009fe4       0x34 Middlewares\Third_Party\FreeRTOS\Source\tasks.o
                0x08009fe4                vTaskPlaceOnEventList
 .text.xTaskRemoveFromEventList
                0x0800a018       0x84 Middlewares\Third_Party\FreeRTOS\Source\tasks.o
                0x0800a018                xTaskRemoveFromEventList
 .text.vTaskInternalSetTimeOutState
                0x0800a09c       0x18 Middlewares\Third_Party\FreeRTOS\Source\tasks.o
                0x0800a09c                vTaskInternalSetTimeOutState
 .text.xTaskCheckForTimeOut
                0x0800a0b4       0x78 Middlewares\Third_Party\FreeRTOS\Source\tasks.o
                0x0800a0b4                xTaskCheckForTimeOut
 .text.vTaskMissedYield
                0x0800a12c        0xc Middlewares\Third_Party\FreeRTOS\Source\tasks.o
                0x0800a12c                vTaskMissedYield
 .text.xTaskGetSchedulerState
                0x0800a138       0x20 Middlewares\Third_Party\FreeRTOS\Source\tasks.o
                0x0800a138                xTaskGetSchedulerState
 .text.xTaskPriorityInherit
                0x0800a158       0xa8 Middlewares\Third_Party\FreeRTOS\Source\tasks.o
                0x0800a158                xTaskPriorityInherit
 .text.xTaskPriorityDisinherit
                0x0800a200       0xa0 Middlewares\Third_Party\FreeRTOS\Source\tasks.o
                0x0800a200                xTaskPriorityDisinherit
 .text.vTaskPriorityDisinheritAfterTimeout
                0x0800a2a0       0xb0 Middlewares\Third_Party\FreeRTOS\Source\tasks.o
                0x0800a2a0                vTaskPriorityDisinheritAfterTimeout
 .text.pvTaskIncrementMutexHeldCount
                0x0800a350       0x18 Middlewares\Third_Party\FreeRTOS\Source\tasks.o
                0x0800a350                pvTaskIncrementMutexHeldCount
 .text.tcpip_thread
                0x0800a368       0x94 Middlewares\Third_Party\LwIP\src\api\tcpip.o
 .text.tcpip_inpkt
                0x0800a3fc       0x58 Middlewares\Third_Party\LwIP\src\api\tcpip.o
                0x0800a3fc                tcpip_inpkt
 .text.tcpip_input
                0x0800a454       0x1c Middlewares\Third_Party\LwIP\src\api\tcpip.o
                0x0800a454                tcpip_input
 .text.tcpip_callback_with_block
                0x0800a470       0x60 Middlewares\Third_Party\LwIP\src\api\tcpip.o
                0x0800a470                tcpip_callback_with_block
 .text.tcpip_init
                0x0800a4d0       0x80 Middlewares\Third_Party\LwIP\src\api\tcpip.o
                0x0800a4d0                tcpip_init
 .text.lwip_htons
                0x0800a550        0x6 Middlewares\Third_Party\LwIP\src\core\def.o
                0x0800a550                lwip_htons
 .text.lwip_htonl
                0x0800a556        0x4 Middlewares\Third_Party\LwIP\src\core\def.o
                0x0800a556                lwip_htonl
 .text.lwip_init
                0x0800a55a       0x22 Middlewares\Third_Party\LwIP\src\core\init.o
                0x0800a55a                lwip_init
 .text.etharp_free_entry
                0x0800a57c       0x28 Middlewares\Third_Party\LwIP\src\core\ipv4\etharp.o
 .text.etharp_raw
                0x0800a5a4       0xd8 Middlewares\Third_Party\LwIP\src\core\ipv4\etharp.o
 .text.etharp_find_entry.isra.0
                0x0800a67c      0x114 Middlewares\Third_Party\LwIP\src\core\ipv4\etharp.o
 .text.etharp_cleanup_netif
                0x0800a790       0x28 Middlewares\Third_Party\LwIP\src\core\ipv4\etharp.o
                0x0800a790                etharp_cleanup_netif
 .text.etharp_input
                0x0800a7b8      0x12c Middlewares\Third_Party\LwIP\src\core\ipv4\etharp.o
                0x0800a7b8                etharp_input
 .text.etharp_request
                0x0800a8e4       0x2c Middlewares\Third_Party\LwIP\src\core\ipv4\etharp.o
                0x0800a8e4                etharp_request
 .text.etharp_tmr
                0x0800a910       0x54 Middlewares\Third_Party\LwIP\src\core\ipv4\etharp.o
                0x0800a910                etharp_tmr
 .text.etharp_output_to_arp_index
                0x0800a964       0xac Middlewares\Third_Party\LwIP\src\core\ipv4\etharp.o
 .text.etharp_query
                0x0800aa10      0x148 Middlewares\Third_Party\LwIP\src\core\ipv4\etharp.o
                0x0800aa10                etharp_query
 .text.etharp_output
                0x0800ab58      0x128 Middlewares\Third_Party\LwIP\src\core\ipv4\etharp.o
                0x0800ab58                etharp_output
 .text.icmp_send_response.isra.0
                0x0800ac80       0x94 Middlewares\Third_Party\LwIP\src\core\ipv4\icmp.o
 .text.icmp_input
                0x0800ad14      0x130 Middlewares\Third_Party\LwIP\src\core\ipv4\icmp.o
                0x0800ad14                icmp_input
 .text.icmp_dest_unreach
                0x0800ae44        0xa Middlewares\Third_Party\LwIP\src\core\ipv4\icmp.o
                0x0800ae44                icmp_dest_unreach
 .text.icmp_time_exceeded
                0x0800ae4e        0xa Middlewares\Third_Party\LwIP\src\core\ipv4\icmp.o
                0x0800ae4e                icmp_time_exceeded
 .text.ip4_route
                0x0800ae58       0x58 Middlewares\Third_Party\LwIP\src\core\ipv4\ip4.o
                0x0800ae58                ip4_route
 .text.ip4_input
                0x0800aeb0      0x184 Middlewares\Third_Party\LwIP\src\core\ipv4\ip4.o
                0x0800aeb0                ip4_input
 .text.ip4_output_if_src
                0x0800b034       0xf0 Middlewares\Third_Party\LwIP\src\core\ipv4\ip4.o
                0x0800b034                ip4_output_if_src
 .text.ip4_output_if
                0x0800b124       0x22 Middlewares\Third_Party\LwIP\src\core\ipv4\ip4.o
                0x0800b124                ip4_output_if
 .text.ip4_addr_isbroadcast_u32
                0x0800b146       0x32 Middlewares\Third_Party\LwIP\src\core\ipv4\ip4_addr.o
                0x0800b146                ip4_addr_isbroadcast_u32
 .text.ip_reass_dequeue_datagram
                0x0800b178       0x44 Middlewares\Third_Party\LwIP\src\core\ipv4\ip4_frag.o
 .text.ip_reass_free_complete_datagram
                0x0800b1bc       0xe8 Middlewares\Third_Party\LwIP\src\core\ipv4\ip4_frag.o
 .text.ip_reass_remove_oldest_datagram
                0x0800b2a4       0x78 Middlewares\Third_Party\LwIP\src\core\ipv4\ip4_frag.o
 .text.ip_frag_free_pbuf_custom_ref
                0x0800b31c       0x2c Middlewares\Third_Party\LwIP\src\core\ipv4\ip4_frag.o
 .text.ipfrag_free_pbuf_custom
                0x0800b348       0x34 Middlewares\Third_Party\LwIP\src\core\ipv4\ip4_frag.o
 .text.ip_reass_tmr
                0x0800b37c       0x28 Middlewares\Third_Party\LwIP\src\core\ipv4\ip4_frag.o
                0x0800b37c                ip_reass_tmr
 .text.ip4_reass
                0x0800b3a4      0x354 Middlewares\Third_Party\LwIP\src\core\ipv4\ip4_frag.o
                0x0800b3a4                ip4_reass
 .text.ip4_frag
                0x0800b6f8      0x1b4 Middlewares\Third_Party\LwIP\src\core\ipv4\ip4_frag.o
                0x0800b6f8                ip4_frag
 .text.mem_init
                0x0800b8ac       0x6c Middlewares\Third_Party\LwIP\src\core\mem.o
                0x0800b8ac                mem_init
 .text.mem_free
                0x0800b918      0x170 Middlewares\Third_Party\LwIP\src\core\mem.o
                0x0800b918                mem_free
 .text.mem_trim
                0x0800ba88      0x118 Middlewares\Third_Party\LwIP\src\core\mem.o
                0x0800ba88                mem_trim
 .text.mem_malloc
                0x0800bba0      0x13c Middlewares\Third_Party\LwIP\src\core\mem.o
                0x0800bba0                mem_malloc
 .text.do_memp_malloc_pool.isra.0
                0x0800bcdc       0x3c Middlewares\Third_Party\LwIP\src\core\memp.o
 .text.do_memp_free_pool.isra.1
                0x0800bd18       0x38 Middlewares\Third_Party\LwIP\src\core\memp.o
 .text.memp_init_pool
                0x0800bd50       0x26 Middlewares\Third_Party\LwIP\src\core\memp.o
                0x0800bd50                memp_init_pool
 *fill*         0x0800bd76        0x2 
 .text.memp_init
                0x0800bd78       0x1c Middlewares\Third_Party\LwIP\src\core\memp.o
                0x0800bd78                memp_init
 .text.memp_malloc
                0x0800bd94       0x38 Middlewares\Third_Party\LwIP\src\core\memp.o
                0x0800bd94                memp_malloc
 .text.memp_free
                0x0800bdcc       0x34 Middlewares\Third_Party\LwIP\src\core\memp.o
                0x0800bdcc                memp_free
 .text.netif_issue_reports.part.0
                0x0800be00       0x12 Middlewares\Third_Party\LwIP\src\core\netif.o
 .text.netif_init
                0x0800be12        0x2 Middlewares\Third_Party\LwIP\src\core\netif.o
                0x0800be12                netif_init
 .text.netif_set_ipaddr
                0x0800be14       0x4c Middlewares\Third_Party\LwIP\src\core\netif.o
                0x0800be14                netif_set_ipaddr
 .text.netif_set_addr
                0x0800be60       0x38 Middlewares\Third_Party\LwIP\src\core\netif.o
                0x0800be60                netif_set_addr
 .text.netif_add
                0x0800be98       0x80 Middlewares\Third_Party\LwIP\src\core\netif.o
                0x0800be98                netif_add
 .text.netif_set_default
                0x0800bf18        0xc Middlewares\Third_Party\LwIP\src\core\netif.o
                0x0800bf18                netif_set_default
 .text.netif_set_up
                0x0800bf24       0x32 Middlewares\Third_Party\LwIP\src\core\netif.o
                0x0800bf24                netif_set_up
 .text.netif_set_down
                0x0800bf56       0x2a Middlewares\Third_Party\LwIP\src\core\netif.o
                0x0800bf56                netif_set_down
 .text.netif_set_link_up
                0x0800bf80       0x2e Middlewares\Third_Party\LwIP\src\core\netif.o
                0x0800bf80                netif_set_link_up
 .text.netif_set_link_down
                0x0800bfae       0x18 Middlewares\Third_Party\LwIP\src\core\netif.o
                0x0800bfae                netif_set_link_down
 .text.netif_set_link_callback
                0x0800bfc6        0x6 Middlewares\Third_Party\LwIP\src\core\netif.o
                0x0800bfc6                netif_set_link_callback
 .text.pbuf_free_ooseq_callback
                0x0800bfcc       0x34 Middlewares\Third_Party\LwIP\src\core\pbuf.o
 .text.pbuf_header_impl
                0x0800c000       0x9c Middlewares\Third_Party\LwIP\src\core\pbuf.o
 .text.pbuf_pool_is_empty
                0x0800c09c       0x3c Middlewares\Third_Party\LwIP\src\core\pbuf.o
 .text.pbuf_alloced_custom
                0x0800c0d8       0x70 Middlewares\Third_Party\LwIP\src\core\pbuf.o
                0x0800c0d8                pbuf_alloced_custom
 .text.pbuf_header
                0x0800c148        0x6 Middlewares\Third_Party\LwIP\src\core\pbuf.o
                0x0800c148                pbuf_header
 .text.pbuf_header_force
                0x0800c14e        0x6 Middlewares\Third_Party\LwIP\src\core\pbuf.o
                0x0800c14e                pbuf_header_force
 .text.pbuf_free
                0x0800c154       0xd4 Middlewares\Third_Party\LwIP\src\core\pbuf.o
                0x0800c154                pbuf_free
 .text.pbuf_alloc
                0x0800c228      0x1b8 Middlewares\Third_Party\LwIP\src\core\pbuf.o
                0x0800c228                pbuf_alloc
 .text.pbuf_realloc
                0x0800c3e0       0xe0 Middlewares\Third_Party\LwIP\src\core\pbuf.o
                0x0800c3e0                pbuf_realloc
 .text.pbuf_clen
                0x0800c4c0       0x10 Middlewares\Third_Party\LwIP\src\core\pbuf.o
                0x0800c4c0                pbuf_clen
 .text.pbuf_ref
                0x0800c4d0       0x38 Middlewares\Third_Party\LwIP\src\core\pbuf.o
                0x0800c4d0                pbuf_ref
 .text.pbuf_cat
                0x0800c508       0x74 Middlewares\Third_Party\LwIP\src\core\pbuf.o
                0x0800c508                pbuf_cat
 .text.pbuf_copy
                0x0800c57c      0x114 Middlewares\Third_Party\LwIP\src\core\pbuf.o
                0x0800c57c                pbuf_copy
 .text.pbuf_copy_partial
                0x0800c690       0x8c Middlewares\Third_Party\LwIP\src\core\pbuf.o
                0x0800c690                pbuf_copy_partial
 .text.tcp_new_port
                0x0800c71c       0x54 Middlewares\Third_Party\LwIP\src\core\tcp.o
 .text.tcp_close_shutdown_fin
                0x0800c770       0x60 Middlewares\Third_Party\LwIP\src\core\tcp.o
 .text.tcp_init
                0x0800c7d0        0x2 Middlewares\Third_Party\LwIP\src\core\tcp.o
                0x0800c7d0                tcp_init
 *fill*         0x0800c7d2        0x2 
 .text.tcp_bind
                0x0800c7d4       0x94 Middlewares\Third_Party\LwIP\src\core\tcp.o
                0x0800c7d4                tcp_bind
 .text.tcp_listen_with_backlog_and_err
                0x0800c868       0xb0 Middlewares\Third_Party\LwIP\src\core\tcp.o
                0x0800c868                tcp_listen_with_backlog_and_err
 .text.tcp_listen_with_backlog
                0x0800c918        0x6 Middlewares\Third_Party\LwIP\src\core\tcp.o
                0x0800c918                tcp_listen_with_backlog
 *fill*         0x0800c91e        0x2 
 .text.tcp_update_rcv_ann_wnd
                0x0800c920       0x58 Middlewares\Third_Party\LwIP\src\core\tcp.o
                0x0800c920                tcp_update_rcv_ann_wnd
 .text.tcp_recved
                0x0800c978       0x7c Middlewares\Third_Party\LwIP\src\core\tcp.o
                0x0800c978                tcp_recved
 .text.tcp_seg_free
                0x0800c9f4       0x1c Middlewares\Third_Party\LwIP\src\core\tcp.o
                0x0800c9f4                tcp_seg_free
 .text.tcp_segs_free
                0x0800ca10       0x10 Middlewares\Third_Party\LwIP\src\core\tcp.o
                0x0800ca10                tcp_segs_free
 .text.tcp_setprio
                0x0800ca20        0x4 Middlewares\Third_Party\LwIP\src\core\tcp.o
                0x0800ca20                tcp_setprio
 .text.tcp_seg_copy
                0x0800ca24       0x2c Middlewares\Third_Party\LwIP\src\core\tcp.o
                0x0800ca24                tcp_seg_copy
 .text.tcp_arg  0x0800ca50        0x6 Middlewares\Third_Party\LwIP\src\core\tcp.o
                0x0800ca50                tcp_arg
 *fill*         0x0800ca56        0x2 
 .text.tcp_recv
                0x0800ca58       0x30 Middlewares\Third_Party\LwIP\src\core\tcp.o
                0x0800ca58                tcp_recv
 .text.tcp_sent
                0x0800ca88       0x2c Middlewares\Third_Party\LwIP\src\core\tcp.o
                0x0800ca88                tcp_sent
 .text.tcp_err  0x0800cab4       0x30 Middlewares\Third_Party\LwIP\src\core\tcp.o
                0x0800cab4                tcp_err
 .text.tcp_accept
                0x0800cae4        0xc Middlewares\Third_Party\LwIP\src\core\tcp.o
                0x0800cae4                tcp_accept
 .text.tcp_poll
                0x0800caf0       0x30 Middlewares\Third_Party\LwIP\src\core\tcp.o
                0x0800caf0                tcp_poll
 .text.tcp_pcb_purge
                0x0800cb20       0x40 Middlewares\Third_Party\LwIP\src\core\tcp.o
                0x0800cb20                tcp_pcb_purge
 .text.tcp_slowtmr
                0x0800cb60      0x3c4 Middlewares\Third_Party\LwIP\src\core\tcp.o
                0x0800cb60                tcp_slowtmr
 .text.tcp_pcb_remove
                0x0800cf24       0xa0 Middlewares\Third_Party\LwIP\src\core\tcp.o
                0x0800cf24                tcp_pcb_remove
 .text.tcp_close_shutdown
                0x0800cfc4      0x14c Middlewares\Third_Party\LwIP\src\core\tcp.o
 .text.tcp_close
                0x0800d110       0x14 Middlewares\Third_Party\LwIP\src\core\tcp.o
                0x0800d110                tcp_close
 .text.tcp_recv_null
                0x0800d124       0x24 Middlewares\Third_Party\LwIP\src\core\tcp.o
                0x0800d124                tcp_recv_null
 .text.tcp_process_refused_data
                0x0800d148       0x66 Middlewares\Third_Party\LwIP\src\core\tcp.o
                0x0800d148                tcp_process_refused_data
 *fill*         0x0800d1ae        0x2 
 .text.tcp_fasttmr
                0x0800d1b0       0x80 Middlewares\Third_Party\LwIP\src\core\tcp.o
                0x0800d1b0                tcp_fasttmr
 .text.tcp_tmr  0x0800d230       0x24 Middlewares\Third_Party\LwIP\src\core\tcp.o
                0x0800d230                tcp_tmr
 .text.tcp_abandon
                0x0800d254       0xec Middlewares\Third_Party\LwIP\src\core\tcp.o
                0x0800d254                tcp_abandon
 .text.tcp_abort
                0x0800d340        0x6 Middlewares\Third_Party\LwIP\src\core\tcp.o
                0x0800d340                tcp_abort
 .text.tcp_accept_null
                0x0800d346        0xe Middlewares\Third_Party\LwIP\src\core\tcp.o
 .text.tcp_netif_ip_addr_changed_pcblist
                0x0800d354       0x1c Middlewares\Third_Party\LwIP\src\core\tcp.o
 .text.tcp_kill_state
                0x0800d370       0x60 Middlewares\Third_Party\LwIP\src\core\tcp.o
 .text.tcp_alloc
                0x0800d3d0      0x110 Middlewares\Third_Party\LwIP\src\core\tcp.o
                0x0800d3d0                tcp_alloc
 .text.tcp_new  0x0800d4e0        0x6 Middlewares\Third_Party\LwIP\src\core\tcp.o
                0x0800d4e0                tcp_new
 *fill*         0x0800d4e6        0x2 
 .text.tcp_next_iss
                0x0800d4e8       0x18 Middlewares\Third_Party\LwIP\src\core\tcp.o
                0x0800d4e8                tcp_next_iss
 .text.tcp_eff_send_mss_impl
                0x0800d500       0x1e Middlewares\Third_Party\LwIP\src\core\tcp.o
                0x0800d500                tcp_eff_send_mss_impl
 *fill*         0x0800d51e        0x2 
 .text.tcp_netif_ip_addr_changed
                0x0800d520       0x4c Middlewares\Third_Party\LwIP\src\core\tcp.o
                0x0800d520                tcp_netif_ip_addr_changed
 .text.tcp_oos_insert_segment
                0x0800d56c       0x7c Middlewares\Third_Party\LwIP\src\core\tcp_in.o
 .text.tcp_receive
                0x0800d5e8      0x9a0 Middlewares\Third_Party\LwIP\src\core\tcp_in.o
 .text.tcp_getoptbyte
                0x0800df88       0x40 Middlewares\Third_Party\LwIP\src\core\tcp_in.o
 .text.tcp_parseopt.isra.1.part.2
                0x0800dfc8       0x70 Middlewares\Third_Party\LwIP\src\core\tcp_in.o
 .text.tcp_input_delayed_close
                0x0800e038       0x40 Middlewares\Third_Party\LwIP\src\core\tcp_in.o
 .text.tcp_input
                0x0800e078      0x9fc Middlewares\Third_Party\LwIP\src\core\tcp_in.o
                0x0800e078                tcp_input
 .text.tcp_trigger_input_pcb_close
                0x0800ea74       0x10 Middlewares\Third_Party\LwIP\src\core\tcp_in.o
                0x0800ea74                tcp_trigger_input_pcb_close
 .text.tcp_pbuf_prealloc
                0x0800ea84       0x74 Middlewares\Third_Party\LwIP\src\core\tcp_out.o
 .text.tcp_create_segment
                0x0800eaf8       0xd0 Middlewares\Third_Party\LwIP\src\core\tcp_out.o
 .text.tcp_output_alloc_header.constprop.0
                0x0800ebc8       0x78 Middlewares\Third_Party\LwIP\src\core\tcp_out.o
 .text.tcp_write
                0x0800ec40      0x52c Middlewares\Third_Party\LwIP\src\core\tcp_out.o
                0x0800ec40                tcp_write
 .text.tcp_enqueue_flags
                0x0800f16c      0x130 Middlewares\Third_Party\LwIP\src\core\tcp_out.o
                0x0800f16c                tcp_enqueue_flags
 .text.tcp_send_fin
                0x0800f29c       0x44 Middlewares\Third_Party\LwIP\src\core\tcp_out.o
                0x0800f29c                tcp_send_fin
 .text.tcp_send_empty_ack
                0x0800f2e0       0x6a Middlewares\Third_Party\LwIP\src\core\tcp_out.o
                0x0800f2e0                tcp_send_empty_ack
 *fill*         0x0800f34a        0x2 
 .text.tcp_output
                0x0800f34c      0x2fc Middlewares\Third_Party\LwIP\src\core\tcp_out.o
                0x0800f34c                tcp_output
 .text.tcp_rst  0x0800f648       0xb4 Middlewares\Third_Party\LwIP\src\core\tcp_out.o
                0x0800f648                tcp_rst
 .text.tcp_rexmit_rto
                0x0800f6fc       0x34 Middlewares\Third_Party\LwIP\src\core\tcp_out.o
                0x0800f6fc                tcp_rexmit_rto
 .text.tcp_rexmit
                0x0800f730       0x52 Middlewares\Third_Party\LwIP\src\core\tcp_out.o
                0x0800f730                tcp_rexmit
 .text.tcp_rexmit_fast
                0x0800f782       0x4e Middlewares\Third_Party\LwIP\src\core\tcp_out.o
                0x0800f782                tcp_rexmit_fast
 .text.tcp_keepalive
                0x0800f7d0       0x54 Middlewares\Third_Party\LwIP\src\core\tcp_out.o
                0x0800f7d0                tcp_keepalive
 .text.tcp_zero_window_probe
                0x0800f824       0xbe Middlewares\Third_Party\LwIP\src\core\tcp_out.o
                0x0800f824                tcp_zero_window_probe
 *fill*         0x0800f8e2        0x2 
 .text.sys_timeout
                0x0800f8e4       0xa4 Middlewares\Third_Party\LwIP\src\core\timeouts.o
                0x0800f8e4                sys_timeout
 .text.tcp_timer_needed
                0x0800f988       0x34 Middlewares\Third_Party\LwIP\src\core\timeouts.o
                0x0800f988                tcp_timer_needed
 .text.tcpip_tcp_timer
                0x0800f9bc       0x38 Middlewares\Third_Party\LwIP\src\core\timeouts.o
 .text.sys_timeouts_init
                0x0800f9f4       0x38 Middlewares\Third_Party\LwIP\src\core\timeouts.o
                0x0800f9f4                sys_timeouts_init
 .text.cyclic_timer
                0x0800fa2c       0x1c Middlewares\Third_Party\LwIP\src\core\timeouts.o
 .text.sys_timeouts_mbox_fetch
                0x0800fa48       0xa4 Middlewares\Third_Party\LwIP\src\core\timeouts.o
                0x0800fa48                sys_timeouts_mbox_fetch
 .text.udp_init
                0x0800faec        0x2 Middlewares\Third_Party\LwIP\src\core\udp.o
                0x0800faec                udp_init
 *fill*         0x0800faee        0x2 
 .text.udp_input
                0x0800faf0      0x130 Middlewares\Third_Party\LwIP\src\core\udp.o
                0x0800faf0                udp_input
 .text.udp_netif_ip_addr_changed
                0x0800fc20       0x2c Middlewares\Third_Party\LwIP\src\core\udp.o
                0x0800fc20                udp_netif_ip_addr_changed
 .text.ethernet_input
                0x0800fc4c       0x98 Middlewares\Third_Party\LwIP\src\netif\ethernet.o
                0x0800fc4c                ethernet_input
 .text.ethernet_output
                0x0800fce4       0x70 Middlewares\Third_Party\LwIP\src\netif\ethernet.o
                0x0800fce4                ethernet_output
 .text.sys_mbox_new
                0x0800fd54       0x24 Middlewares\Third_Party\LwIP\system\OS\sys_arch.o
                0x0800fd54                sys_mbox_new
 .text.sys_mbox_post
                0x0800fd78       0x18 Middlewares\Third_Party\LwIP\system\OS\sys_arch.o
                0x0800fd78                sys_mbox_post
 .text.sys_mbox_trypost
                0x0800fd90       0x14 Middlewares\Third_Party\LwIP\system\OS\sys_arch.o
                0x0800fd90                sys_mbox_trypost
 .text.sys_arch_mbox_fetch
                0x0800fda4       0x44 Middlewares\Third_Party\LwIP\system\OS\sys_arch.o
                0x0800fda4                sys_arch_mbox_fetch
 .text.sys_mbox_valid
                0x0800fde8        0xa Middlewares\Third_Party\LwIP\system\OS\sys_arch.o
                0x0800fde8                sys_mbox_valid
 *fill*         0x0800fdf2        0x2 
 .text.sys_init
                0x0800fdf4       0x18 Middlewares\Third_Party\LwIP\system\OS\sys_arch.o
                0x0800fdf4                sys_init
 .text.sys_mutex_new
                0x0800fe0c       0x1e Middlewares\Third_Party\LwIP\system\OS\sys_arch.o
                0x0800fe0c                sys_mutex_new
 .text.sys_mutex_lock
                0x0800fe2a        0xa Middlewares\Third_Party\LwIP\system\OS\sys_arch.o
                0x0800fe2a                sys_mutex_lock
 .text.sys_mutex_unlock
                0x0800fe34        0x6 Middlewares\Third_Party\LwIP\system\OS\sys_arch.o
                0x0800fe34                sys_mutex_unlock
 .text.sys_thread_new
                0x0800fe3a       0x2e Middlewares\Third_Party\LwIP\system\OS\sys_arch.o
                0x0800fe3a                sys_thread_new
 .text.sys_arch_protect
                0x0800fe68       0x18 Middlewares\Third_Party\LwIP\system\OS\sys_arch.o
                0x0800fe68                sys_arch_protect
 .text.sys_arch_unprotect
                0x0800fe80        0xc Middlewares\Third_Party\LwIP\system\OS\sys_arch.o
                0x0800fe80                sys_arch_unprotect
 .text.Reset_Handler
                0x0800fe8c       0x50 startup\startup_stm32f207xx.o
                0x0800fe8c                Reset_Handler
 .text.Default_Handler
                0x0800fedc        0x2 startup\startup_stm32f207xx.o
                0x0800fedc                RTC_Alarm_IRQHandler
                0x0800fedc                HASH_RNG_IRQHandler
                0x0800fedc                EXTI2_IRQHandler
                0x0800fedc                TIM8_CC_IRQHandler
                0x0800fedc                TIM1_CC_IRQHandler
                0x0800fedc                DMA2_Stream5_IRQHandler
                0x0800fedc                DMA1_Stream5_IRQHandler
                0x0800fedc                PVD_IRQHandler
                0x0800fedc                SDIO_IRQHandler
                0x0800fedc                TAMP_STAMP_IRQHandler
                0x0800fedc                CAN2_RX1_IRQHandler
                0x0800fedc                EXTI3_IRQHandler
                0x0800fedc                TIM8_TRG_COM_TIM14_IRQHandler
                0x0800fedc                TIM8_UP_TIM13_IRQHandler
                0x0800fedc                I2C3_ER_IRQHandler
                0x0800fedc                EXTI0_IRQHandler
                0x0800fedc                I2C2_EV_IRQHandler
                0x0800fedc                DMA1_Stream2_IRQHandler
                0x0800fedc                CAN1_RX0_IRQHandler
                0x0800fedc                OTG_HS_WKUP_IRQHandler
                0x0800fedc                CAN2_SCE_IRQHandler
                0x0800fedc                DMA2_Stream2_IRQHandler
                0x0800fedc                SPI1_IRQHandler
                0x0800fedc                TIM6_DAC_IRQHandler
                0x0800fedc                TIM1_BRK_TIM9_IRQHandler
                0x0800fedc                DCMI_IRQHandler
                0x0800fedc                CAN2_RX0_IRQHandler
                0x0800fedc                DMA2_Stream3_IRQHandler
                0x0800fedc                USART3_IRQHandler
                0x0800fedc                CAN1_RX1_IRQHandler
                0x0800fedc                UART5_IRQHandler
                0x0800fedc                DMA2_Stream0_IRQHandler
                0x0800fedc                TIM4_IRQHandler
                0x0800fedc                I2C1_EV_IRQHandler
                0x0800fedc                DMA1_Stream6_IRQHandler
                0x0800fedc                DMA1_Stream1_IRQHandler
                0x0800fedc                UART4_IRQHandler
                0x0800fedc                RCC_IRQHandler
                0x0800fedc                TIM8_BRK_TIM12_IRQHandler
                0x0800fedc                Default_Handler
                0x0800fedc                EXTI15_10_IRQHandler
                0x0800fedc                ADC_IRQHandler
                0x0800fedc                DMA1_Stream7_IRQHandler
                0x0800fedc                TIM7_IRQHandler
                0x0800fedc                CAN2_TX_IRQHandler
                0x0800fedc                TIM5_IRQHandler
                0x0800fedc                DMA2_Stream7_IRQHandler
                0x0800fedc                I2C3_EV_IRQHandler
                0x0800fedc                EXTI9_5_IRQHandler
                0x0800fedc                RTC_WKUP_IRQHandler
                0x0800fedc                ETH_WKUP_IRQHandler
                0x0800fedc                SPI2_IRQHandler
                0x0800fedc                OTG_HS_EP1_IN_IRQHandler
                0x0800fedc                DMA1_Stream0_IRQHandler
                0x0800fedc                CAN1_TX_IRQHandler
                0x0800fedc                EXTI4_IRQHandler
                0x0800fedc                FSMC_IRQHandler
                0x0800fedc                OTG_HS_EP1_OUT_IRQHandler
                0x0800fedc                WWDG_IRQHandler
                0x0800fedc                OTG_FS_WKUP_IRQHandler
                0x0800fedc                TIM1_TRG_COM_TIM11_IRQHandler
                0x0800fedc                OTG_HS_IRQHandler
                0x0800fedc                EXTI1_IRQHandler
                0x0800fedc                USART2_IRQHandler
                0x0800fedc                I2C2_ER_IRQHandler
                0x0800fedc                DMA2_Stream1_IRQHandler
                0x0800fedc                CAN1_SCE_IRQHandler
                0x0800fedc                FLASH_IRQHandler
                0x0800fedc                DMA2_Stream4_IRQHandler
                0x0800fedc                USART1_IRQHandler
                0x0800fedc                OTG_FS_IRQHandler
                0x0800fedc                SPI3_IRQHandler
                0x0800fedc                DMA1_Stream4_IRQHandler
                0x0800fedc                I2C1_ER_IRQHandler
                0x0800fedc                DMA2_Stream6_IRQHandler
                0x0800fedc                DMA1_Stream3_IRQHandler
 *fill*         0x0800fede        0x2 
 .text.__libc_init_array
                0x0800fee0       0x48 c:/program files (x86)/atollic/truestudio for stm32 9.3.0/armtools/bin/../lib/gcc/arm-atollic-eabi/6.3.1/../../../../arm-atollic-eabi/lib/armv7-m\libc_nano.a(lib_a-init.o)
                0x0800fee0                __libc_init_array
 .text.memcmp   0x0800ff28       0x1e c:/program files (x86)/atollic/truestudio for stm32 9.3.0/armtools/bin/../lib/gcc/arm-atollic-eabi/6.3.1/../../../../arm-atollic-eabi/lib/armv7-m\libc_nano.a(lib_a-memcmp.o)
                0x0800ff28                memcmp
 .text.memcpy   0x0800ff46       0x16 c:/program files (x86)/atollic/truestudio for stm32 9.3.0/armtools/bin/../lib/gcc/arm-atollic-eabi/6.3.1/../../../../arm-atollic-eabi/lib/armv7-m\libc_nano.a(lib_a-memcpy-stub.o)
                0x0800ff46                memcpy
 .text.memset   0x0800ff5c       0x10 c:/program files (x86)/atollic/truestudio for stm32 9.3.0/armtools/bin/../lib/gcc/arm-atollic-eabi/6.3.1/../../../../arm-atollic-eabi/lib/armv7-m\libc_nano.a(lib_a-memset.o)
                0x0800ff5c                memset
 .text.__cvt    0x0800ff6c       0xb8 c:/program files (x86)/atollic/truestudio for stm32 9.3.0/armtools/bin/../lib/gcc/arm-atollic-eabi/6.3.1/../../../../arm-atollic-eabi/lib/armv7-m\libc_nano.a(lib_a-nano-vfprintf_float.o)
                0x0800ff6c                __cvt
 .text.__exponent
                0x08010024       0x6a c:/program files (x86)/atollic/truestudio for stm32 9.3.0/armtools/bin/../lib/gcc/arm-atollic-eabi/6.3.1/../../../../arm-atollic-eabi/lib/armv7-m\libc_nano.a(lib_a-nano-vfprintf_float.o)
                0x08010024                __exponent
 *fill*         0x0801008e        0x2 
 .text._printf_float
                0x08010090      0x470 c:/program files (x86)/atollic/truestudio for stm32 9.3.0/armtools/bin/../lib/gcc/arm-atollic-eabi/6.3.1/../../../../arm-atollic-eabi/lib/armv7-m\libc_nano.a(lib_a-nano-vfprintf_float.o)
                0x08010090                _printf_float
 .text._printf_common
                0x08010500       0xee c:/program files (x86)/atollic/truestudio for stm32 9.3.0/armtools/bin/../lib/gcc/arm-atollic-eabi/6.3.1/../../../../arm-atollic-eabi/lib/armv7-m\libc_nano.a(lib_a-nano-vfprintf_i.o)
                0x08010500                _printf_common
 *fill*         0x080105ee        0x2 
 .text._printf_i
                0x080105f0      0x240 c:/program files (x86)/atollic/truestudio for stm32 9.3.0/armtools/bin/../lib/gcc/arm-atollic-eabi/6.3.1/../../../../arm-atollic-eabi/lib/armv7-m\libc_nano.a(lib_a-nano-vfprintf_i.o)
                0x080105f0                _printf_i
 .text.printf   0x08010830       0x30 c:/program files (x86)/atollic/truestudio for stm32 9.3.0/armtools/bin/../lib/gcc/arm-atollic-eabi/6.3.1/../../../../arm-atollic-eabi/lib/armv7-m\libc_nano.a(lib_a-printf.o)
                0x08010830                iprintf
                0x08010830                printf
 .text._puts_r  0x08010860       0xb8 c:/program files (x86)/atollic/truestudio for stm32 9.3.0/armtools/bin/../lib/gcc/arm-atollic-eabi/6.3.1/../../../../arm-atollic-eabi/lib/armv7-m\libc_nano.a(lib_a-puts.o)
                0x08010860                _puts_r
 .text.puts     0x08010918       0x10 c:/program files (x86)/atollic/truestudio for stm32 9.3.0/armtools/bin/../lib/gcc/arm-atollic-eabi/6.3.1/../../../../arm-atollic-eabi/lib/armv7-m\libc_nano.a(lib_a-puts.o)
                0x08010918                puts
 .text.__swbuf_r
                0x08010928       0xa4 c:/program files (x86)/atollic/truestudio for stm32 9.3.0/armtools/bin/../lib/gcc/arm-atollic-eabi/6.3.1/../../../../arm-atollic-eabi/lib/armv7-m\libc_nano.a(lib_a-wbuf.o)
                0x08010928                __swbuf_r
 .text.__swsetup_r