Archive member included to satisfy reference by file (symbol)

c:/program files (x86)/atollic/truestudio for stm32 9.3.0/armtools/bin/../lib/gcc/arm-atollic-eabi/6.3.1/../../../../arm-atollic-eabi/lib/armv7-m\libc_nano.a(lib_a-init.o)
                              startup\startup_stm32f207xx.o (__libc_init_array)
c:/program files (x86)/atollic/truestudio for stm32 9.3.0/armtools/bin/../lib/gcc/arm-atollic-eabi/6.3.1/../../../../arm-atollic-eabi/lib/armv7-m\libc_nano.a(lib_a-memcmp.o)
                              Middlewares\Third_Party\LwIP\src\netif\ethernet.o (memcmp)
c:/program files (x86)/atollic/truestudio for stm32 9.3.0/armtools/bin/../lib/gcc/arm-atollic-eabi/6.3.1/../../../../arm-atollic-eabi/lib/armv7-m\libc_nano.a(lib_a-memcpy-stub.o)
                              LWIP\Target\ethernetif.o (memcpy)
c:/program files (x86)/atollic/truestudio for stm32 9.3.0/armtools/bin/../lib/gcc/arm-atollic-eabi/6.3.1/../../../../arm-atollic-eabi/lib/armv7-m\libc_nano.a(lib_a-memset.o)
                              Core\Src\main.o (memset)
c:/program files (x86)/atollic/truestudio for stm32 9.3.0/armtools/bin/../lib/gcc/arm-atollic-eabi/6.3.1/../../../../arm-atollic-eabi/lib/armv7-m\libc_nano.a(lib_a-nano-vfprintf_float.o)
                              (_printf_float)
c:/program files (x86)/atollic/truestudio for stm32 9.3.0/armtools/bin/../lib/gcc/arm-atollic-eabi/6.3.1/../../../../arm-atollic-eabi/lib/armv7-m\libc_nano.a(lib_a-nano-vfprintf_i.o)
                              c:/program files (x86)/atollic/truestudio for stm32 9.3.0/armtools/bin/../lib/gcc/arm-atollic-eabi/6.3.1/../../../../arm-atollic-eabi/lib/armv7-m\libc_nano.a(lib_a-nano-vfprintf_float.o) (_printf_common)
c:/program files (x86)/atollic/truestudio for stm32 9.3.0/armtools/bin/../lib/gcc/arm-atollic-eabi/6.3.1/../../../../arm-atollic-eabi/lib/armv7-m\libc_nano.a(lib_a-printf.o)
                              Core\Src\main.o (printf)
c:/program files (x86)/atollic/truestudio for stm32 9.3.0/armtools/bin/../lib/gcc/arm-atollic-eabi/6.3.1/../../../../arm-atollic-eabi/lib/armv7-m\libc_nano.a(lib_a-puts.o)
                              Core\Src\main.o (puts)
c:/program files (x86)/atollic/truestudio for stm32 9.3.0/armtools/bin/../lib/gcc/arm-atollic-eabi/6.3.1/../../../../arm-atollic-eabi/lib/armv7-m\libc_nano.a(lib_a-strlen.o)
                              Core\Src\main.o (strlen)
c:/program files (x86)/atollic/truestudio for stm32 9.3.0/armtools/bin/../lib/gcc/arm-atollic-eabi/6.3.1/../../../../arm-atollic-eabi/lib/armv7-m\libc_nano.a(lib_a-strncmp.o)
                              Middlewares\Third_Party\LwIP\src\core\def.o (strncmp)
c:/program files (x86)/atollic/truestudio for stm32 9.3.0/armtools/bin/../lib/gcc/arm-atollic-eabi/6.3.1/../../../../arm-atollic-eabi/lib/armv7-m\libc_nano.a(lib_a-wbuf.o)
                              c:/program files (x86)/atollic/truestudio for stm32 9.3.0/armtools/bin/../lib/gcc/arm-atollic-eabi/6.3.1/../../../../arm-atollic-eabi/lib/armv7-m\libc_nano.a(lib_a-puts.o) (__swbuf_r)
c:/program files (x86)/atollic/truestudio for stm32 9.3.0/armtools/bin/../lib/gcc/arm-atollic-eabi/6.3.1/../../../../arm-atollic-eabi/lib/armv7-m\libc_nano.a(lib_a-wsetup.o)
                              c:/program files (x86)/atollic/truestudio for stm32 9.3.0/armtools/bin/../lib/gcc/arm-atollic-eabi/6.3.1/../../../../arm-atollic-eabi/lib/armv7-m\libc_nano.a(lib_a-puts.o) (__swsetup_r)
c:/program files (x86)/atollic/truestudio for stm32 9.3.0/armtools/bin/../lib/gcc/arm-atollic-eabi/6.3.1/../../../../arm-atollic-eabi/lib/armv7-m\libc_nano.a(lib_a-dtoa.o)
                              c:/program files (x86)/atollic/truestudio for stm32 9.3.0/armtools/bin/../lib/gcc/arm-atollic-eabi/6.3.1/../../../../arm-atollic-eabi/lib/armv7-m\libc_nano.a(lib_a-nano-vfprintf_float.o) (_dtoa_r)
c:/program files (x86)/atollic/truestudio for stm32 9.3.0/armtools/bin/../lib/gcc/arm-atollic-eabi/6.3.1/../../../../arm-atollic-eabi/lib/armv7-m\libc_nano.a(lib_a-fflush.o)
                              c:/program files (x86)/atollic/truestudio for stm32 9.3.0/armtools/bin/../lib/gcc/arm-atollic-eabi/6.3.1/../../../../arm-atollic-eabi/lib/armv7-m\libc_nano.a(lib_a-wbuf.o) (_fflush_r)
c:/program files (x86)/atollic/truestudio for stm32 9.3.0/armtools/bin/../lib/gcc/arm-atollic-eabi/6.3.1/../../../../arm-atollic-eabi/lib/armv7-m\libc_nano.a(lib_a-findfp.o)
                              c:/program files (x86)/atollic/truestudio for stm32 9.3.0/armtools/bin/../lib/gcc/arm-atollic-eabi/6.3.1/../../../../arm-atollic-eabi/lib/armv7-m\libc_nano.a(lib_a-printf.o) (__sinit)
c:/program files (x86)/atollic/truestudio for stm32 9.3.0/armtools/bin/../lib/gcc/arm-atollic-eabi/6.3.1/../../../../arm-atollic-eabi/lib/armv7-m\libc_nano.a(lib_a-fwalk.o)
                              c:/program files (x86)/atollic/truestudio for stm32 9.3.0/armtools/bin/../lib/gcc/arm-atollic-eabi/6.3.1/../../../../arm-atollic-eabi/lib/armv7-m\libc_nano.a(lib_a-findfp.o) (_fwalk)
[...]
Memory Configuration

Name             Origin             Length             Attributes
RAM              0x20000000         0x00020000         xrw
FLASH            0x08000000         0x00040000         xr
*default*        0x00000000         0xffffffff

Linker script and memory map

LOAD c:/program files (x86)/atollic/truestudio for stm32 9.3.0/armtools/bin/../lib/gcc/arm-atollic-eabi/6.3.1/armv7-m/crti.o
LOAD c:/program files (x86)/atollic/truestudio for stm32 9.3.0/armtools/bin/../lib/gcc/arm-atollic-eabi/6.3.1/armv7-m/crtbegin.o
LOAD Core\Src\eeprom.o
LOAD Core\Src\freertos.o
LOAD Core\Src\main.o
LOAD Core\Src\stm32f2xx_hal_msp.o
LOAD Core\Src\stm32f2xx_hal_timebase_tim.o
LOAD Core\Src\stm32f2xx_it.o
LOAD Core\Src\syscalls.o
LOAD Core\Src\system_stm32f2xx.o
LOAD Core\Src\tcp.o
LOAD Drivers\STM32F2xx_HAL_Driver\Src\stm32f2xx_hal.o
LOAD Drivers\STM32F2xx_HAL_Driver\Src\stm32f2xx_hal_cortex.o
LOAD Drivers\STM32F2xx_HAL_Driver\Src\stm32f2xx_hal_dma.o
LOAD Drivers\STM32F2xx_HAL_Driver\Src\stm32f2xx_hal_dma_ex.o
LOAD Drivers\STM32F2xx_HAL_Driver\Src\stm32f2xx_hal_eth.o
LOAD Drivers\STM32F2xx_HAL_Driver\Src\stm32f2xx_hal_exti.o
LOAD Drivers\STM32F2xx_HAL_Driver\Src\stm32f2xx_hal_flash.o
LOAD Drivers\STM32F2xx_HAL_Driver\Src\stm32f2xx_hal_flash_ex.o
LOAD Drivers\STM32F2xx_HAL_Driver\Src\stm32f2xx_hal_gpio.o
LOAD Drivers\STM32F2xx_HAL_Driver\Src\stm32f2xx_hal_pwr.o
LOAD Drivers\STM32F2xx_HAL_Driver\Src\stm32f2xx_hal_pwr_ex.o
LOAD Drivers\STM32F2xx_HAL_Driver\Src\stm32f2xx_hal_rcc.o
LOAD Drivers\STM32F2xx_HAL_Driver\Src\stm32f2xx_hal_rcc_ex.o
LOAD Drivers\STM32F2xx_HAL_Driver\Src\stm32f2xx_hal_tim.o
LOAD Drivers\STM32F2xx_HAL_Driver\Src\stm32f2xx_hal_tim_ex.o
LOAD Drivers\STM32F2xx_HAL_Driver\Src\stm32f2xx_hal_usart.o
LOAD LWIP\App\lwip.o
LOAD LWIP\Target\ethernetif.o
LOAD Middlewares\Third_Party\FreeRTOS\Source\CMSIS_RTOS\cmsis_os.o
LOAD Middlewares\Third_Party\FreeRTOS\Source\croutine.o
LOAD Middlewares\Third_Party\FreeRTOS\Source\event_groups.o
LOAD Middlewares\Third_Party\FreeRTOS\Source\list.o
LOAD Middlewares\Third_Party\FreeRTOS\Source\portable\GCC\ARM_CM3\port.o
LOAD Middlewares\Third_Party\FreeRTOS\Source\portable\MemMang\heap_4.o
LOAD Middlewares\Third_Party\FreeRTOS\Source\queue.o
LOAD Middlewares\Third_Party\FreeRTOS\Source\stream_buffer.o
LOAD Middlewares\Third_Party\FreeRTOS\Source\tasks.o
LOAD Middlewares\Third_Party\FreeRTOS\Source\timers.o
LOAD Middlewares\Third_Party\LwIP\src\api\api_lib.o
LOAD Middlewares\Third_Party\LwIP\src\api\api_msg.o
LOAD Middlewares\Third_Party\LwIP\src\api\err.o
LOAD Middlewares\Third_Party\LwIP\src\api\netbuf.o
LOAD Middlewares\Third_Party\LwIP\src\api\netdb.o
LOAD Middlewares\Third_Party\LwIP\src\api\netifapi.o
LOAD Middlewares\Third_Party\LwIP\src\api\sockets.o
LOAD Middlewares\Third_Party\LwIP\src\api\tcpip.o
LOAD Middlewares\Third_Party\LwIP\src\apps\mqtt\mqtt.o
LOAD Middlewares\Third_Party\LwIP\src\core\def.o
LOAD Middlewares\Third_Party\LwIP\src\core\dns.o
LOAD Middlewares\Third_Party\LwIP\src\core\inet_chksum.o
LOAD Middlewares\Third_Party\LwIP\src\core\init.o
LOAD Middlewares\Third_Party\LwIP\src\core\ip.o
LOAD Middlewares\Third_Party\LwIP\src\core\ipv4\autoip.o
LOAD Middlewares\Third_Party\LwIP\src\core\ipv4\dhcp.o
LOAD Middlewares\Third_Party\LwIP\src\core\ipv4\etharp.o
LOAD Middlewares\Third_Party\LwIP\src\core\ipv4\icmp.o
LOAD Middlewares\Third_Party\LwIP\src\core\ipv4\igmp.o
LOAD Middlewares\Third_Party\LwIP\src\core\ipv4\ip4.o
LOAD Middlewares\Third_Party\LwIP\src\core\ipv4\ip4_addr.o
LOAD Middlewares\Third_Party\LwIP\src\core\ipv4\ip4_frag.o
LOAD Middlewares\Third_Party\LwIP\src\core\ipv6\dhcp6.o
LOAD Middlewares\Third_Party\LwIP\src\core\ipv6\ethip6.o
LOAD Middlewares\Third_Party\LwIP\src\core\ipv6\icmp6.o
LOAD Middlewares\Third_Party\LwIP\src\core\ipv6\inet6.o
LOAD Middlewares\Third_Party\LwIP\src\core\ipv6\ip6.o
LOAD Middlewares\Third_Party\LwIP\src\core\ipv6\ip6_addr.o
LOAD Middlewares\Third_Party\LwIP\src\core\ipv6\ip6_frag.o
LOAD Middlewares\Third_Party\LwIP\src\core\ipv6\mld6.o
LOAD Middlewares\Third_Party\LwIP\src\core\ipv6\nd6.o
LOAD Middlewares\Third_Party\LwIP\src\core\mem.o
LOAD Middlewares\Third_Party\LwIP\src\core\memp.o
LOAD Middlewares\Third_Party\LwIP\src\core\netif.o
LOAD Middlewares\Third_Party\LwIP\src\core\pbuf.o
LOAD Middlewares\Third_Party\LwIP\src\core\raw.o
LOAD Middlewares\Third_Party\LwIP\src\core\stats.o
LOAD Middlewares\Third_Party\LwIP\src\core\sys.o
LOAD Middlewares\Third_Party\LwIP\src\core\tcp.o
LOAD Middlewares\Third_Party\LwIP\src\core\tcp_in.o
LOAD Middlewares\Third_Party\LwIP\src\core\tcp_out.o
LOAD Middlewares\Third_Party\LwIP\src\core\timeouts.o
LOAD Middlewares\Third_Party\LwIP\src\core\udp.o
LOAD Middlewares\Third_Party\LwIP\src\netif\ethernet.o
LOAD Middlewares\Third_Party\LwIP\src\netif\lowpan6.o
LOAD Middlewares\Third_Party\LwIP\src\netif\ppp\auth.o
LOAD Middlewares\Third_Party\LwIP\src\netif\ppp\ccp.o
LOAD Middlewares\Third_Party\LwIP\src\netif\ppp\chap-md5.o
LOAD Middlewares\Third_Party\LwIP\src\netif\ppp\chap-new.o
LOAD Middlewares\Third_Party\LwIP\src\netif\ppp\chap_ms.o
LOAD Middlewares\Third_Party\LwIP\src\netif\ppp\demand.o
LOAD Middlewares\Third_Party\LwIP\src\netif\ppp\eap.o
LOAD Middlewares\Third_Party\LwIP\src\netif\ppp\ecp.o
LOAD Middlewares\Third_Party\LwIP\src\netif\ppp\eui64.o
LOAD Middlewares\Third_Party\LwIP\src\netif\ppp\fsm.o
LOAD Middlewares\Third_Party\LwIP\src\netif\ppp\ipcp.o
LOAD Middlewares\Third_Party\LwIP\src\netif\ppp\ipv6cp.o
LOAD Middlewares\Third_Party\LwIP\src\netif\ppp\lcp.o
LOAD Middlewares\Third_Party\LwIP\src\netif\ppp\magic.o
LOAD Middlewares\Third_Party\LwIP\src\netif\ppp\mppe.o
LOAD Middlewares\Third_Party\LwIP\src\netif\ppp\multilink.o
LOAD Middlewares\Third_Party\LwIP\src\netif\ppp\ppp.o
LOAD Middlewares\Third_Party\LwIP\src\netif\ppp\pppapi.o
LOAD Middlewares\Third_Party\LwIP\src\netif\ppp\pppcrypt.o
LOAD Middlewares\Third_Party\LwIP\src\netif\ppp\pppoe.o
LOAD Middlewares\Third_Party\LwIP\src\netif\ppp\pppol2tp.o
LOAD Middlewares\Third_Party\LwIP\src\netif\ppp\pppos.o
LOAD Middlewares\Third_Party\LwIP\src\netif\ppp\upap.o
LOAD Middlewares\Third_Party\LwIP\src\netif\ppp\utils.o
LOAD Middlewares\Third_Party\LwIP\src\netif\ppp\vj.o
LOAD Middlewares\Third_Party\LwIP\src\netif\slipif.o
LOAD Middlewares\Third_Party\LwIP\system\OS\sys_arch.o
LOAD startup\startup_stm32f207xx.o
                0x00000080                malloc_getpagesize_P = 0x80
START GROUP
LOAD c:/program files (x86)/atollic/truestudio for stm32 9.3.0/armtools/bin/../lib/gcc/arm-atollic-eabi/6.3.1/../../../../arm-atollic-eabi/lib/armv7-m\libc_nano.a
LOAD c:/program files (x86)/atollic/truestudio for stm32 9.3.0/armtools/bin/../lib/gcc/arm-atollic-eabi/6.3.1/../../../../arm-atollic-eabi/lib/armv7-m\libm.a
END GROUP
START GROUP
LOAD c:/program files (x86)/atollic/truestudio for stm32 9.3.0/armtools/bin/../lib/gcc/arm-atollic-eabi/6.3.1/armv7-m\libgcc.a
LOAD c:/program files (x86)/atollic/truestudio for stm32 9.3.0/armtools/bin/../lib/gcc/arm-atollic-eabi/6.3.1/../../../../arm-atollic-eabi/lib/armv7-m\libc_nano.a
END GROUP
START GROUP
LOAD c:/program files (x86)/atollic/truestudio for stm32 9.3.0/armtools/bin/../lib/gcc/arm-atollic-eabi/6.3.1/armv7-m\libgcc.a
LOAD c:/program files (x86)/atollic/truestudio for stm32 9.3.0/armtools/bin/../lib/gcc/arm-atollic-eabi/6.3.1/../../../../arm-atollic-eabi/lib/armv7-m\libc_nano.a
LOAD c:/program files (x86)/atollic/truestudio for stm32 9.3.0/armtools/bin/../lib/gcc/arm-atollic-eabi/6.3.1/../../../../arm-atollic-eabi/lib/armv7-m\libnosys.a
END GROUP
START GROUP
LOAD c:/program files (x86)/atollic/truestudio for stm32 9.3.0/armtools/bin/../lib/gcc/arm-atollic-eabi/6.3.1/armv7-m\libgcc.a
LOAD c:/program files (x86)/atollic/truestudio for stm32 9.3.0/armtools/bin/../lib/gcc/arm-atollic-eabi/6.3.1/../../../../arm-atollic-eabi/lib/armv7-m\libc_nano.a
LOAD c:/program files (x86)/atollic/truestudio for stm32 9.3.0/armtools/bin/../lib/gcc/arm-atollic-eabi/6.3.1/../../../../arm-atollic-eabi/lib/armv7-m\libnosys.a
END GROUP
LOAD c:/program files (x86)/atollic/truestudio for stm32 9.3.0/armtools/bin/../lib/gcc/arm-atollic-eabi/6.3.1/armv7-m/crtend.o
LOAD c:/program files (x86)/atollic/truestudio for stm32 9.3.0/armtools/bin/../lib/gcc/arm-atollic-eabi/6.3.1/armv7-m/crtn.o
                0x20020000                _estack = 0x20020000
                0x00000200                _Min_Heap_Size = 0x200
                0x00000400                _Min_Stack_Size = 0x400

.isr_vector     0x08000000      0x184
                0x08000000                . = ALIGN (0x4)
 *(.isr_vector)
 .isr_vector    0x08000000      0x184 startup\startup_stm32f207xx.o
                0x08000000                g_pfnVectors
                0x08000184                . = ALIGN (0x4)

.text           0x08000190     0xc834
                0x08000190                . = ALIGN (0x4)
 *(.text)
 .text          0x08000190       0x40 c:/program files (x86)/atollic/truestudio for stm32 9.3.0/armtools/bin/../lib/gcc/arm-atollic-eabi/6.3.1/armv7-m/crtbegin.o
 .text          0x080001d0       0x10 c:/program files (x86)/atollic/truestudio for stm32 9.3.0/armtools/bin/../lib/gcc/arm-atollic-eabi/6.3.1/../../../../arm-atollic-eabi/lib/armv7-m\libc_nano.a(lib_a-strlen.o)
                0x080001d0                strlen
 .text          0x080001e0      0x370 c:/program files (x86)/atollic/truestudio for stm32 9.3.0/armtools/bin/../lib/gcc/arm-atollic-eabi/6.3.1/armv7-m\libgcc.a(_arm_addsubdf3.o)
                0x080001e0                __aeabi_drsub
                0x080001e8                __aeabi_dsub
                0x080001e8                __subdf3
                0x080001ec                __aeabi_dadd
                0x080001ec                __adddf3
                0x08000464                __floatunsidf
                0x08000464                __aeabi_ui2d
                0x08000484                __floatsidf
                0x08000484                __aeabi_i2d
                0x080004a8                __aeabi_f2d
                0x080004a8                __extendsfdf2
                0x080004e4                __floatundidf
                0x080004e4                __aeabi_ul2d
                0x080004f4                __floatdidf
                0x080004f4                __aeabi_l2d
 .text          0x08000550      0x424 c:/program files (x86)/atollic/truestudio for stm32 9.3.0/armtools/bin/../lib/gcc/arm-atollic-eabi/6.3.1/armv7-m\libgcc.a(_arm_muldivdf3.o)
                0x08000550                __aeabi_dmul
                0x08000550                __muldf3
                0x080007a4                __divdf3
                0x080007a4                __aeabi_ddiv
 .text          0x08000974      0x110 c:/program files (x86)/atollic/truestudio for stm32 9.3.0/armtools/bin/../lib/gcc/arm-atollic-eabi/6.3.1/armv7-m\libgcc.a(_arm_cmpdf2.o)
                0x08000974                __gtdf2
                0x08000974                __gedf2
                0x0800097c                __ltdf2
                0x0800097c                __ledf2
                0x08000984                __nedf2
                0x08000984                __eqdf2
                0x08000984                __cmpdf2
                0x08000a00                __aeabi_cdrcmple
                0x08000a10                __aeabi_cdcmpeq
                0x08000a10                __aeabi_cdcmple
                0x08000a20                __aeabi_dcmpeq
                0x08000a34                __aeabi_dcmplt
                0x08000a48                __aeabi_dcmple
                0x08000a5c                __aeabi_dcmpge
                0x08000a70                __aeabi_dcmpgt
 .text          0x08000a84       0x2c c:/program files (x86)/atollic/truestudio for stm32 9.3.0/armtools/bin/../lib/gcc/arm-atollic-eabi/6.3.1/armv7-m\libgcc.a(_arm_unorddf2.o)
                0x08000a84                __unorddf2
                0x08000a84                __aeabi_dcmpun
 .text          0x08000ab0       0x50 c:/program files (x86)/atollic/truestudio for stm32 9.3.0/armtools/bin/../lib/gcc/arm-atollic-eabi/6.3.1/armv7-m\libgcc.a(_arm_fixdfsi.o)
                0x08000ab0                __aeabi_d2iz
                0x08000ab0                __fixdfsi
 .text          0x08000b00       0x30 c:/program files (x86)/atollic/truestudio for stm32 9.3.0/armtools/bin/../lib/gcc/arm-atollic-eabi/6.3.1/armv7-m\libgcc.a(_aeabi_uldivmod.o)
                0x08000b00                __aeabi_uldivmod
 .text          0x08000b30      0x2dc c:/program files (x86)/atollic/truestudio for stm32 9.3.0/armtools/bin/../lib/gcc/arm-atollic-eabi/6.3.1/armv7-m\libgcc.a(_udivmoddi4.o)
                0x08000b30                __udivmoddi4
 .text          0x08000e0c        0x4 c:/program files (x86)/atollic/truestudio for stm32 9.3.0/armtools/bin/../lib/gcc/arm-atollic-eabi/6.3.1/armv7-m\libgcc.a(_dvmd_tls.o)
                0x08000e0c                __aeabi_idiv0
                0x08000e0c                __aeabi_ldiv0
 *(.text*)
 .text.vApplicationGetIdleTaskMemory
                0x08000e10       0x18 Core\Src\freertos.o
                0x08000e10                vApplicationGetIdleTaskMemory
 .text.tinyG    0x08000e28       0x2c Core\Src\main.o
                0x08000e28                tinyG
 .text.SystemClock_Config
                0x08000e54       0x5c Core\Src\main.o
                0x08000e54                SystemClock_Config
 .text.startup.main
                0x08000eb0      0x13c Core\Src\main.o
                0x08000eb0                main
 .text.HAL_TIM_PeriodElapsedCallback
                0x08000fec       0x6c Core\Src\main.o
                0x08000fec                HAL_TIM_PeriodElapsedCallback
 .text.HAL_MspInit
                0x08001058       0x38 Core\Src\stm32f2xx_hal_msp.o
                0x08001058                HAL_MspInit
 .text.HAL_USART_MspInit
                0x08001090       0x6c Core\Src\stm32f2xx_hal_msp.o
                0x08001090                HAL_USART_MspInit
 .text.HAL_InitTick
                0x080010fc       0x7c Core\Src\stm32f2xx_hal_timebase_tim.o
                0x080010fc                HAL_InitTick
 .text.NMI_Handler
                0x08001178        0x2 Core\Src\stm32f2xx_it.o
                0x08001178                NMI_Handler
 .text.HardFault_Handler
                0x0800117a        0x2 Core\Src\stm32f2xx_it.o
                0x0800117a                HardFault_Handler
 .text.MemManage_Handler
                0x0800117c        0x2 Core\Src\stm32f2xx_it.o
                0x0800117c                MemManage_Handler
 .text.BusFault_Handler
                0x0800117e        0x2 Core\Src\stm32f2xx_it.o
                0x0800117e                BusFault_Handler
 .text.UsageFault_Handler
                0x08001180        0x2 Core\Src\stm32f2xx_it.o
                0x08001180                UsageFault_Handler
 .text.DebugMon_Handler
                0x08001182        0x2 Core\Src\stm32f2xx_it.o
                0x08001182                DebugMon_Handler
 .text.TIM1_UP_TIM10_IRQHandler
                0x08001184        0xc Core\Src\stm32f2xx_it.o
                0x08001184                TIM1_UP_TIM10_IRQHandler
 .text.ETH_IRQHandler
                0x08001190        0xc Core\Src\stm32f2xx_it.o
                0x08001190                ETH_IRQHandler
 .text._read    0x0800119c       0x1c Core\Src\syscalls.o
                0x0800119c                _read
 .text._write   0x080011b8       0x28 Core\Src\syscalls.o
                0x080011b8                _write
 .text._sbrk    0x080011e0       0x34 Core\Src\syscalls.o
                0x080011e0                _sbrk
 .text._close   0x08001214        0x6 Core\Src\syscalls.o
                0x08001214                _close
 .text._fstat   0x0800121a        0xa Core\Src\syscalls.o
                0x0800121a                _fstat
 .text._isatty  0x08001224        0x4 Core\Src\syscalls.o
                0x08001224                _isatty
 .text._lseek   0x08001228        0x4 Core\Src\syscalls.o
                0x08001228                _lseek
 .text.SystemInit
                0x0800122c       0x40 Core\Src\system_stm32f2xx.o
                0x0800122c                SystemInit
 .text.TelnetSent
                0x0800126c        0xc Core\Src\tcp.o
                0x0800126c                TelnetSent
 .text.TelnetAccept
                0x08001278       0x88 Core\Src\tcp.o
 .text.tcp_reset_read_buffer
                0x08001300       0x14 Core\Src\tcp.o
                0x08001300                tcp_reset_read_buffer
 .text.initTcpServer
                0x08001314       0x74 Core\Src\tcp.o
                0x08001314                initTcpServer
 .text.TelnetError
                0x08001388       0x28 Core\Src\tcp.o
 .text.TelnetWrite
                0x080013b0       0x18 Core\Src\tcp.o
                0x080013b0                TelnetWrite
 .text.TelnetWriteString
                0x080013c8       0x1c Core\Src\tcp.o
                0x080013c8                TelnetWriteString
 .text.tcpIsConnected
                0x080013e4        0xc Core\Src\tcp.o
                0x080013e4                tcpIsConnected
 .text.TelnetClose
                0x080013f0       0x54 Core\Src\tcp.o
                0x080013f0                TelnetClose
 .text.TelnetReceive
                0x08001444       0x8c Core\Src\tcp.o
 .text.HAL_Init
                0x080014d0       0x34 Drivers\STM32F2xx_HAL_Driver\Src\stm32f2xx_hal.o
                0x080014d0                HAL_Init
 .text.HAL_IncTick
                0x08001504       0x18 Drivers\STM32F2xx_HAL_Driver\Src\stm32f2xx_hal.o
                0x08001504                HAL_IncTick
 .text.HAL_GetTick
                0x0800151c        0xc Drivers\STM32F2xx_HAL_Driver\Src\stm32f2xx_hal.o
                0x0800151c                HAL_GetTick
 .text.HAL_Delay
                0x08001528       0x28 Drivers\STM32F2xx_HAL_Driver\Src\stm32f2xx_hal.o
                0x08001528                HAL_Delay
 .text.HAL_NVIC_SetPriorityGrouping
                0x08001550       0x24 Drivers\STM32F2xx_HAL_Driver\Src\stm32f2xx_hal_cortex.o
                0x08001550                HAL_NVIC_SetPriorityGrouping
 .text.HAL_NVIC_SetPriority
                0x08001574       0x68 Drivers\STM32F2xx_HAL_Driver\Src\stm32f2xx_hal_cortex.o
                0x08001574                HAL_NVIC_SetPriority
 .text.HAL_NVIC_EnableIRQ
                0x080015dc       0x1c Drivers\STM32F2xx_HAL_Driver\Src\stm32f2xx_hal_cortex.o
                0x080015dc                HAL_NVIC_EnableIRQ
 .text.ETH_Delay.constprop.4
                0x080015f8       0x24 Drivers\STM32F2xx_HAL_Driver\Src\stm32f2xx_hal_eth.o
 .text.ETH_FlushTransmitFIFO
                0x0800161c       0x28 Drivers\STM32F2xx_HAL_Driver\Src\stm32f2xx_hal_eth.o
 .text.ETH_MACDMAConfig
                0x08001644       0xf4 Drivers\STM32F2xx_HAL_Driver\Src\stm32f2xx_hal_eth.o
 .text.HAL_ETH_DMATxDescListInit
                0x08001738       0x7a Drivers\STM32F2xx_HAL_Driver\Src\stm32f2xx_hal_eth.o
                0x08001738                HAL_ETH_DMATxDescListInit
 .text.HAL_ETH_DMARxDescListInit
                0x080017b2       0x78 Drivers\STM32F2xx_HAL_Driver\Src\stm32f2xx_hal_eth.o
                0x080017b2                HAL_ETH_DMARxDescListInit
 *fill*         0x0800182a        0x2 
 .text.HAL_ETH_TransmitFrame
                0x0800182c       0xec Drivers\STM32F2xx_HAL_Driver\Src\stm32f2xx_hal_eth.o
                0x0800182c                HAL_ETH_TransmitFrame
 .text.HAL_ETH_GetReceivedFrame_IT
                0x08001918       0x8a Drivers\STM32F2xx_HAL_Driver\Src\stm32f2xx_hal_eth.o
                0x08001918                HAL_ETH_GetReceivedFrame_IT
 .text.HAL_ETH_TxCpltCallback
                0x080019a2        0x2 Drivers\STM32F2xx_HAL_Driver\Src\stm32f2xx_hal_eth.o
                0x080019a2                HAL_ETH_TxCpltCallback
 .text.HAL_ETH_ErrorCallback
                0x080019a4        0x2 Drivers\STM32F2xx_HAL_Driver\Src\stm32f2xx_hal_eth.o
                0x080019a4                HAL_ETH_ErrorCallback
 .text.HAL_ETH_IRQHandler
                0x080019a6       0x70 Drivers\STM32F2xx_HAL_Driver\Src\stm32f2xx_hal_eth.o
                0x080019a6                HAL_ETH_IRQHandler
 .text.HAL_ETH_ReadPHYRegister
                0x08001a16       0x74 Drivers\STM32F2xx_HAL_Driver\Src\stm32f2xx_hal_eth.o
                0x08001a16                HAL_ETH_ReadPHYRegister
 .text.HAL_ETH_WritePHYRegister
                0x08001a8a       0x6e Drivers\STM32F2xx_HAL_Driver\Src\stm32f2xx_hal_eth.o
                0x08001a8a                HAL_ETH_WritePHYRegister
 .text.HAL_ETH_Init
                0x08001af8      0x1e0 Drivers\STM32F2xx_HAL_Driver\Src\stm32f2xx_hal_eth.o
                0x08001af8                HAL_ETH_Init
 .text.HAL_ETH_Start
                0x08001cd8       0x78 Drivers\STM32F2xx_HAL_Driver\Src\stm32f2xx_hal_eth.o
                0x08001cd8                HAL_ETH_Start
 .text.HAL_ETH_Stop
                0x08001d50       0x78 Drivers\STM32F2xx_HAL_Driver\Src\stm32f2xx_hal_eth.o
                0x08001d50                HAL_ETH_Stop
 .text.HAL_ETH_ConfigMAC
                0x08001dc8      0x118 Drivers\STM32F2xx_HAL_Driver\Src\stm32f2xx_hal_eth.o
                0x08001dc8                HAL_ETH_ConfigMAC
 .text.HAL_GPIO_Init
                0x08001ee0      0x1cc Drivers\STM32F2xx_HAL_Driver\Src\stm32f2xx_hal_gpio.o
                0x08001ee0                HAL_GPIO_Init
 .text.HAL_RCC_OscConfig
                0x080020ac      0x344 Drivers\STM32F2xx_HAL_Driver\Src\stm32f2xx_hal_rcc.o
                0x080020ac                HAL_RCC_OscConfig
 .text.HAL_RCC_GetSysClockFreq
                0x080023f0       0x5c Drivers\STM32F2xx_HAL_Driver\Src\stm32f2xx_hal_rcc.o
                0x080023f0                HAL_RCC_GetSysClockFreq
 .text.HAL_RCC_ClockConfig
                0x0800244c      0x140 Drivers\STM32F2xx_HAL_Driver\Src\stm32f2xx_hal_rcc.o
                0x0800244c                HAL_RCC_ClockConfig
 .text.HAL_RCC_GetHCLKFreq
                0x0800258c        0xc Drivers\STM32F2xx_HAL_Driver\Src\stm32f2xx_hal_rcc.o
                0x0800258c                HAL_RCC_GetHCLKFreq
 .text.HAL_RCC_GetPCLK1Freq
                0x08002598       0x30 Drivers\STM32F2xx_HAL_Driver\Src\stm32f2xx_hal_rcc.o
                0x08002598                HAL_RCC_GetPCLK1Freq
 .text.HAL_RCC_GetPCLK2Freq
                0x080025c8       0x30 Drivers\STM32F2xx_HAL_Driver\Src\stm32f2xx_hal_rcc.o
                0x080025c8                HAL_RCC_GetPCLK2Freq
 .text.HAL_RCC_GetClockConfig
                0x080025f8       0x3c Drivers\STM32F2xx_HAL_Driver\Src\stm32f2xx_hal_rcc.o
                0x080025f8                HAL_RCC_GetClockConfig
 .text.HAL_TIM_Base_MspInit
                0x08002634        0x2 Drivers\STM32F2xx_HAL_Driver\Src\stm32f2xx_hal_tim.o
                0x08002634                HAL_TIM_Base_MspInit
 .text.HAL_TIM_Base_Start_IT
                0x08002636       0x20 Drivers\STM32F2xx_HAL_Driver\Src\stm32f2xx_hal_tim.o
                0x08002636                HAL_TIM_Base_Start_IT
 .text.HAL_TIM_OC_DelayElapsedCallback
                0x08002656        0x2 Drivers\STM32F2xx_HAL_Driver\Src\stm32f2xx_hal_tim.o
                0x08002656                HAL_TIM_OC_DelayElapsedCallback
 .text.HAL_TIM_IC_CaptureCallback
                0x08002658        0x2 Drivers\STM32F2xx_HAL_Driver\Src\stm32f2xx_hal_tim.o
                0x08002658                HAL_TIM_IC_CaptureCallback
 .text.HAL_TIM_PWM_PulseFinishedCallback
                0x0800265a        0x2 Drivers\STM32F2xx_HAL_Driver\Src\stm32f2xx_hal_tim.o
                0x0800265a                HAL_TIM_PWM_PulseFinishedCallback
 .text.HAL_TIM_TriggerCallback
                0x0800265c        0x2 Drivers\STM32F2xx_HAL_Driver\Src\stm32f2xx_hal_tim.o
                0x0800265c                HAL_TIM_TriggerCallback
 .text.HAL_TIM_IRQHandler
                0x0800265e      0x144 Drivers\STM32F2xx_HAL_Driver\Src\stm32f2xx_hal_tim.o
                0x0800265e                HAL_TIM_IRQHandler
 *fill*         0x080027a2        0x2 
 .text.TIM_Base_SetConfig
                0x080027a4       0xcc Drivers\STM32F2xx_HAL_Driver\Src\stm32f2xx_hal_tim.o
                0x080027a4                TIM_Base_SetConfig
 .text.HAL_TIM_Base_Init
                0x08002870       0x34 Drivers\STM32F2xx_HAL_Driver\Src\stm32f2xx_hal_tim.o
                0x08002870                HAL_TIM_Base_Init
 .text.HAL_TIMEx_CommutCallback
                0x080028a4        0x2 Drivers\STM32F2xx_HAL_Driver\Src\stm32f2xx_hal_tim_ex.o
                0x080028a4                HAL_TIMEx_CommutCallback
 .text.HAL_TIMEx_BreakCallback
                0x080028a6        0x2 Drivers\STM32F2xx_HAL_Driver\Src\stm32f2xx_hal_tim_ex.o
                0x080028a6                HAL_TIMEx_BreakCallback
 .text.USART_WaitOnFlagUntilTimeout.constprop.4
                0x080028a8       0x5c Drivers\STM32F2xx_HAL_Driver\Src\stm32f2xx_hal_usart.o
 .text.HAL_USART_Init
                0x08002904       0xe4 Drivers\STM32F2xx_HAL_Driver\Src\stm32f2xx_hal_usart.o
                0x08002904                HAL_USART_Init
 .text.HAL_USART_Transmit
                0x080029e8       0xb2 Drivers\STM32F2xx_HAL_Driver\Src\stm32f2xx_hal_usart.o
                0x080029e8                HAL_USART_Transmit
 *fill*         0x08002a9a        0x2 
 .text.MX_LWIP_Init
                0x08002a9c      0x120 LWIP\App\lwip.o
                0x08002a9c                MX_LWIP_Init
 .text.low_level_output
                0x08002bbc       0xa0 LWIP\Target\ethernetif.o
 .text.ethernetif_input
                0x08002c5c      0x100 LWIP\Target\ethernetif.o
                0x08002c5c                ethernetif_input
 .text.HAL_ETH_MspInit
                0x08002d5c       0xfc LWIP\Target\ethernetif.o
                0x08002d5c                HAL_ETH_MspInit
 .text.HAL_ETH_RxCpltCallback
                0x08002e58        0xc LWIP\Target\ethernetif.o
                0x08002e58                HAL_ETH_RxCpltCallback
 .text.ethernetif_init
                0x08002e64      0x15c LWIP\Target\ethernetif.o
                0x08002e64                ethernetif_init
 .text.sys_now  0x08002fc0        0x4 LWIP\Target\ethernetif.o
                0x08002fc0                sys_now
 .text.ethernetif_set_link
                0x08002fc4       0x4c LWIP\Target\ethernetif.o
                0x08002fc4                ethernetif_set_link
 .text.ethernetif_notify_conn_changed
                0x08003010        0x2 LWIP\Target\ethernetif.o
                0x08003010                ethernetif_notify_conn_changed
 *fill*         0x08003012        0x2 
 .text.ethernetif_update_config
                0x08003014       0xa8 LWIP\Target\ethernetif.o
                0x08003014                ethernetif_update_config
 .text.osKernelStart
                0x080030bc        0xa Middlewares\Third_Party\FreeRTOS\Source\CMSIS_RTOS\cmsis_os.o
                0x080030bc                osKernelStart
 .text.osKernelSysTick
                0x080030c6        0xe Middlewares\Third_Party\FreeRTOS\Source\CMSIS_RTOS\cmsis_os.o
                0x080030c6                osKernelSysTick
 .text.osThreadCreate
                0x080030d4       0x50 Middlewares\Third_Party\FreeRTOS\Source\CMSIS_RTOS\cmsis_os.o
                0x080030d4                osThreadCreate
 .text.osDelay  0x08003124       0x10 Middlewares\Third_Party\FreeRTOS\Source\CMSIS_RTOS\cmsis_os.o
                0x08003124                osDelay
 .text.osMutexCreate
                0x08003134        0xe Middlewares\Third_Party\FreeRTOS\Source\CMSIS_RTOS\cmsis_os.o
                0x08003134                osMutexCreate
 *fill*         0x08003142        0x2 
 .text.osMutexWait
                0x08003144       0x4c Middlewares\Third_Party\FreeRTOS\Source\CMSIS_RTOS\cmsis_os.o
                0x08003144                osMutexWait
 .text.osSemaphoreCreate
                0x08003190       0x4c Middlewares\Third_Party\FreeRTOS\Source\CMSIS_RTOS\cmsis_os.o
                0x08003190                osSemaphoreCreate
 .text.osSemaphoreWait
                0x080031dc       0x4c Middlewares\Third_Party\FreeRTOS\Source\CMSIS_RTOS\cmsis_os.o
                0x080031dc                osSemaphoreWait
 .text.osSemaphoreRelease
                0x08003228       0x48 Middlewares\Third_Party\FreeRTOS\Source\CMSIS_RTOS\cmsis_os.o
                0x08003228                osSemaphoreRelease
 .text.osMutexRelease
                0x08003270        0x4 Middlewares\Third_Party\FreeRTOS\Source\CMSIS_RTOS\cmsis_os.o
                0x08003270                osMutexRelease
 .text.osMessageCreate
                0x08003274       0x28 Middlewares\Third_Party\FreeRTOS\Source\CMSIS_RTOS\cmsis_os.o
                0x08003274                osMessageCreate
 .text.osMessagePut
                0x0800329c       0x50 Middlewares\Third_Party\FreeRTOS\Source\CMSIS_RTOS\cmsis_os.o
                0x0800329c                osMessagePut
 .text.osMessageGet
                0x080032ec       0x74 Middlewares\Third_Party\FreeRTOS\Source\CMSIS_RTOS\cmsis_os.o
                0x080032ec                osMessageGet
 .text.vListInitialise
                0x08003360       0x16 Middlewares\Third_Party\FreeRTOS\Source\list.o
                0x08003360                vListInitialise
 .text.vListInitialiseItem
                0x08003376        0x6 Middlewares\Third_Party\FreeRTOS\Source\list.o
                0x08003376                vListInitialiseItem
 .text.vListInsertEnd
                0x0800337c       0x18 Middlewares\Third_Party\FreeRTOS\Source\list.o
                0x0800337c                vListInsertEnd
 .text.vListInsert
                0x08003394       0x2e Middlewares\Third_Party\FreeRTOS\Source\list.o
                0x08003394                vListInsert
 .text.uxListRemove
                0x080033c2       0x22 Middlewares\Third_Party\FreeRTOS\Source\list.o
                0x080033c2                uxListRemove
 .text.prvTaskExitError
                0x080033e4       0x40 Middlewares\Third_Party\FreeRTOS\Source\portable\GCC\ARM_CM3\port.o
 .text.unlikely.prvPortStartFirstTask
                0x08003424       0x20 Middlewares\Third_Party\FreeRTOS\Source\portable\GCC\ARM_CM3\port.o
 .text.pxPortInitialiseStack
                0x08003444       0x24 Middlewares\Third_Party\FreeRTOS\Source\portable\GCC\ARM_CM3\port.o
                0x08003444                pxPortInitialiseStack
 *fill*         0x08003468        0x8 
 .text.SVC_Handler
                0x08003470       0x24 Middlewares\Third_Party\FreeRTOS\Source\portable\GCC\ARM_CM3\port.o
                0x08003470                SVC_Handler
 .text.vPortEnterCritical
                0x08003494       0x44 Middlewares\Third_Party\FreeRTOS\Source\portable\GCC\ARM_CM3\port.o
                0x08003494                vPortEnterCritical
 .text.vPortExitCritical
                0x080034d8       0x28 Middlewares\Third_Party\FreeRTOS\Source\portable\GCC\ARM_CM3\port.o
                0x080034d8                vPortExitCritical
 .text.PendSV_Handler
                0x08003500       0x44 Middlewares\Third_Party\FreeRTOS\Source\portable\GCC\ARM_CM3\port.o
                0x08003500                PendSV_Handler
 .text.SysTick_Handler
                0x08003544       0x2c Middlewares\Third_Party\FreeRTOS\Source\portable\GCC\ARM_CM3\port.o
                0x08003544                SysTick_Handler
 .text.vPortSetupTimerInterrupt
                0x08003570       0x34 Middlewares\Third_Party\FreeRTOS\Source\portable\GCC\ARM_CM3\port.o
                0x08003570                vPortSetupTimerInterrupt
 .text.xPortStartScheduler
                0x080035a4       0xb4 Middlewares\Third_Party\FreeRTOS\Source\portable\GCC\ARM_CM3\port.o
                0x080035a4                xPortStartScheduler
 .text.vPortValidateInterruptPriority
                0x08003658       0x5c Middlewares\Third_Party\FreeRTOS\Source\portable\GCC\ARM_CM3\port.o
                0x08003658                vPortValidateInterruptPriority
 .text.unlikely.prvInsertBlockIntoFreeList
                0x080036b4       0x48 Middlewares\Third_Party\FreeRTOS\Source\portable\MemMang\heap_4.o
 .text.pvPortMalloc
                0x080036fc      0x11c Middlewares\Third_Party\FreeRTOS\Source\portable\MemMang\heap_4.o
                0x080036fc                pvPortMalloc
 .text.vPortFree
                0x08003818       0x70 Middlewares\Third_Party\FreeRTOS\Source\portable\MemMang\heap_4.o
                0x08003818                vPortFree
 .text.prvIsQueueEmpty
                0x08003888       0x16 Middlewares\Third_Party\FreeRTOS\Source\queue.o
 .text.unlikely.prvCopyDataToQueue
                0x0800389e       0x66 Middlewares\Third_Party\FreeRTOS\Source\queue.o
 .text.unlikely.prvCopyDataFromQueue
                0x08003904       0x28 Middlewares\Third_Party\FreeRTOS\Source\queue.o
 .text.prvUnlockQueue
                0x0800392c       0x70 Middlewares\Third_Party\FreeRTOS\Source\queue.o
 .text.xQueueGenericReset
                0x0800399c       0x80 Middlewares\Third_Party\FreeRTOS\Source\queue.o
                0x0800399c                xQueueGenericReset
 .text.xQueueGenericCreateStatic
                0x08003a1c       0x92 Middlewares\Third_Party\FreeRTOS\Source\queue.o
                0x08003a1c                xQueueGenericCreateStatic
 .text.xQueueGenericCreate
                0x08003aae       0x48 Middlewares\Third_Party\FreeRTOS\Source\queue.o
                0x08003aae                xQueueGenericCreate
 *fill*         0x08003af6        0x2 
 .text.xQueueGenericSend
                0x08003af8      0x16c Middlewares\Third_Party\FreeRTOS\Source\queue.o
                0x08003af8                xQueueGenericSend
 .text.prvInitialiseMutex
                0x08003c64       0x14 Middlewares\Third_Party\FreeRTOS\Source\queue.o
 .text.xQueueCreateMutex
                0x08003c78       0x16 Middlewares\Third_Party\FreeRTOS\Source\queue.o
                0x08003c78                xQueueCreateMutex
 .text.xQueueCreateMutexStatic
                0x08003c8e       0x1c Middlewares\Third_Party\FreeRTOS\Source\queue.o
                0x08003c8e                xQueueCreateMutexStatic
 .text.xQueueGenericSendFromISR
                0x08003caa       0xc4 Middlewares\Third_Party\FreeRTOS\Source\queue.o
                0x08003caa                xQueueGenericSendFromISR
 .text.xQueueGiveFromISR
                0x08003d6e       0xa8 Middlewares\Third_Party\FreeRTOS\Source\queue.o
                0x08003d6e                xQueueGiveFromISR
 *fill*         0x08003e16        0x2 
 .text.xQueueReceive
                0x08003e18      0x148 Middlewares\Third_Party\FreeRTOS\Source\queue.o
                0x08003e18                xQueueReceive
 .text.xQueueSemaphoreTake
                0x08003f60      0x180 Middlewares\Third_Party\FreeRTOS\Source\queue.o
                0x08003f60                xQueueSemaphoreTake
 .text.xQueueReceiveFromISR
                0x080040e0       0xa0 Middlewares\Third_Party\FreeRTOS\Source\queue.o
                0x080040e0                xQueueReceiveFromISR
 .text.prvAddNewTaskToReadyList
                0x08004180       0xf8 Middlewares\Third_Party\FreeRTOS\Source\tasks.o
 .text.prvResetNextTaskUnblockTime
                0x08004278       0x24 Middlewares\Third_Party\FreeRTOS\Source\tasks.o
 .text.prvInitialiseNewTask.isra.2
                0x0800429c       0x82 Middlewares\Third_Party\FreeRTOS\Source\tasks.o
 .text.prvDeleteTCB
                0x0800431e       0x36 Middlewares\Third_Party\FreeRTOS\Source\tasks.o
 .text.prvIdleTask
                0x08004354       0x64 Middlewares\Third_Party\FreeRTOS\Source\tasks.o
 .text.prvAddCurrentTaskToDelayedList
                0x080043b8       0x8c Middlewares\Third_Party\FreeRTOS\Source\tasks.o
 .text.xTaskCreateStatic
                0x08004444       0x6e Middlewares\Third_Party\FreeRTOS\Source\tasks.o
                0x08004444                xTaskCreateStatic
 .text.xTaskCreate
                0x080044b2       0x5a Middlewares\Third_Party\FreeRTOS\Source\tasks.o
                0x080044b2                xTaskCreate
 .text.vTaskStartScheduler
                0x0800450c       0x6c Middlewares\Third_Party\FreeRTOS\Source\tasks.o
                0x0800450c                vTaskStartScheduler
 .text.vTaskSuspendAll
                0x08004578       0x10 Middlewares\Third_Party\FreeRTOS\Source\tasks.o
                0x08004578                vTaskSuspendAll
 .text.xTaskGetTickCount
                0x08004588        0xc Middlewares\Third_Party\FreeRTOS\Source\tasks.o
                0x08004588                xTaskGetTickCount
 .text.xTaskGetTickCountFromISR
                0x08004594       0x10 Middlewares\Third_Party\FreeRTOS\Source\tasks.o
                0x08004594                xTaskGetTickCountFromISR
 .text.xTaskIncrementTick
                0x080045a4      0x124 Middlewares\Third_Party\FreeRTOS\Source\tasks.o
                0x080045a4                xTaskIncrementTick
 .text.xTaskResumeAll
                0x080046c8       0xf0 Middlewares\Third_Party\FreeRTOS\Source\tasks.o
                0x080046c8                xTaskResumeAll
 .text.vTaskDelay
                0x080047b8       0x48 Middlewares\Third_Party\FreeRTOS\Source\tasks.o
                0x080047b8                vTaskDelay
 .text.vTaskSwitchContext
                0x08004800       0x74 Middlewares\Third_Party\FreeRTOS\Source\tasks.o
                0x08004800                vTaskSwitchContext
 .text.vTaskPlaceOnEventList
                0x08004874       0x34 Middlewares\Third_Party\FreeRTOS\Source\tasks.o
                0x08004874                vTaskPlaceOnEventList
 .text.xTaskRemoveFromEventList
                0x080048a8       0x84 Middlewares\Third_Party\FreeRTOS\Source\tasks.o
                0x080048a8                xTaskRemoveFromEventList
 .text.vTaskInternalSetTimeOutState
                0x0800492c       0x18 Middlewares\Third_Party\FreeRTOS\Source\tasks.o
                0x0800492c                vTaskInternalSetTimeOutState
 .text.xTaskCheckForTimeOut
                0x08004944       0x78 Middlewares\Third_Party\FreeRTOS\Source\tasks.o
                0x08004944                xTaskCheckForTimeOut
 .text.vTaskMissedYield
                0x080049bc        0xc Middlewares\Third_Party\FreeRTOS\Source\tasks.o
                0x080049bc                vTaskMissedYield
 .text.xTaskGetSchedulerState
                0x080049c8       0x20 Middlewares\Third_Party\FreeRTOS\Source\tasks.o
                0x080049c8                xTaskGetSchedulerState
 .text.xTaskPriorityInherit
                0x080049e8       0xa8 Middlewares\Third_Party\FreeRTOS\Source\tasks.o
                0x080049e8                xTaskPriorityInherit
 .text.xTaskPriorityDisinherit
                0x08004a90       0xa0 Middlewares\Third_Party\FreeRTOS\Source\tasks.o
                0x08004a90                xTaskPriorityDisinherit
 .text.vTaskPriorityDisinheritAfterTimeout
                0x08004b30       0xb0 Middlewares\Third_Party\FreeRTOS\Source\tasks.o
                0x08004b30                vTaskPriorityDisinheritAfterTimeout
 .text.pvTaskIncrementMutexHeldCount
                0x08004be0       0x18 Middlewares\Third_Party\FreeRTOS\Source\tasks.o
                0x08004be0                pvTaskIncrementMutexHeldCount
 .text.tcpip_thread
                0x08004bf8       0x94 Middlewares\Third_Party\LwIP\src\api\tcpip.o
 .text.tcpip_inpkt
                0x08004c8c       0x58 Middlewares\Third_Party\LwIP\src\api\tcpip.o
                0x08004c8c                tcpip_inpkt
 .text.tcpip_input
                0x08004ce4       0x1c Middlewares\Third_Party\LwIP\src\api\tcpip.o
                0x08004ce4                tcpip_input
 .text.tcpip_callback_with_block
                0x08004d00       0x60 Middlewares\Third_Party\LwIP\src\api\tcpip.o
                0x08004d00                tcpip_callback_with_block
 .text.tcpip_init
                0x08004d60       0x80 Middlewares\Third_Party\LwIP\src\api\tcpip.o
                0x08004d60                tcpip_init
 .text.lwip_htons
                0x08004de0        0x6 Middlewares\Third_Party\LwIP\src\core\def.o
                0x08004de0                lwip_htons
 .text.lwip_htonl
                0x08004de6        0x4 Middlewares\Third_Party\LwIP\src\core\def.o
                0x08004de6                lwip_htonl
 .text.lwip_init
                0x08004dea       0x22 Middlewares\Third_Party\LwIP\src\core\init.o
                0x08004dea                lwip_init
 .text.etharp_free_entry
                0x08004e0c       0x28 Middlewares\Third_Party\LwIP\src\core\ipv4\etharp.o
 .text.etharp_raw
                0x08004e34       0xd8 Middlewares\Third_Party\LwIP\src\core\ipv4\etharp.o
 .text.etharp_find_entry.isra.0
                0x08004f0c      0x114 Middlewares\Third_Party\LwIP\src\core\ipv4\etharp.o
 .text.etharp_cleanup_netif
                0x08005020       0x28 Middlewares\Third_Party\LwIP\src\core\ipv4\etharp.o
                0x08005020                etharp_cleanup_netif
 .text.etharp_input
                0x08005048      0x12c Middlewares\Third_Party\LwIP\src\core\ipv4\etharp.o
                0x08005048                etharp_input
 .text.etharp_request
                0x08005174       0x2c Middlewares\Third_Party\LwIP\src\core\ipv4\etharp.o
                0x08005174                etharp_request
 .text.etharp_tmr
                0x080051a0       0x54 Middlewares\Third_Party\LwIP\src\core\ipv4\etharp.o
                0x080051a0                etharp_tmr
 .text.etharp_output_to_arp_index
                0x080051f4       0xac Middlewares\Third_Party\LwIP\src\core\ipv4\etharp.o
 .text.etharp_query
                0x080052a0      0x148 Middlewares\Third_Party\LwIP\src\core\ipv4\etharp.o
                0x080052a0                etharp_query
 .text.etharp_output
                0x080053e8      0x128 Middlewares\Third_Party\LwIP\src\core\ipv4\etharp.o
                0x080053e8                etharp_output
 .text.icmp_send_response.isra.0
                0x08005510       0x94 Middlewares\Third_Party\LwIP\src\core\ipv4\icmp.o
 .text.icmp_input
                0x080055a4      0x130 Middlewares\Third_Party\LwIP\src\core\ipv4\icmp.o
                0x080055a4                icmp_input
 .text.icmp_dest_unreach
                0x080056d4        0xa Middlewares\Third_Party\LwIP\src\core\ipv4\icmp.o
                0x080056d4                icmp_dest_unreach
 .text.icmp_time_exceeded
                0x080056de        0xa Middlewares\Third_Party\LwIP\src\core\ipv4\icmp.o
                0x080056de                icmp_time_exceeded
 .text.ip4_route
                0x080056e8       0x58 Middlewares\Third_Party\LwIP\src\core\ipv4\ip4.o
                0x080056e8                ip4_route
 .text.ip4_input
                0x08005740      0x184 Middlewares\Third_Party\LwIP\src\core\ipv4\ip4.o
                0x08005740                ip4_input
 .text.ip4_output_if_src
                0x080058c4       0xf0 Middlewares\Third_Party\LwIP\src\core\ipv4\ip4.o
                0x080058c4                ip4_output_if_src
 .text.ip4_output_if
                0x080059b4       0x22 Middlewares\Third_Party\LwIP\src\core\ipv4\ip4.o
                0x080059b4                ip4_output_if
 .text.ip4_addr_isbroadcast_u32
                0x080059d6       0x32 Middlewares\Third_Party\LwIP\src\core\ipv4\ip4_addr.o
                0x080059d6                ip4_addr_isbroadcast_u32
 .text.ip_reass_dequeue_datagram
                0x08005a08       0x44 Middlewares\Third_Party\LwIP\src\core\ipv4\ip4_frag.o
 .text.ip_reass_free_complete_datagram
                0x08005a4c       0xe8 Middlewares\Third_Party\LwIP\src\core\ipv4\ip4_frag.o
 .text.ip_reass_remove_oldest_datagram
                0x08005b34       0x78 Middlewares\Third_Party\LwIP\src\core\ipv4\ip4_frag.o
 .text.ip_frag_free_pbuf_custom_ref
                0x08005bac       0x2c Middlewares\Third_Party\LwIP\src\core\ipv4\ip4_frag.o
 .text.ipfrag_free_pbuf_custom
                0x08005bd8       0x34 Middlewares\Third_Party\LwIP\src\core\ipv4\ip4_frag.o
 .text.ip_reass_tmr
                0x08005c0c       0x28 Middlewares\Third_Party\LwIP\src\core\ipv4\ip4_frag.o
                0x08005c0c                ip_reass_tmr
 .text.ip4_reass
                0x08005c34      0x354 Middlewares\Third_Party\LwIP\src\core\ipv4\ip4_frag.o
                0x08005c34                ip4_reass
 .text.ip4_frag
                0x08005f88      0x1b4 Middlewares\Third_Party\LwIP\src\core\ipv4\ip4_frag.o
                0x08005f88                ip4_frag
 .text.mem_init
                0x0800613c       0x6c Middlewares\Third_Party\LwIP\src\core\mem.o
                0x0800613c                mem_init
 .text.mem_free
                0x080061a8      0x170 Middlewares\Third_Party\LwIP\src\core\mem.o
                0x080061a8                mem_free
 .text.mem_trim
                0x08006318      0x118 Middlewares\Third_Party\LwIP\src\core\mem.o
                0x08006318                mem_trim
 .text.mem_malloc
                0x08006430      0x13c Middlewares\Third_Party\LwIP\src\core\mem.o
                0x08006430                mem_malloc
 .text.do_memp_malloc_pool.isra.0
                0x0800656c       0x3c Middlewares\Third_Party\LwIP\src\core\memp.o
 .text.do_memp_free_pool.isra.1
                0x080065a8       0x38 Middlewares\Third_Party\LwIP\src\core\memp.o
 .text.memp_init_pool
                0x080065e0       0x26 Middlewares\Third_Party\LwIP\src\core\memp.o
                0x080065e0                memp_init_pool
 *fill*         0x08006606        0x2 
 .text.memp_init
                0x08006608       0x1c Middlewares\Third_Party\LwIP\src\core\memp.o
                0x08006608                memp_init
 .text.memp_malloc
                0x08006624       0x38 Middlewares\Third_Party\LwIP\src\core\memp.o
                0x08006624                memp_malloc
 .text.memp_free
                0x0800665c       0x34 Middlewares\Third_Party\LwIP\src\core\memp.o
                0x0800665c                memp_free
 .text.netif_issue_reports.part.0
                0x08006690       0x12 Middlewares\Third_Party\LwIP\src\core\netif.o
 .text.netif_init
                0x080066a2        0x2 Middlewares\Third_Party\LwIP\src\core\netif.o
                0x080066a2                netif_init
 .text.netif_set_ipaddr
                0x080066a4       0x4c Middlewares\Third_Party\LwIP\src\core\netif.o
                0x080066a4                netif_set_ipaddr
 .text.netif_set_addr
                0x080066f0       0x38 Middlewares\Third_Party\LwIP\src\core\netif.o
                0x080066f0                netif_set_addr
 .text.netif_add
                0x08006728       0x80 Middlewares\Third_Party\LwIP\src\core\netif.o
                0x08006728                netif_add
 .text.netif_set_default
                0x080067a8        0xc Middlewares\Third_Party\LwIP\src\core\netif.o
                0x080067a8                netif_set_default
 .text.netif_set_up
                0x080067b4       0x32 Middlewares\Third_Party\LwIP\src\core\netif.o
                0x080067b4                netif_set_up
 .text.netif_set_down
                0x080067e6       0x2a Middlewares\Third_Party\LwIP\src\core\netif.o
                0x080067e6                netif_set_down
 .text.netif_set_link_up
                0x08006810       0x2e Middlewares\Third_Party\LwIP\src\core\netif.o
                0x08006810                netif_set_link_up
 .text.netif_set_link_down
                0x0800683e       0x18 Middlewares\Third_Party\LwIP\src\core\netif.o
                0x0800683e                netif_set_link_down
 .text.netif_set_link_callback
                0x08006856        0x6 Middlewares\Third_Party\LwIP\src\core\netif.o
                0x08006856                netif_set_link_callback
 .text.pbuf_free_ooseq_callback
                0x0800685c       0x34 Middlewares\Third_Party\LwIP\src\core\pbuf.o
 .text.pbuf_header_impl
                0x08006890       0x9c Middlewares\Third_Party\LwIP\src\core\pbuf.o
 .text.pbuf_pool_is_empty
                0x0800692c       0x3c Middlewares\Third_Party\LwIP\src\core\pbuf.o
 .text.pbuf_alloced_custom
                0x08006968       0x70 Middlewares\Third_Party\LwIP\src\core\pbuf.o
                0x08006968                pbuf_alloced_custom
 .text.pbuf_header
                0x080069d8        0x6 Middlewares\Third_Party\LwIP\src\core\pbuf.o
                0x080069d8                pbuf_header
 .text.pbuf_header_force
                0x080069de        0x6 Middlewares\Third_Party\LwIP\src\core\pbuf.o
                0x080069de                pbuf_header_force
 .text.pbuf_free
                0x080069e4       0xd4 Middlewares\Third_Party\LwIP\src\core\pbuf.o
                0x080069e4                pbuf_free
 .text.pbuf_alloc
                0x08006ab8      0x1b8 Middlewares\Third_Party\LwIP\src\core\pbuf.o
                0x08006ab8                pbuf_alloc
 .text.pbuf_realloc
                0x08006c70       0xe0 Middlewares\Third_Party\LwIP\src\core\pbuf.o
                0x08006c70                pbuf_realloc
 .text.pbuf_clen
                0x08006d50       0x10 Middlewares\Third_Party\LwIP\src\core\pbuf.o
                0x08006d50                pbuf_clen
 .text.pbuf_ref
                0x08006d60       0x38 Middlewares\Third_Party\LwIP\src\core\pbuf.o
                0x08006d60                pbuf_ref
 .text.pbuf_cat
                0x08006d98       0x74 Middlewares\Third_Party\LwIP\src\core\pbuf.o
                0x08006d98                pbuf_cat
 .text.pbuf_copy
                0x08006e0c      0x114 Middlewares\Third_Party\LwIP\src\core\pbuf.o
                0x08006e0c                pbuf_copy
 .text.pbuf_copy_partial
                0x08006f20       0x8c Middlewares\Third_Party\LwIP\src\core\pbuf.o
                0x08006f20                pbuf_copy_partial
 .text.tcp_new_port
                0x08006fac       0x54 Middlewares\Third_Party\LwIP\src\core\tcp.o
 .text.tcp_close_shutdown_fin
                0x08007000       0x60 Middlewares\Third_Party\LwIP\src\core\tcp.o
 .text.tcp_init
                0x08007060        0x2 Middlewares\Third_Party\LwIP\src\core\tcp.o
                0x08007060                tcp_init
 *fill*         0x08007062        0x2 
 .text.tcp_bind
                0x08007064       0x94 Middlewares\Third_Party\LwIP\src\core\tcp.o
                0x08007064                tcp_bind
 .text.tcp_listen_with_backlog_and_err
                0x080070f8       0xb0 Middlewares\Third_Party\LwIP\src\core\tcp.o
                0x080070f8                tcp_listen_with_backlog_and_err
 .text.tcp_listen_with_backlog
                0x080071a8        0x6 Middlewares\Third_Party\LwIP\src\core\tcp.o
                0x080071a8                tcp_listen_with_backlog
 *fill*         0x080071ae        0x2 
 .text.tcp_update_rcv_ann_wnd
                0x080071b0       0x58 Middlewares\Third_Party\LwIP\src\core\tcp.o
                0x080071b0                tcp_update_rcv_ann_wnd
 .text.tcp_recved
                0x08007208       0x7c Middlewares\Third_Party\LwIP\src\core\tcp.o
                0x08007208                tcp_recved
 .text.tcp_seg_free
                0x08007284       0x1c Middlewares\Third_Party\LwIP\src\core\tcp.o
                0x08007284                tcp_seg_free
 .text.tcp_segs_free
                0x080072a0       0x10 Middlewares\Third_Party\LwIP\src\core\tcp.o
                0x080072a0                tcp_segs_free
 .text.tcp_setprio
                0x080072b0        0x4 Middlewares\Third_Party\LwIP\src\core\tcp.o
                0x080072b0                tcp_setprio
 .text.tcp_seg_copy
                0x080072b4       0x2c Middlewares\Third_Party\LwIP\src\core\tcp.o
                0x080072b4                tcp_seg_copy
 .text.tcp_arg  0x080072e0        0x6 Middlewares\Third_Party\LwIP\src\core\tcp.o
                0x080072e0                tcp_arg
 *fill*         0x080072e6        0x2 
 .text.tcp_recv
                0x080072e8       0x30 Middlewares\Third_Party\LwIP\src\core\tcp.o
                0x080072e8                tcp_recv
 .text.tcp_sent
                0x08007318       0x2c Middlewares\Third_Party\LwIP\src\core\tcp.o
                0x08007318                tcp_sent
 .text.tcp_err  0x08007344       0x30 Middlewares\Third_Party\LwIP\src\core\tcp.o
                0x08007344                tcp_err
 .text.tcp_accept
                0x08007374        0xc Middlewares\Third_Party\LwIP\src\core\tcp.o
                0x08007374                tcp_accept
 .text.tcp_poll
                0x08007380       0x30 Middlewares\Third_Party\LwIP\src\core\tcp.o
                0x08007380                tcp_poll
 .text.tcp_pcb_purge
                0x080073b0       0x40 Middlewares\Third_Party\LwIP\src\core\tcp.o
                0x080073b0                tcp_pcb_purge
 .text.tcp_slowtmr
                0x080073f0      0x3c4 Middlewares\Third_Party\LwIP\src\core\tcp.o
                0x080073f0                tcp_slowtmr
 .text.tcp_pcb_remove
                0x080077b4       0xa0 Middlewares\Third_Party\LwIP\src\core\tcp.o
                0x080077b4                tcp_pcb_remove
 .text.tcp_close_shutdown
                0x08007854      0x14c Middlewares\Third_Party\LwIP\src\core\tcp.o
 .text.tcp_close
                0x080079a0       0x14 Middlewares\Third_Party\LwIP\src\core\tcp.o
                0x080079a0                tcp_close
 .text.tcp_recv_null
                0x080079b4       0x24 Middlewares\Third_Party\LwIP\src\core\tcp.o
                0x080079b4                tcp_recv_null
 .text.tcp_process_refused_data
                0x080079d8       0x66 Middlewares\Third_Party\LwIP\src\core\tcp.o
                0x080079d8                tcp_process_refused_data
 *fill*         0x08007a3e        0x2 
 .text.tcp_fasttmr
                0x08007a40       0x80 Middlewares\Third_Party\LwIP\src\core\tcp.o
                0x08007a40                tcp_fasttmr
 .text.tcp_tmr  0x08007ac0       0x24 Middlewares\Third_Party\LwIP\src\core\tcp.o
                0x08007ac0                tcp_tmr
 .text.tcp_abandon
                0x08007ae4       0xec Middlewares\Third_Party\LwIP\src\core\tcp.o
                0x08007ae4                tcp_abandon
 .text.tcp_abort
                0x08007bd0        0x6 Middlewares\Third_Party\LwIP\src\core\tcp.o
                0x08007bd0                tcp_abort
 .text.tcp_accept_null
                0x08007bd6        0xe Middlewares\Third_Party\LwIP\src\core\tcp.o
 .text.tcp_netif_ip_addr_changed_pcblist
                0x08007be4       0x1c Middlewares\Third_Party\LwIP\src\core\tcp.o
 .text.tcp_kill_state
                0x08007c00       0x60 Middlewares\Third_Party\LwIP\src\core\tcp.o
 .text.tcp_alloc
                0x08007c60      0x110 Middlewares\Third_Party\LwIP\src\core\tcp.o
                0x08007c60                tcp_alloc
 .text.tcp_new  0x08007d70        0x6 Middlewares\Third_Party\LwIP\src\core\tcp.o
                0x08007d70                tcp_new
 *fill*         0x08007d76        0x2 
 .text.tcp_next_iss
                0x08007d78       0x18 Middlewares\Third_Party\LwIP\src\core\tcp.o
                0x08007d78                tcp_next_iss
 .text.tcp_eff_send_mss_impl
                0x08007d90       0x1e Middlewares\Third_Party\LwIP\src\core\tcp.o
                0x08007d90                tcp_eff_send_mss_impl
 *fill*         0x08007dae        0x2 
 .text.tcp_netif_ip_addr_changed
                0x08007db0       0x4c Middlewares\Third_Party\LwIP\src\core\tcp.o
                0x08007db0                tcp_netif_ip_addr_changed
 .text.tcp_oos_insert_segment
                0x08007dfc       0x7c Middlewares\Third_Party\LwIP\src\core\tcp_in.o
 .text.tcp_receive
                0x08007e78      0x9a0 Middlewares\Third_Party\LwIP\src\core\tcp_in.o
 .text.tcp_getoptbyte
                0x08008818       0x40 Middlewares\Third_Party\LwIP\src\core\tcp_in.o
 .text.tcp_parseopt.isra.1.part.2
                0x08008858       0x70 Middlewares\Third_Party\LwIP\src\core\tcp_in.o
 .text.tcp_input_delayed_close
                0x080088c8       0x40 Middlewares\Third_Party\LwIP\src\core\tcp_in.o
 .text.tcp_input
                0x08008908      0x9fc Middlewares\Third_Party\LwIP\src\core\tcp_in.o
                0x08008908                tcp_input
 .text.tcp_trigger_input_pcb_close
                0x08009304       0x10 Middlewares\Third_Party\LwIP\src\core\tcp_in.o
                0x08009304                tcp_trigger_input_pcb_close
 .text.tcp_create_segment
                0x08009314       0xd0 Middlewares\Third_Party\LwIP\src\core\tcp_out.o
 .text.tcp_output_alloc_header.constprop.0
                0x080093e4       0x78 Middlewares\Third_Party\LwIP\src\core\tcp_out.o
 .text.tcp_enqueue_flags
                0x0800945c      0x130 Middlewares\Third_Party\LwIP\src\core\tcp_out.o
                0x0800945c                tcp_enqueue_flags
 .text.tcp_send_fin
                0x0800958c       0x44 Middlewares\Third_Party\LwIP\src\core\tcp_out.o
                0x0800958c                tcp_send_fin
 .text.tcp_send_empty_ack
                0x080095d0       0x6a Middlewares\Third_Party\LwIP\src\core\tcp_out.o
                0x080095d0                tcp_send_empty_ack
 *fill*         0x0800963a        0x2 
 .text.tcp_output
                0x0800963c      0x2fc Middlewares\Third_Party\LwIP\src\core\tcp_out.o
                0x0800963c                tcp_output
 .text.tcp_rst  0x08009938       0xb4 Middlewares\Third_Party\LwIP\src\core\tcp_out.o
                0x08009938                tcp_rst
 .text.tcp_rexmit_rto
                0x080099ec       0x34 Middlewares\Third_Party\LwIP\src\core\tcp_out.o
                0x080099ec                tcp_rexmit_rto
 .text.tcp_rexmit
                0x08009a20       0x52 Middlewares\Third_Party\LwIP\src\core\tcp_out.o
                0x08009a20                tcp_rexmit
 .text.tcp_rexmit_fast
                0x08009a72       0x4e Middlewares\Third_Party\LwIP\src\core\tcp_out.o
                0x08009a72                tcp_rexmit_fast
 .text.tcp_keepalive
                0x08009ac0       0x54 Middlewares\Third_Party\LwIP\src\core\tcp_out.o
                0x08009ac0                tcp_keepalive
 .text.tcp_zero_window_probe
                0x08009b14       0xbe Middlewares\Third_Party\LwIP\src\core\tcp_out.o
                0x08009b14                tcp_zero_window_probe
 *fill*         0x08009bd2        0x2 
 .text.sys_timeout
                0x08009bd4       0xa4 Middlewares\Third_Party\LwIP\src\core\timeouts.o
                0x08009bd4                sys_timeout
 .text.tcp_timer_needed
                0x08009c78       0x34 Middlewares\Third_Party\LwIP\src\core\timeouts.o
                0x08009c78                tcp_timer_needed
 .text.tcpip_tcp_timer
                0x08009cac       0x38 Middlewares\Third_Party\LwIP\src\core\timeouts.o
 .text.sys_timeouts_init
                0x08009ce4       0x38 Middlewares\Third_Party\LwIP\src\core\timeouts.o
                0x08009ce4                sys_timeouts_init
 .text.cyclic_timer
                0x08009d1c       0x1c Middlewares\Third_Party\LwIP\src\core\timeouts.o
 .text.sys_timeouts_mbox_fetch
                0x08009d38       0xa4 Middlewares\Third_Party\LwIP\src\core\timeouts.o
                0x08009d38                sys_timeouts_mbox_fetch
 .text.udp_init
                0x08009ddc        0x2 Middlewares\Third_Party\LwIP\src\core\udp.o
                0x08009ddc                udp_init
 *fill*         0x08009dde        0x2 
 .text.udp_input
                0x08009de0      0x130 Middlewares\Third_Party\LwIP\src\core\udp.o
                0x08009de0                udp_input
 .text.udp_netif_ip_addr_changed
                0x08009f10       0x2c Middlewares\Third_Party\LwIP\src\core\udp.o
                0x08009f10                udp_netif_ip_addr_changed
 .text.ethernet_input
                0x08009f3c       0x98 Middlewares\Third_Party\LwIP\src\netif\ethernet.o
                0x08009f3c                ethernet_input
 .text.ethernet_output
                0x08009fd4       0x70 Middlewares\Third_Party\LwIP\src\netif\ethernet.o
                0x08009fd4                ethernet_output
 .text.sys_mbox_new
                0x0800a044       0x24 Middlewares\Third_Party\LwIP\system\OS\sys_arch.o
                0x0800a044                sys_mbox_new
 .text.sys_mbox_post
                0x0800a068       0x18 Middlewares\Third_Party\LwIP\system\OS\sys_arch.o
                0x0800a068                sys_mbox_post
 .text.sys_mbox_trypost
                0x0800a080       0x14 Middlewares\Third_Party\LwIP\system\OS\sys_arch.o
                0x0800a080                sys_mbox_trypost
 .text.sys_arch_mbox_fetch
                0x0800a094       0x44 Middlewares\Third_Party\LwIP\system\OS\sys_arch.o
                0x0800a094                sys_arch_mbox_fetch
 .text.sys_mbox_valid
                0x0800a0d8        0xa Middlewares\Third_Party\LwIP\system\OS\sys_arch.o
                0x0800a0d8                sys_mbox_valid
 *fill*         0x0800a0e2        0x2 
 .text.sys_init
                0x0800a0e4       0x18 Middlewares\Third_Party\LwIP\system\OS\sys_arch.o
                0x0800a0e4                sys_init
 .text.sys_mutex_new
                0x0800a0fc       0x1e Middlewares\Third_Party\LwIP\system\OS\sys_arch.o
                0x0800a0fc                sys_mutex_new
 .text.sys_mutex_lock
                0x0800a11a        0xa Middlewares\Third_Party\LwIP\system\OS\sys_arch.o
                0x0800a11a                sys_mutex_lock
 .text.sys_mutex_unlock
                0x0800a124        0x6 Middlewares\Third_Party\LwIP\system\OS\sys_arch.o
                0x0800a124                sys_mutex_unlock
 .text.sys_thread_new
                0x0800a12a       0x2e Middlewares\Third_Party\LwIP\system\OS\sys_arch.o
                0x0800a12a                sys_thread_new
 .text.sys_arch_protect
                0x0800a158       0x18 Middlewares\Third_Party\LwIP\system\OS\sys_arch.o
                0x0800a158                sys_arch_protect
 .text.sys_arch_unprotect
                0x0800a170        0xc Middlewares\Third_Party\LwIP\system\OS\sys_arch.o
                0x0800a170                sys_arch_unprotect
 .text.Reset_Handler
                0x0800a17c       0x50 startup\startup_stm32f207xx.o
                0x0800a17c                Reset_Handler
 .text.Default_Handler
                0x0800a1cc        0x2 startup\startup_stm32f207xx.o
                0x0800a1cc                RTC_Alarm_IRQHandler
                0x0800a1cc                HASH_RNG_IRQHandler
                0x0800a1cc                EXTI2_IRQHandler
                0x0800a1cc                TIM8_CC_IRQHandler
                0x0800a1cc                TIM1_CC_IRQHandler
                0x0800a1cc                DMA2_Stream5_IRQHandler
                0x0800a1cc                DMA1_Stream5_IRQHandler
                0x0800a1cc                PVD_IRQHandler
                0x0800a1cc                SDIO_IRQHandler
                0x0800a1cc                TAMP_STAMP_IRQHandler
                0x0800a1cc                CAN2_RX1_IRQHandler
                0x0800a1cc                EXTI3_IRQHandler
                0x0800a1cc                TIM8_TRG_COM_TIM14_IRQHandler
                0x0800a1cc                TIM8_UP_TIM13_IRQHandler
                0x0800a1cc                I2C3_ER_IRQHandler
                0x0800a1cc                EXTI0_IRQHandler
                0x0800a1cc                I2C2_EV_IRQHandler
                0x0800a1cc                DMA1_Stream2_IRQHandler
                0x0800a1cc                CAN1_RX0_IRQHandler
                0x0800a1cc                OTG_HS_WKUP_IRQHandler
                0x0800a1cc                CAN2_SCE_IRQHandler
                0x0800a1cc                DMA2_Stream2_IRQHandler
                0x0800a1cc                SPI1_IRQHandler
                0x0800a1cc                TIM6_DAC_IRQHandler
                0x0800a1cc                TIM1_BRK_TIM9_IRQHandler
                0x0800a1cc                DCMI_IRQHandler
                0x0800a1cc                CAN2_RX0_IRQHandler
                0x0800a1cc                DMA2_Stream3_IRQHandler
                0x0800a1cc                USART6_IRQHandler
                0x0800a1cc                USART3_IRQHandler
                0x0800a1cc                CAN1_RX1_IRQHandler
                0x0800a1cc                UART5_IRQHandler
                0x0800a1cc                DMA2_Stream0_IRQHandler
                0x0800a1cc                TIM4_IRQHandler
                0x0800a1cc                I2C1_EV_IRQHandler
                0x0800a1cc                DMA1_Stream6_IRQHandler
                0x0800a1cc                DMA1_Stream1_IRQHandler
                0x0800a1cc                UART4_IRQHandler
                0x0800a1cc                TIM3_IRQHandler
                0x0800a1cc                RCC_IRQHandler
                0x0800a1cc                TIM8_BRK_TIM12_IRQHandler
                0x0800a1cc                Default_Handler
                0x0800a1cc                EXTI15_10_IRQHandler
                0x0800a1cc                ADC_IRQHandler
                0x0800a1cc                DMA1_Stream7_IRQHandler
                0x0800a1cc                TIM7_IRQHandler
                0x0800a1cc                CAN2_TX_IRQHandler
                0x0800a1cc                TIM5_IRQHandler
                0x0800a1cc                DMA2_Stream7_IRQHandler
                0x0800a1cc                I2C3_EV_IRQHandler
                0x0800a1cc                EXTI9_5_IRQHandler
                0x0800a1cc                RTC_WKUP_IRQHandler
                0x0800a1cc                ETH_WKUP_IRQHandler
                0x0800a1cc                SPI2_IRQHandler
                0x0800a1cc                OTG_HS_EP1_IN_IRQHandler
                0x0800a1cc                DMA1_Stream0_IRQHandler
                0x0800a1cc                CAN1_TX_IRQHandler
                0x0800a1cc                EXTI4_IRQHandler
                0x0800a1cc                FSMC_IRQHandler
                0x0800a1cc                OTG_HS_EP1_OUT_IRQHandler
                0x0800a1cc                WWDG_IRQHandler
                0x0800a1cc                TIM2_IRQHandler
                0x0800a1cc                OTG_FS_WKUP_IRQHandler
                0x0800a1cc                TIM1_TRG_COM_TIM11_IRQHandler
                0x0800a1cc                OTG_HS_IRQHandler
                0x0800a1cc                EXTI1_IRQHandler
                0x0800a1cc                USART2_IRQHandler
                0x0800a1cc                I2C2_ER_IRQHandler
                0x0800a1cc                DMA2_Stream1_IRQHandler
                0x0800a1cc                CAN1_SCE_IRQHandler
                0x0800a1cc                FLASH_IRQHandler
                0x0800a1cc                DMA2_Stream4_IRQHandler
                0x0800a1cc                USART1_IRQHandler
                0x0800a1cc                OTG_FS_IRQHandler
                0x0800a1cc                SPI3_IRQHandler
                0x0800a1cc                DMA1_Stream4_IRQHandler
                0x0800a1cc                I2C1_ER_IRQHandler
                0x0800a1cc                DMA2_Stream6_IRQHandler
                0x0800a1cc                DMA1_Stream3_IRQHandler
 *fill*         0x0800a1ce        0x2 
 .text.__libc_init_array
                0x0800a1d0       0x48 c:/program files (x86)/atollic/truestudio for stm32 9.3.0/armtools/bin/../lib/gcc/arm-atollic-eabi/6.3.1/../../../../arm-atollic-eabi/lib/armv7-m\libc_nano.a(lib_a-init.o)
                0x0800a1d0                __libc_init_array
 .text.memcmp   0x0800a218       0x1e c:/program files (x86)/atollic/truestudio for stm32 9.3.0/armtools/bin/../lib/gcc/arm-atollic-eabi/6.3.1/../../../../arm-atollic-eabi/lib/armv7-m\libc_nano.a(lib_a-memcmp.o)
                0x0800a218                memcmp
 .text.memcpy   0x0800a236       0x16 c:/program files (x86)/atollic/truestudio for stm32 9.3.0/armtools/bin/../lib/gcc/arm-atollic-eabi/6.3.1/../../../../arm-atollic-eabi/lib/armv7-m\libc_nano.a(lib_a-memcpy-stub.o)
                0x0800a236                memcpy
 .text.memset   0x0800a24c       0x10 c:/program files (x86)/atollic/truestudio for stm32 9.3.0/armtools/bin/../lib/gcc/arm-atollic-eabi/6.3.1/../../../../arm-atollic-eabi/lib/armv7-m\libc_nano.a(lib_a-memset.o)
                0x0800a24c                memset
 .text.__cvt    0x0800a25c       0xb8 c:/program files (x86)/atollic/truestudio for stm32 9.3.0/armtools/bin/../lib/gcc/arm-atollic-eabi/6.3.1/../../../../arm-atollic-eabi/lib/armv7-m\libc_nano.a(lib_a-nano-vfprintf_float.o)
                0x0800a25c                __cvt
 .text.__exponent
                0x0800a314       0x6a c:/program files (x86)/atollic/truestudio for stm32 9.3.0/armtools/bin/../lib/gcc/arm-atollic-eabi/6.3.1/../../../../arm-atollic-eabi/lib/armv7-m\libc_nano.a(lib_a-nano-vfprintf_float.o)
                0x0800a314                __exponent
 *fill*         0x0800a37e        0x2 
 .text._printf_float
                0x0800a380      0x470 c:/program files (x86)/atollic/truestudio for stm32 9.3.0/armtools/bin/../lib/gcc/arm-atollic-eabi/6.3.1/../../../../arm-atollic-eabi/lib/armv7-m\libc_nano.a(lib_a-nano-vfprintf_float.o)
                0x0800a380                _printf_float
 .text._printf_common
                0x0800a7f0       0xee c:/program files (x86)/atollic/truestudio for stm32 9.3.0/armtools/bin/../lib/gcc/arm-atollic-eabi/6.3.1/../../../../arm-atollic-eabi/lib/armv7-m\libc_nano.a(lib_a-nano-vfprintf_i.o)
                0x0800a7f0                _printf_common
 *fill*         0x0800a8de        0x2 
 .text._printf_i
                0x0800a8e0      0x240 c:/program files (x86)/atollic/truestudio for stm32 9.3.0/armtools/bin/../lib/gcc/arm-atollic-eabi/6.3.1/../../../../arm-atollic-eabi/lib/armv7-m\libc_nano.a(lib_a-nano-vfprintf_i.o)
                0x0800a8e0                _printf_i
 .text.printf   0x0800ab20       0x30 c:/program files (x86)/atollic/truestudio for stm32 9.3.0/armtools/bin/../lib/gcc/arm-atollic-eabi/6.3.1/../../../../arm-atollic-eabi/lib/armv7-m\libc_nano.a(lib_a-printf.o)
                0x0800ab20                iprintf
                0x0800ab20                printf
 .text._puts_r  0x0800ab50       0xb8 c:/program files (x86)/atollic/truestudio for stm32 9.3.0/armtools/bin/../lib/gcc/arm-atollic-eabi/6.3.1/../../../../arm-atollic-eabi/lib/armv7-m\libc_nano.a(lib_a-puts.o)
                0x0800ab50                _puts_r
 .text.puts     0x0800ac08       0x10 c:/program files (x86)/atollic/truestudio for stm32 9.3.0/armtools/bin/../lib/gcc/arm-atollic-eabi/6.3.1/../../../../arm-atollic-eabi/lib/armv7-m\libc_nano.a(lib_a-puts.o)
                0x0800ac08                puts
 .text.__swbuf_r
                0x0800ac18       0xa4 c:/program files (x86)/atollic/truestudio for stm32 9.3.0/armtools/bin/../lib/gcc/arm-atollic-eabi/6.3.1/../../../../arm-atollic-eabi/lib/armv7-m\libc_nano.a(lib_a-wbuf.o)
                0x0800ac18                __swbuf_r
 .text.__swsetup_r
                0x0800acbc       0xdc c:/program files (x86)/atollic/truestudio for stm32 9.3.0/armtools/bin/../lib/gcc/arm-atollic-eabi/6.3.1/../../../../arm-atollic-eabi/lib/armv7-m\libc_nano.a(lib_a-wsetup.o)
                0x0800acbc                __swsetup_r
 .text.quorem   0x0800ad98      0x118 c:/program files (x86)/atollic/truestudio for stm32 9.3.0/armtools/bin/../lib/gcc/arm-atollic-eabi/6.3.1/../../../../arm-atollic-eabi/lib/armv7-m\libc_nano.a(lib_a-dtoa.o)
 .text._dtoa_r  0x0800aeb0      0xba8 c:/program files (x86)/atollic/truestudio for stm32 9.3.0/armtools/bin/../lib/gcc/arm-atollic-eabi/6.3.1/../../../../arm-atollic-eabi/lib/armv7-m\libc_nano.a(lib_a-dtoa.o)
                0x0800aeb0                _dtoa_r
 .text.__sflush_r
                0x0800ba58      0x110 c:/program files (x86)/atollic/truestudio for stm32 9.3.0/armtools/bin/../lib/gcc/arm-atollic-eabi/6.3.1/../../../../arm-atollic-eabi/lib/armv7-m\libc_nano.a(lib_a-fflush.o)
                0x0800ba58                __sflush_r
 .text._fflush_r
                0x0800bb68       0x54 c:/program files (x86)/atollic/truestudio for stm32 9.3.0/armtools/bin/../lib/gcc/arm-atollic-eabi/6.3.1/../../../../arm-atollic-eabi/lib/armv7-m\libc_nano.a(lib_a-fflush.o)
                0x0800bb68                _fflush_r
 .text._cleanup_r
                0x0800bbbc        0xc c:/program files (x86)/atollic/truestudio for stm32 9.3.0/armtools/bin/../lib/gcc/arm-atollic-eabi/6.3.1/../../../../arm-atollic-eabi/lib/armv7-m\libc_nano.a(lib_a-findfp.o)
                0x0800bbbc                _cleanup_r
 .text.std.isra.0
                0x0800bbc8       0x48 c:/program files (x86)/atollic/truestudio for stm32 9.3.0/armtools/bin/../lib/gcc/arm-atollic-eabi/6.3.1/../../../../arm-atollic-eabi/lib/armv7-m\libc_nano.a(lib_a-findfp.o)
 .text.__sfmoreglue
                0x0800bc10       0x2c c:/program files (x86)/atollic/truestudio for stm32 9.3.0/armtools/bin/../lib/gcc/arm-atollic-eabi/6.3.1/../../../../arm-atollic-eabi/lib/armv7-m\libc_nano.a(lib_a-findfp.o)
                0x0800bc10                __sfmoreglue
 .text.__sinit  0x0800bc3c       0x60 c:/program files (x86)/atollic/truestudio for stm32 9.3.0/armtools/bin/../lib/gcc/arm-atollic-eabi/6.3.1/../../../../arm-atollic-eabi/lib/armv7-m\libc_nano.a(lib_a-findfp.o)
                0x0800bc3c                __sinit
 .text.__sfp    0x0800bc9c       0x78 c:/program files (x86)/atollic/truestudio for stm32 9.3.0/armtools/bin/../lib/gcc/arm-atollic-eabi/6.3.1/../../../../arm-atollic-eabi/lib/armv7-m\libc_nano.a(lib_a-findfp.o)
                0x0800bc9c                __sfp
 .text._fwalk_reent
                0x0800bd14       0x3c c:/program files (x86)/atollic/truestudio for stm32 9.3.0/armtools/bin/../lib/gcc/arm-atollic-eabi/6.3.1/../../../../arm-atollic-eabi/lib/armv7-m\libc_nano.a(lib_a-fwalk.o)
                0x0800bd14                _fwalk_reent
 .text._localeconv_r
                0x0800bd50       0x1c c:/program files (x86)/atollic/truestudio for stm32 9.3.0/armtools/bin/../lib/gcc/arm-atollic-eabi/6.3.1/../../../../arm-atollic-eabi/lib/armv7-m\libc_nano.a(lib_a-localeconv.o)
                0x0800bd50                _localeconv_r
 .text.__swhatbuf_r
                0x0800bd6c       0x48 c:/program files (x86)/atollic/truestudio for stm32 9.3.0/armtools/bin/../lib/gcc/arm-atollic-eabi/6.3.1/../../../../arm-atollic-eabi/lib/armv7-m\libc_nano.a(lib_a-makebuf.o)
                0x0800bd6c                __swhatbuf_r
 .text.__smakebuf_r
                0x0800bdb4       0x80 c:/program files (x86)/atollic/truestudio for stm32 9.3.0/armtools/bin/../lib/gcc/arm-atollic-eabi/6.3.1/../../../../arm-atollic-eabi/lib/armv7-m\libc_nano.a(lib_a-makebuf.o)
                0x0800bdb4                __smakebuf_r
 .text.malloc   0x0800be34       0x10 c:/program files (x86)/atollic/truestudio for stm32 9.3.0/armtools/bin/../lib/gcc/arm-atollic-eabi/6.3.1/../../../../arm-atollic-eabi/lib/armv7-m\libc_nano.a(lib_a-malloc.o)
                0x0800be34                malloc
 .text.memchr   0x0800be44       0x1c c:/program files (x86)/atollic/truestudio for stm32 9.3.0/armtools/bin/../lib/gcc/arm-atollic-eabi/6.3.1/../../../../arm-atollic-eabi/lib/armv7-m\libc_nano.a(lib_a-memchr-stub.o)
                0x0800be44                memchr
 .text._Balloc  0x0800be60       0x68 c:/program files (x86)/atollic/truestudio for stm32 9.3.0/armtools/bin/../lib/gcc/arm-atollic-eabi/6.3.1/../../../../arm-atollic-eabi/lib/armv7-m\libc_nano.a(lib_a-mprec.o)
                0x0800be60                _Balloc
 .text._Bfree   0x0800bec8       0x2e c:/program files (x86)/atollic/truestudio for stm32 9.3.0/armtools/bin/../lib/gcc/arm-atollic-eabi/6.3.1/../../../../arm-atollic-eabi/lib/armv7-m\libc_nano.a(lib_a-mprec.o)
                0x0800bec8                _Bfree
 .text.__multadd
                0x0800bef6       0x76 c:/program files (x86)/atollic/truestudio for stm32 9.3.0/armtools/bin/../lib/gcc/arm-atollic-eabi/6.3.1/../../../../arm-atollic-eabi/lib/armv7-m\libc_nano.a(lib_a-mprec.o)
                0x0800bef6                __multadd
 .text.__hi0bits
                0x0800bf6c       0x3e c:/program files (x86)/atollic/truestudio for stm32 9.3.0/armtools/bin/../lib/gcc/arm-atollic-eabi/6.3.1/../../../../arm-atollic-eabi/lib/armv7-m\libc_nano.a(lib_a-mprec.o)
                0x0800bf6c                __hi0bits
 .text.__lo0bits
                0x0800bfaa       0x5e c:/program files (x86)/atollic/truestudio for stm32 9.3.0/armtools/bin/../lib/gcc/arm-atollic-eabi/6.3.1/../../../../arm-atollic-eabi/lib/armv7-m\libc_nano.a(lib_a-mprec.o)
                0x0800bfaa                __lo0bits
 .text.__i2b    0x0800c008       0x12 c:/program files (x86)/atollic/truestudio for stm32 9.3.0/armtools/bin/../lib/gcc/arm-atollic-eabi/6.3.1/../../../../arm-atollic-eabi/lib/armv7-m\libc_nano.a(lib_a-mprec.o)
                0x0800c008                __i2b
 .text.__multiply
                0x0800c01a      0x118 c:/program files (x86)/atollic/truestudio for stm32 9.3.0/armtools/bin/../lib/gcc/arm-atollic-eabi/6.3.1/../../../../arm-atollic-eabi/lib/armv7-m\libc_nano.a(lib_a-mprec.o)
                0x0800c01a                __multiply
 *fill*         0x0800c132        0x2 
 .text.__pow5mult
                0x0800c134       0x9c c:/program files (x86)/atollic/truestudio for stm32 9.3.0/armtools/bin/../lib/gcc/arm-atollic-eabi/6.3.1/../../../../arm-atollic-eabi/lib/armv7-m\libc_nano.a(lib_a-mprec.o)
                0x0800c134                __pow5mult
 .text.__lshift
                0x0800c1d0       0xa2 c:/program files (x86)/atollic/truestudio for stm32 9.3.0/armtools/bin/../lib/gcc/arm-atollic-eabi/6.3.1/../../../../arm-atollic-eabi/lib/armv7-m\libc_nano.a(lib_a-mprec.o)
                0x0800c1d0                __lshift
 .text.__mcmp   0x0800c272       0x34 c:/program files (x86)/atollic/truestudio for stm32 9.3.0/armtools/bin/../lib/gcc/arm-atollic-eabi/6.3.1/../../../../arm-atollic-eabi/lib/armv7-m\libc_nano.a(lib_a-mprec.o)
                0x0800c272                __mcmp
 .text.__mdiff  0x0800c2a6       0xbe c:/program files (x86)/atollic/truestudio for stm32 9.3.0/armtools/bin/../lib/gcc/arm-atollic-eabi/6.3.1/../../../../arm-atollic-eabi/lib/armv7-m\libc_nano.a(lib_a-mprec.o)
                0x0800c2a6                __mdiff
 .text.__d2b    0x0800c364       0x9e c:/program files (x86)/atollic/truestudio for stm32 9.3.0/armtools/bin/../lib/gcc/arm-atollic-eabi/6.3.1/../../../../arm-atollic-eabi/lib/armv7-m\libc_nano.a(lib_a-mprec.o)
                0x0800c364                __d2b
 .text._calloc_r
                0x0800c402       0x1c c:/program files (x86)/atollic/truestudio for stm32 9.3.0/armtools/bin/../lib/gcc/arm-atollic-eabi/6.3.1/../../../../arm-atollic-eabi/lib/armv7-m\libc_nano.a(lib_a-nano-callocr.o)
                0x0800c402                _calloc_r
 *fill*         0x0800c41e        0x2 
 .text._free_r  0x0800c420       0x98 c:/program files (x86)/atollic/truestudio for stm32 9.3.0/armtools/bin/../lib/gcc/arm-atollic-eabi/6.3.1/../../../../arm-atollic-eabi/lib/armv7-m\libc_nano.a(lib_a-nano-freer.o)
                0x0800c420                _free_r
 .text._malloc_r
                0x0800c4b8       0xbc c:/program files (x86)/atollic/truestudio for stm32 9.3.0/armtools/bin/../lib/gcc/arm-atollic-eabi/6.3.1/../../../../arm-atollic-eabi/lib/armv7-m\libc_nano.a(lib_a-nano-mallocr.o)
                0x0800c4b8                _malloc_r
 .text.__sfputc_r
                0x0800c574       0x2c c:/program files (x86)/atollic/truestudio for stm32 9.3.0/armtools/bin/../lib/gcc/arm-atollic-eabi/6.3.1/../../../../arm-atollic-eabi/lib/armv7-m\libc_nano.a(lib_a-nano-vfprintf.o)
 .text.__sfputs_r
                0x0800c5a0       0x24 c:/program files (x86)/atollic/truestudio for stm32 9.3.0/armtools/bin/../lib/gcc/arm-atollic-eabi/6.3.1/../../../../arm-atollic-eabi/lib/armv7-m\libc_nano.a(lib_a-nano-vfprintf.o)
                0x0800c5a0                __sfputs_r
 .text._vfprintf_r
                0x0800c5c4      0x22c c:/program files (x86)/atollic/truestudio for stm32 9.3.0/armtools/bin/../lib/gcc/arm-atollic-eabi/6.3.1/../../../../arm-atollic-eabi/lib/armv7-m\libc_nano.a(lib_a-nano-vfprintf.o)
                0x0800c5c4                _vfprintf_r
                0x0800c5c4                _vfiprintf_r
 .text._sbrk_r  0x0800c7f0       0x20 c:/program files (x86)/atollic/truestudio for stm32 9.3.0/armtools/bin/../lib/gcc/arm-atollic-eabi/6.3.1/../../../../arm-atollic-eabi/lib/armv7-m\libc_nano.a(lib_a-sbrkr.o)
                0x0800c7f0                _sbrk_r
 .text.__sread  0x0800c810       0x22 c:/program files (x86)/atollic/truestudio for stm32 9.3.0/armtools/bin/../lib/gcc/arm-atollic-eabi/6.3.1/../../../../arm-atollic-eabi/lib/armv7-m\libc_nano.a(lib_a-stdio.o)
                0x0800c810                __sread
 .text.__swrite
                0x0800c832       0x38 c:/program files (x86)/atollic/truestudio for stm32 9.3.0/armtools/bin/../lib/gcc/arm-atollic-eabi/6.3.1/../../../../arm-atollic-eabi/lib/armv7-m\libc_nano.a(lib_a-stdio.o)
                0x0800c832                __swrite
 .text.__sseek  0x0800c86a       0x24 c:/program files (x86)/atollic/truestudio for stm32 9.3.0/armtools/bin/../lib/gcc/arm-atollic-eabi/6.3.1/../../../../arm-atollic-eabi/lib/armv7-m\libc_nano.a(lib_a-stdio.o)
                0x0800c86a                __sseek
 .text.__sclose
                0x0800c88e        0x8 c:/program files (x86)/atollic/truestudio for stm32 9.3.0/armtools/bin/../lib/gcc/arm-atollic-eabi/6.3.1/../../../../arm-atollic-eabi/lib/armv7-m\libc_nano.a(lib_a-stdio.o)
                0x0800c88e                __sclose
 *fill*         0x0800c896        0x2 
 .text._write_r
                0x0800c898       0x24 c:/program files (x86)/atollic/truestudio for stm32 9.3.0/armtools/bin/../lib/gcc/arm-atollic-eabi/6.3.1/../../../../arm-atollic-eabi/lib/armv7-m\libc_nano.a(lib_a-writer.o)
                0x0800c898                _write_r
 .text._close_r
                0x0800c8bc       0x20 c:/program files (x86)/atollic/truestudio for stm32 9.3.0/armtools/bin/../lib/gcc/arm-atollic-eabi/6.3.1/../../../../arm-atollic-eabi/lib/armv7-m\libc_nano.a(lib_a-closer.o)
                0x0800c8bc                _close_r
 .text._fstat_r
                0x0800c8dc       0x24 c:/program files (x86)/atollic/truestudio for stm32 9.3.0/armtools/bin/../lib/gcc/arm-atollic-eabi/6.3.1/../../../../arm-atollic-eabi/lib/armv7-m\libc_nano.a(lib_a-fstatr.o)
                0x0800c8dc                _fstat_r
 .text._isatty_r
                0x0800c900       0x20 c:/program files (x86)/atollic/truestudio for stm32 9.3.0/armtools/bin/../lib/gcc/arm-atollic-eabi/6.3.1/../../../../arm-atollic-eabi/lib/armv7-m\libc_nano.a(lib_a-isattyr.o)
                0x0800c900                _isatty_r
 .text._lseek_r
                0x0800c920       0x24 c:/program files (x86)/atollic/truestudio for stm32 9.3.0/armtools/bin/../lib/gcc/arm-atollic-eabi/6.3.1/../../../../arm-atollic-eabi/lib/armv7-m\libc_nano.a(lib_a-lseekr.o)
                0x0800c920                _lseek_r
 .text.__ascii_mbtowc
                0x0800c944       0x24 c:/program files (x86)/atollic/truestudio for stm32 9.3.0/armtools/bin/../lib/gcc/arm-atollic-eabi/6.3.1/../../../../arm-atollic-eabi/lib/armv7-m\libc_nano.a(lib_a-mbtowc_r.o)
                0x0800c944                __ascii_mbtowc
 .text.__malloc_lock
                0x0800c968        0x2 c:/program files (x86)/atollic/truestudio for stm32 9.3.0/armtools/bin/../lib/gcc/arm-atollic-eabi/6.3.1/../../../../arm-atollic-eabi/lib/armv7-m\libc_nano.a(lib_a-mlock.o)
                0x0800c968                __malloc_lock
 .text.__malloc_unlock
                0x0800c96a        0x2 c:/program files (x86)/atollic/truestudio for stm32 9.3.0/armtools/bin/../lib/gcc/arm-atollic-eabi/6.3.1/../../../../arm-atollic-eabi/lib/armv7-m\libc_nano.a(lib_a-mlock.o)
                0x0800c96a                __malloc_unlock
 .text._read_r  0x0800c96c       0x24 c:/program files (x86)/atollic/truestudio for stm32 9.3.0/armtools/bin/../lib/gcc/arm-atollic-eabi/6.3.1/../../../../arm-atollic-eabi/lib/armv7-m\libc_nano.a(lib_a-readr.o)
                0x0800c96c                _read_r
 .text.__ascii_wctomb
                0x0800c990       0x1a c:/program files (x86)/atollic/truestudio for stm32 9.3.0/armtools/bin/../lib/gcc/arm-atollic-eabi/6.3.1/../../../../arm-atollic-eabi/lib/armv7-m\libc_nano.a(lib_a-wctomb_r.o)
                0x0800c990                __ascii_wctomb
 *(.glue_7)
 .glue_7        0x0800c9aa        0x0 linker stubs
 *(.glue_7t)
 .glue_7t       0x0800c9aa        0x0 linker stubs
 *(.eh_frame)
 *fill*         0x0800c9aa        0x2 
 .eh_frame      0x0800c9ac        0x0 c:/program files (x86)/atollic/truestudio for stm32 9.3.0/armtools/bin/../lib/gcc/arm-atollic-eabi/6.3.1/armv7-m/crtbegin.o
 *(.init)
 .init          0x0800c9ac        0x4 c:/program files (x86)/atollic/truestudio for stm32 9.3.0/armtools/bin/../lib/gcc/arm-atollic-eabi/6.3.1/armv7-m/crti.o
                0x0800c9ac                _init
 .init          0x0800c9b0        0x8 c:/program files (x86)/atollic/truestudio for stm32 9.3.0/armtools/bin/../lib/gcc/arm-atollic-eabi/6.3.1/armv7-m/crtn.o
 *(.fini)
 .fini          0x0800c9b8        0x4 c:/program files (x86)/atollic/truestudio for stm32 9.3.0/armtools/bin/../lib/gcc/arm-atollic-eabi/6.3.1/armv7-m/crti.o
                0x0800c9b8                _fini
 .fini          0x0800c9bc        0x8 c:/program files (x86)/atollic/truestudio for stm32 9.3.0/armtools/bin/../lib/gcc/arm-atollic-eabi/6.3.1/armv7-m/crtn.o
                0x0800c9c4                . = ALIGN (0x4)
                0x0800c9c4                _etext = .

.vfp11_veneer   0x0800c9c4        0x0
 .vfp11_veneer  0x0800c9c4        0x0 linker stubs

.v4_bx          0x0800c9c4        0x0
 .v4_bx         0x0800c9c4        0x0 linker stubs

.iplt           0x0800c9c4        0x0
 .iplt          0x0800c9c4        0x0 c:/program files (x86)/atollic/truestudio for stm32 9.3.0/armtools/bin/../lib/gcc/arm-atollic-eabi/6.3.1/armv7-m/crtbegin.o

.rodata         0x0800c9c8     0x19d0
                0x0800c9c8                . = ALIGN (0x4)
 *(.rodata)
 .rodata        0x0800c9c8       0x1c Core\Src\main.o
 .rodata        0x0800c9e4       0x1c LWIP\App\lwip.o
 .rodata        0x0800ca00       0x1c LWIP\Target\ethernetif.o
 *(.rodata*)
 .rodata.main.str1.1
                0x0800ca1c       0x4c Core\Src\main.o
 .rodata.str1.1
                0x0800ca68        0x6 Core\Src\main.o
 .rodata.AHBPrescTable
                0x0800ca6e       0x10 Core\Src\system_stm32f2xx.o
                0x0800ca6e                AHBPrescTable
 .rodata.APBPrescTable
                0x0800ca7e        0x8 Core\Src\system_stm32f2xx.o
                0x0800ca7e                APBPrescTable
 .rodata.TelnetError.str1.1
                0x0800ca86        0xa Core\Src\tcp.o
 .rodata.str1.1
                0x0800ca90        0x8 LWIP\App\lwip.o
 .rodata.ethernetif_init.str1.1
                0x0800ca98       0x52 LWIP\Target\ethernetif.o
 .rodata.str1.1
                0x0800caea        0x6 LWIP\Target\ethernetif.o
 .rodata.vTaskStartScheduler.str1.1
                0x0800caf0        0x5 Middlewares\Third_Party\FreeRTOS\Source\tasks.o
 .rodata.tcpip_init.str1.1
                0x0800caf5       0x51 Middlewares\Third_Party\LwIP\src\api\tcpip.o
 .rodata.tcpip_inpkt.str1.1
                0x0800cb46        0xd Middlewares\Third_Party\LwIP\src\api\tcpip.o
 .rodata.tcpip_thread.str1.1
                0x0800cb53       0x4e Middlewares\Third_Party\LwIP\src\api\tcpip.o
                                 0x76 (size before relaxing)
 .rodata.etharp_find_entry.isra.0.str1.1
                0x0800cba1       0x40 Middlewares\Third_Party\LwIP\src\core\ipv4\etharp.o
 .rodata.etharp_get_entry.str1.1
                0x0800cbe1       0x1f Middlewares\Third_Party\LwIP\src\core\ipv4\etharp.o
 .rodata.etharp_input.str1.1
                0x0800cc00       0x24 Middlewares\Third_Party\LwIP\src\core\ipv4\etharp.o
 .rodata.etharp_output.str1.1
                0x0800cc24       0x24 Middlewares\Third_Party\LwIP\src\core\ipv4\etharp.o
                                  0xa (size before relaxing)
 .rodata.etharp_output_to_arp_index.str1.1
                0x0800cc24       0x30 Middlewares\Third_Party\LwIP\src\core\ipv4\etharp.o
 .rodata.etharp_query.str1.1
                0x0800cc54       0x42 Middlewares\Third_Party\LwIP\src\core\ipv4\etharp.o
 .rodata.etharp_raw.str1.1
                0x0800cc96       0xa9 Middlewares\Third_Party\LwIP\src\core\ipv4\etharp.o
                                 0xdf (size before relaxing)
 .rodata.icmp_input.str1.1
                0x0800cd3f       0x67 Middlewares\Third_Party\LwIP\src\core\ipv4\icmp.o
 .rodata.icmp_send_response.isra.0.str1.1
                0x0800cda6       0x61 Middlewares\Third_Party\LwIP\src\core\ipv4\icmp.o
                                 0x89 (size before relaxing)
 .rodata.ip4_output_if_src.str1.1
                0x0800ce07       0x6d Middlewares\Third_Party\LwIP\src\core\ipv4\ip4.o
                                 0x95 (size before relaxing)
 .rodata.ip_addr_any
                0x0800ce74        0x4 Middlewares\Third_Party\LwIP\src\core\ipv4\ip4_addr.o
                0x0800ce74                ip_addr_any
 .rodata.ip4_frag.str1.1
                0x0800ce78       0x61 Middlewares\Third_Party\LwIP\src\core\ipv4\ip4_frag.o
 .rodata.ip4_reass.str1.1
                0x0800ced9       0x84 Middlewares\Third_Party\LwIP\src\core\ipv4\ip4_frag.o
 .rodata.ip_frag_free_pbuf_custom_ref.str1.1
                0x0800cf5d       0x84 Middlewares\Third_Party\LwIP\src\core\ipv4\ip4_frag.o
                                  0xa (size before relaxing)
 .rodata.ip_reass_dequeue_datagram.str1.1
                0x0800cf5d       0x52 Middlewares\Third_Party\LwIP\src\core\ipv4\ip4_frag.o
                                 0x7a (size before relaxing)
 .rodata.ip_reass_free_complete_datagram.str1.1
                0x0800cfaf       0x56 Middlewares\Third_Party\LwIP\src\core\ipv4\ip4_frag.o
 .rodata.ipfrag_free_pbuf_custom.str1.1
                0x0800d005        0xc Middlewares\Third_Party\LwIP\src\core\ipv4\ip4_frag.o
 .rodata.mem_free.str1.1
                0x0800d011       0xc2 Middlewares\Third_Party\LwIP\src\core\mem.o
 .rodata.mem_init.str1.1
                0x0800d0d3       0x4a Middlewares\Third_Party\LwIP\src\core\mem.o
                                 0x72 (size before relaxing)
 .rodata.mem_malloc.str1.1
                0x0800d11d       0x9b Middlewares\Third_Party\LwIP\src\core\mem.o
 .rodata.mem_trim.str1.1
                0x0800d1b8       0x37 Middlewares\Third_Party\LwIP\src\core\mem.o
 .rodata.do_memp_free_pool.isra.1.str1.1
                0x0800d1ef       0x20 Middlewares\Third_Party\LwIP\src\core\memp.o
 .rodata.do_memp_malloc_pool.isra.0.str1.1
                0x0800d20f       0x53 Middlewares\Third_Party\LwIP\src\core\memp.o
                                 0x7b (size before relaxing)
 *fill*         0x0800d262        0x2 
 .rodata.memp_FRAG_PBUF
                0x0800d264        0xc Middlewares\Third_Party\LwIP\src\core\memp.o
                0x0800d264                memp_FRAG_PBUF
 .rodata.memp_NETBUF
                0x0800d270        0xc Middlewares\Third_Party\LwIP\src\core\memp.o
                0x0800d270                memp_NETBUF
 .rodata.memp_NETCONN
                0x0800d27c        0xc Middlewares\Third_Party\LwIP\src\core\memp.o
                0x0800d27c                memp_NETCONN
 .rodata.memp_PBUF
                0x0800d288        0xc Middlewares\Third_Party\LwIP\src\core\memp.o
                0x0800d288                memp_PBUF
 .rodata.memp_PBUF_POOL
                0x0800d294        0xc Middlewares\Third_Party\LwIP\src\core\memp.o
                0x0800d294                memp_PBUF_POOL
 .rodata.memp_REASSDATA
                0x0800d2a0        0xc Middlewares\Third_Party\LwIP\src\core\memp.o
                0x0800d2a0                memp_REASSDATA
 .rodata.memp_SYS_TIMEOUT
                0x0800d2ac        0xc Middlewares\Third_Party\LwIP\src\core\memp.o
                0x0800d2ac                memp_SYS_TIMEOUT
 .rodata.memp_TCPIP_MSG_API
                0x0800d2b8        0xc Middlewares\Third_Party\LwIP\src\core\memp.o
                0x0800d2b8                memp_TCPIP_MSG_API
 .rodata.memp_TCPIP_MSG_INPKT
                0x0800d2c4        0xc Middlewares\Third_Party\LwIP\src\core\memp.o
                0x0800d2c4                memp_TCPIP_MSG_INPKT
 .rodata.memp_TCP_PCB
                0x0800d2d0        0xc Middlewares\Third_Party\LwIP\src\core\memp.o
                0x0800d2d0                memp_TCP_PCB
 .rodata.memp_TCP_PCB_LISTEN
                0x0800d2dc        0xc Middlewares\Third_Party\LwIP\src\core\memp.o
                0x0800d2dc                memp_TCP_PCB_LISTEN
 .rodata.memp_TCP_SEG
                0x0800d2e8        0xc Middlewares\Third_Party\LwIP\src\core\memp.o
                0x0800d2e8                memp_TCP_SEG
 .rodata.memp_UDP_PCB
                0x0800d2f4        0xc Middlewares\Third_Party\LwIP\src\core\memp.o
                0x0800d2f4                memp_UDP_PCB
 .rodata.memp_free.str1.1
                0x0800d300       0x1b Middlewares\Third_Party\LwIP\src\core\memp.o
 .rodata.memp_malloc.str1.1
                0x0800d31b       0x1d Middlewares\Third_Party\LwIP\src\core\memp.o
 .rodata.memp_pools
                0x0800d338       0x34 Middlewares\Third_Party\LwIP\src\core\memp.o
                0x0800d338                memp_pools
 .rodata.netif_add.str1.1
                0x0800d36c       0x48 Middlewares\Third_Party\LwIP\src\core\netif.o
                                 0x70 (size before relaxing)
 .rodata.pbuf_alloc.str1.1
                0x0800d3b4       0xa8 Middlewares\Third_Party\LwIP\src\core\pbuf.o
 .rodata.pbuf_alloced_custom.str1.1
                0x0800d45c       0x24 Middlewares\Third_Party\LwIP\src\core\pbuf.o
 .rodata.pbuf_cat.str1.1
                0x0800d480       0x72 Middlewares\Third_Party\LwIP\src\core\pbuf.o
 .rodata.pbuf_copy.str1.1
                0x0800d4f2       0x99 Middlewares\Third_Party\LwIP\src\core\pbuf.o
 .rodata.pbuf_copy_partial.str1.1
                0x0800d58b       0x42 Middlewares\Third_Party\LwIP\src\core\pbuf.o
 .rodata.pbuf_free.str1.1
                0x0800d5cd       0x4c Middlewares\Third_Party\LwIP\src\core\pbuf.o
 .rodata.pbuf_header_impl.str1.1
                0x0800d619       0x5c Middlewares\Third_Party\LwIP\src\core\pbuf.o
                                 0x8e (size before relaxing)
 .rodata.pbuf_realloc.str1.1
                0x0800d675       0x78 Middlewares\Third_Party\LwIP\src\core\pbuf.o