stm32f2xx_hal.c:213:13:HAL_MspInit	0	static
stm32f2xx_hal.c:224:13:HAL_MspDeInit	0	static
stm32f2xx_hal.c:184:19:HAL_DeInit	8	static
stm32f2xx_hal.c:247:26:HAL_InitTick	16	static
stm32f2xx_hal.c:151:19:HAL_Init	8	static
stm32f2xx_hal.c:306:13:HAL_IncTick	0	static
stm32f2xx_hal.c:317:17:HAL_GetTick	0	static
stm32f2xx_hal.c:326:10:HAL_GetTickPrio	0	static
stm32f2xx_hal.c:335:19:HAL_SetTickFreq	16	static
stm32f2xx_hal.c:357:21:HAL_GetTickFreq	0	static
stm32f2xx_hal.c:373:13:HAL_Delay	24	static
stm32f2xx_hal.c:399:13:HAL_SuspendTick	0	static
stm32f2xx_hal.c:415:13:HAL_ResumeTick	0	static
stm32f2xx_hal.c:425:10:HAL_GetHalVersion	0	static
stm32f2xx_hal.c:434:10:HAL_GetREVID	0	static
stm32f2xx_hal.c:443:10:HAL_GetDEVID	0	static
stm32f2xx_hal.c:452:6:HAL_DBGMCU_EnableDBGSleepMode	0	static
stm32f2xx_hal.c:461:6:HAL_DBGMCU_DisableDBGSleepMode	0	static
stm32f2xx_hal.c:470:6:HAL_DBGMCU_EnableDBGStopMode	0	static
stm32f2xx_hal.c:479:6:HAL_DBGMCU_DisableDBGStopMode	0	static
stm32f2xx_hal.c:488:6:HAL_DBGMCU_EnableDBGStandbyMode	0	static
stm32f2xx_hal.c:497:6:HAL_DBGMCU_DisableDBGStandbyMode	0	static
stm32f2xx_hal.c:508:6:HAL_EnableCompensationCell	0	static
stm32f2xx_hal.c:519:6:HAL_DisableCompensationCell	0	static
stm32f2xx_hal.c:528:10:HAL_GetUIDw0	0	static
stm32f2xx_hal.c:537:10:HAL_GetUIDw1	0	static
stm32f2xx_hal.c:546:10:HAL_GetUIDw2	0	static
