stm32f2xx_hal_usart.c:2330:13:USART_EndRxTransfer	0	static
stm32f2xx_hal_usart.c:2277:26:USART_WaitOnFlagUntilTimeout.constprop	24	static
stm32f2xx_hal_usart.c:396:13:HAL_USART_MspInit	0	static
stm32f2xx_hal_usart.c:294:19:HAL_USART_Init	16	static
stm32f2xx_hal_usart.c:411:13:HAL_USART_MspDeInit	0	static
stm32f2xx_hal_usart.c:353:19:HAL_USART_DeInit	8	static
stm32f2xx_hal_usart.c:743:19:HAL_USART_Transmit	24	static
stm32f2xx_hal_usart.c:828:19:HAL_USART_Receive	24	static
stm32f2xx_hal_usart.c:937:19:HAL_USART_TransmitReceive	24	static
stm32f2xx_hal_usart.c:1054:19:HAL_USART_Transmit_IT	8	static
stm32f2xx_hal_usart.c:1107:19:HAL_USART_Receive_IT	8	static
stm32f2xx_hal_usart.c:1157:19:HAL_USART_TransmitReceive_IT	12	static
stm32f2xx_hal_usart.c:1212:19:HAL_USART_Transmit_DMA	16	static
stm32f2xx_hal_usart.c:1279:19:HAL_USART_Receive_DMA	32	static
stm32f2xx_hal_usart.c:1374:19:HAL_USART_TransmitReceive_DMA	32	static
stm32f2xx_hal_usart.c:1461:19:HAL_USART_DMAPause	0	static
stm32f2xx_hal_usart.c:1481:19:HAL_USART_DMAResume	0	static
stm32f2xx_hal_usart.c:1501:19:HAL_USART_DMAStop	8	static
stm32f2xx_hal_usart.c:1558:19:HAL_USART_Abort	8	static
stm32f2xx_hal_usart.c:1905:13:HAL_USART_TxCpltCallback	0	static
stm32f2xx_hal_usart.c:2082:13:USART_DMATransmitCplt	8	static
stm32f2xx_hal_usart.c:1920:13:HAL_USART_TxHalfCpltCallback	0	static
stm32f2xx_hal_usart.c:2121:13:USART_DMATxHalfCplt	8	static
stm32f2xx_hal_usart.c:1935:13:HAL_USART_RxCpltCallback	0	static
stm32f2xx_hal_usart.c:2527:26:USART_Receive_IT	8	static
stm32f2xx_hal_usart.c:1950:13:HAL_USART_RxHalfCpltCallback	0	static
stm32f2xx_hal_usart.c:2215:13:USART_DMARxHalfCplt	8	static
stm32f2xx_hal_usart.c:1965:13:HAL_USART_TxRxCpltCallback	0	static
stm32f2xx_hal_usart.c:2140:13:USART_DMAReceiveCplt	8	static
stm32f2xx_hal_usart.c:2605:26:USART_TransmitReceive_IT	8	static
stm32f2xx_hal_usart.c:1980:13:HAL_USART_ErrorCallback	0	static
stm32f2xx_hal_usart.c:2234:13:USART_DMAError	8	static
stm32f2xx_hal_usart.c:1743:6:HAL_USART_IRQHandler	16	static
stm32f2xx_hal_usart.c:2346:13:USART_DMAAbortOnError	8	static
stm32f2xx_hal_usart.c:1994:13:HAL_USART_AbortCpltCallback	0	static
stm32f2xx_hal_usart.c:1624:19:HAL_USART_Abort_IT	8	static
stm32f2xx_hal_usart.c:2412:13:USART_DMARxAbortCallback	8	static
stm32f2xx_hal_usart.c:2369:13:USART_DMATxAbortCallback	8	static
stm32f2xx_hal_usart.c:2033:24:HAL_USART_GetState	0	static
stm32f2xx_hal_usart.c:2044:10:HAL_USART_GetError	0	static
