planner.c:99:13:planner_recalculate	56	static
planner.c:22:10:plan_next_block_index	0	static
planner.c:170:6:plan_reset_buffer	16	static
planner.c:165:6:plan_reset	8	static
planner.c:181:6:plan_discard_current_block	8	static
planner.c:190:15:plan_get_system_motion_block	0	static
planner.c:194:15:plan_get_current_block	0	static
planner.c:199:7:plan_get_exec_block_exit_speed_sqr	0	static
planner.c:205:9:plan_check_full_buffer	0	static
planner.c:214:7:plan_compute_profile_nominal_speed	24	static
planner.c:252:6:plan_update_velocity_profile_parameters	32	static
planner.c:268:9:plan_buffer_line	104	static
planner.c:400:6:plan_sync_position	0	static
planner.c:410:10:plan_get_block_buffer_available	0	static
planner.c:418:10:plan_get_block_buffer_count	0	static
planner.c:426:6:plan_cycle_reinitialize	8	static
