canonical_machine.c:1031:13:_exec_select_tool	8	static
canonical_machine.c:1043:13:_exec_change_tool	8	static
canonical_machine.c:754:13:_exec_absolute_origin	32	static
canonical_machine.c:1969:13:_print_axis_ui8	32	static
canonical_machine.c:1062:13:_exec_mist_coolant_control	8	static
canonical_machine.c:1085:13:_exec_flood_coolant_control	32	static
canonical_machine.c:1551:15:_get_axis	24	static
canonical_machine.c:1565:15:_get_axis_type	8	static
canonical_machine.c:1973:13:_print_axis_flt	48	static
canonical_machine.c:1983:13:_print_axis_coord_flt	48	static
canonical_machine.c:1994:13:_print_pos	48	static
canonical_machine.c:150:9:cm_get_combined_state	0	static
canonical_machine.c:165:9:cm_get_machine_state	0	static
canonical_machine.c:166:9:cm_get_cycle_state	0	static
canonical_machine.c:167:9:cm_get_motion_state	0	static
canonical_machine.c:168:9:cm_get_hold_state	0	static
canonical_machine.c:169:9:cm_get_homing_state	0	static
canonical_machine.c:170:9:cm_get_buffer_drain_state	0	static
canonical_machine.c:172:6:cm_set_motion_state	0	static
canonical_machine.c:183:6:cm_set_buffer_drain_state	0	static
canonical_machine.c:198:10:cm_get_linenum	0	static
canonical_machine.c:199:9:cm_get_motion_mode	0	static
canonical_machine.c:200:9:cm_get_coord_system	0	static
canonical_machine.c:201:9:cm_get_units_mode	0	static
canonical_machine.c:202:9:cm_get_select_plane	0	static
canonical_machine.c:203:9:cm_get_path_control	0	static
canonical_machine.c:204:9:cm_get_distance_mode	0	static
canonical_machine.c:205:9:cm_get_feed_rate_mode	0	static
canonical_machine.c:206:9:cm_get_tool	0	static
canonical_machine.c:207:9:cm_get_spindle_mode	0	static
canonical_machine.c:208:9:cm_get_block_delete_switch	0	static
canonical_machine.c:209:9:cm_get_runtime_busy	0	static
canonical_machine.c:211:7:cm_get_feed_rate	0	static
canonical_machine.c:213:6:cm_set_motion_mode	0	static
canonical_machine.c:214:6:cm_set_spindle_mode	0	static
canonical_machine.c:215:6:cm_set_spindle_speed_parameter	0	static
canonical_machine.c:216:6:cm_set_tool_number	0	static
canonical_machine.c:224:6:cm_set_model_linenum	0	static
canonical_machine.c:265:7:cm_get_active_coord_offset	8	static
canonical_machine.c:284:7:cm_get_work_offset	0	static
canonical_machine.c:299:6:cm_set_work_offsets	16	static
canonical_machine.c:218:6:cm_set_absolute_override	0	static
canonical_machine.c:684:13:_exec_offset	48	static
canonical_machine.c:317:7:cm_get_absolute_position	0	static
canonical_machine.c:338:7:cm_get_work_position	16	static
canonical_machine.c:368:6:cm_finalize_move	16	static
canonical_machine.c:377:6:cm_update_model_position_from_runtime	12	static
canonical_machine.c:386:8:cm_deferred_write_callback	72	static
canonical_machine.c:438:6:cm_set_model_target	56	static
canonical_machine.c:480:8:cm_test_soft_limits	40	static
canonical_machine.c:559:6:canonical_machine_init_assertions	0	static
canonical_machine.c:569:8:canonical_machine_test_assertions	0	static
canonical_machine.c:583:8:cm_soft_alarm	8	static
canonical_machine.c:590:8:cm_clear	0	static
canonical_machine.c:600:8:cm_hard_alarm	8	static
canonical_machine.c:625:8:cm_select_plane	0	static
canonical_machine.c:631:8:cm_set_units_mode	0	static
canonical_machine.c:637:8:cm_set_distance_mode	0	static
canonical_machine.c:654:8:cm_set_coord_offsets	40	static
canonical_machine.c:675:8:cm_set_coord_system	32	static
canonical_machine.c:516:6:canonical_machine_init	16	static
canonical_machine.c:714:6:cm_set_position	16	static
canonical_machine.c:738:8:cm_set_absolute_origin	56	static
canonical_machine.c:774:8:cm_set_origin_offsets	72	static
canonical_machine.c:790:8:cm_reset_origin_offsets	40	static
canonical_machine.c:801:8:cm_suspend_origin_offsets	32	static
canonical_machine.c:809:8:cm_resume_origin_offsets	32	static
canonical_machine.c:817:8:cm_get_position	48	static
canonical_machine.c:831:8:cm_get_firmware	48	static
canonical_machine.c:851:8:cm_wait_for_completion	0	static
canonical_machine.c:892:8:cm_set_g28_position	12	static
canonical_machine.c:907:8:cm_set_g30_position	12	static
canonical_machine.c:931:8:cm_set_feed_rate	16	static
canonical_machine.c:949:8:cm_set_feed_rate_mode	0	static
canonical_machine.c:959:8:cm_set_path_control	0	static
canonical_machine.c:975:8:cm_dwell	8	static
canonical_machine.c:1024:8:cm_select_tool	32	static
canonical_machine.c:1036:8:cm_change_tool	32	static
canonical_machine.c:1056:8:cm_mist_coolant_control	32	static
canonical_machine.c:1079:8:cm_flood_coolant_control	32	static
canonical_machine.c:1342:13:_exec_program_finalize	16	static
canonical_machine.c:1123:8:cm_override_enables	0	static
canonical_machine.c:1131:8:cm_feed_rate_override_enable	16	static
canonical_machine.c:1141:8:cm_feed_rate_override_factor	0	static
canonical_machine.c:1149:8:cm_traverse_override_enable	16	static
canonical_machine.c:1159:8:cm_traverse_override_factor	0	static
canonical_machine.c:1167:8:cm_spindle_override_enable	16	static
canonical_machine.c:1177:8:cm_spindle_override_factor	0	static
canonical_machine.c:1191:6:cm_message	0	static
canonical_machine.c:1250:6:cm_request_feedhold	0	static
canonical_machine.c:1251:6:cm_request_queue_flush	0	static
canonical_machine.c:1252:6:cm_request_cycle_start	0	static
canonical_machine.c:1284:8:cm_queue_flush	40	static
canonical_machine.c:1369:6:cm_cycle_start	0	static
canonical_machine.c:869:8:cm_straight_traverse	16	static
canonical_machine.c:898:8:cm_goto_g28_position	40	static
canonical_machine.c:913:8:cm_goto_g30_position	40	static
canonical_machine.c:985:8:cm_straight_feed	16	static
canonical_machine.c:1254:8:cm_feedhold_sequencing_callback	8	static
canonical_machine.c:1377:6:cm_cycle_end	32	static
canonical_machine.c:1389:6:cm_optional_program_stop	32	static
canonical_machine.c:1384:6:cm_program_stop	0	static
canonical_machine.c:1394:6:cm_program_end	32	static
canonical_machine.c:1544:8:cm_get_axis_char	8	static
canonical_machine.c:1604:8:_get_msg_helper	16	static
canonical_machine.c:1611:8:cm_get_stat	8	static
canonical_machine.c:1612:8:cm_get_macs	0	static
canonical_machine.c:1613:8:cm_get_cycs	0	static
canonical_machine.c:1614:8:cm_get_mots	0	static
canonical_machine.c:1615:8:cm_get_hold	0	static
canonical_machine.c:1616:8:cm_get_home	0	static
canonical_machine.c:1618:8:cm_get_unit	0	static
canonical_machine.c:1619:8:cm_get_coor	0	static
canonical_machine.c:1620:8:cm_get_momo	0	static
canonical_machine.c:1621:8:cm_get_plan	0	static
canonical_machine.c:1622:8:cm_get_path	0	static
canonical_machine.c:1623:8:cm_get_dist	0	static
canonical_machine.c:1624:8:cm_get_frmo	0	static
canonical_machine.c:1626:8:cm_get_toolv	8	static
canonical_machine.c:1633:8:cm_get_mline	8	static
canonical_machine.c:1640:8:cm_get_line	8	static
canonical_machine.c:1647:8:cm_get_vel	8	static
canonical_machine.c:1660:8:cm_get_feed	8	static
canonical_machine.c:1669:8:cm_get_pos	16	static
canonical_machine.c:1677:8:cm_get_mpo	16	static
canonical_machine.c:1685:8:cm_get_ofs	16	static
canonical_machine.c:1701:8:cm_get_am	8	static
canonical_machine.c:1707:8:cm_set_am	8	static
canonical_machine.c:1735:7:cm_get_axis_jerk	0	static
canonical_machine.c:1740:6:cm_set_axis_jerk	8	static
canonical_machine.c:839:8:cm_set_jerk	48	static
canonical_machine.c:1746:8:cm_set_xjm	16	static
canonical_machine.c:1754:8:cm_set_xjh	16	static
canonical_machine.c:1768:8:cm_run_qf	0	static
canonical_machine.c:1774:8:cm_run_home	8	static
canonical_machine.c:1814:7:cm_get_jogging_dest	0	static
canonical_machine.c:1819:8:cm_run_jogx	8	static
canonical_machine.c:1826:8:cm_run_jogy	8	static
canonical_machine.c:1833:8:cm_run_jogz	8	static
canonical_machine.c:1840:8:cm_run_joga	8	static
canonical_machine.c:1885:6:cm_print_vel	0	static
canonical_machine.c:1886:6:cm_print_feed	0	static
canonical_machine.c:1887:6:cm_print_line	0	static
canonical_machine.c:1888:6:cm_print_stat	0	static
canonical_machine.c:1889:6:cm_print_macs	0	static
canonical_machine.c:1890:6:cm_print_cycs	0	static
canonical_machine.c:1891:6:cm_print_mots	0	static
canonical_machine.c:1892:6:cm_print_hold	0	static
canonical_machine.c:1893:6:cm_print_home	0	static
canonical_machine.c:1894:6:cm_print_unit	0	static
canonical_machine.c:1895:6:cm_print_coor	0	static
canonical_machine.c:1896:6:cm_print_momo	0	static
canonical_machine.c:1897:6:cm_print_plan	0	static
canonical_machine.c:1898:6:cm_print_path	0	static
canonical_machine.c:1899:6:cm_print_dist	0	static
canonical_machine.c:1900:6:cm_print_frmo	0	static
canonical_machine.c:1901:6:cm_print_tool	0	static
canonical_machine.c:1786:8:cm_dam	8	static
canonical_machine.c:1903:6:cm_print_gpl	0	static
canonical_machine.c:1904:6:cm_print_gun	0	static
canonical_machine.c:1905:6:cm_print_gco	0	static
canonical_machine.c:1906:6:cm_print_gpa	0	static
canonical_machine.c:1907:6:cm_print_gdi	0	static
canonical_machine.c:1918:6:cm_print_ja	0	static
canonical_machine.c:1919:6:cm_print_ct	0	static
canonical_machine.c:1920:6:cm_print_sl	0	static
canonical_machine.c:1921:6:cm_print_ml	0	static
canonical_machine.c:1922:6:cm_print_ma	0	static
canonical_machine.c:1923:6:cm_print_ms	0	static
canonical_machine.c:2001:6:cm_print_am	32	static
canonical_machine.c:2007:6:cm_print_fr	0	static
canonical_machine.c:2008:6:cm_print_vm	0	static
canonical_machine.c:2009:6:cm_print_tm	0	static
canonical_machine.c:2010:6:cm_print_tn	0	static
canonical_machine.c:2011:6:cm_print_jm	0	static
canonical_machine.c:2012:6:cm_print_jh	0	static
canonical_machine.c:2013:6:cm_print_jd	0	static
canonical_machine.c:2014:6:cm_print_ra	0	static
canonical_machine.c:2015:6:cm_print_sn	0	static
canonical_machine.c:2016:6:cm_print_sx	0	static
canonical_machine.c:2017:6:cm_print_sv	0	static
canonical_machine.c:2018:6:cm_print_lv	0	static
canonical_machine.c:2019:6:cm_print_lb	0	static
canonical_machine.c:2020:6:cm_print_zb	0	static
canonical_machine.c:2022:6:cm_print_cofs	0	static
canonical_machine.c:2023:6:cm_print_cpos	0	static
canonical_machine.c:2025:6:cm_print_pos	0	static
canonical_machine.c:2026:6:cm_print_mpo	0	static
canonical_machine.c:2027:6:cm_print_ofs	0	static
