canonical_machine.c:949:13:_exec_select_tool	8	static
canonical_machine.c:959:13:_exec_change_tool	8	static
canonical_machine.c:691:13:_exec_absolute_origin	32	static
canonical_machine.c:1814:13:_print_axis_ui8	32	static
canonical_machine.c:976:13:_exec_mist_coolant_control	8	static
canonical_machine.c:989:13:_exec_flood_coolant_control	32	static
canonical_machine.c:1418:15:_get_axis	24	static
canonical_machine.c:1432:15:_get_axis_type	8	static
canonical_machine.c:1818:13:_print_axis_flt	48	static
canonical_machine.c:1828:13:_print_axis_coord_flt	48	static
canonical_machine.c:1838:13:_print_pos	48	static
canonical_machine.c:118:9:cm_get_combined_state	0	static
canonical_machine.c:133:9:cm_get_machine_state	0	static
canonical_machine.c:134:9:cm_get_cycle_state	0	static
canonical_machine.c:135:9:cm_get_motion_state	0	static
canonical_machine.c:136:9:cm_get_hold_state	0	static
canonical_machine.c:137:9:cm_get_homing_state	0	static
canonical_machine.c:138:9:cm_get_buffer_drain_state	0	static
canonical_machine.c:140:6:cm_set_motion_state	0	static
canonical_machine.c:150:6:cm_set_buffer_drain_state	0	static
canonical_machine.c:164:10:cm_get_linenum	0	static
canonical_machine.c:165:9:cm_get_motion_mode	0	static
canonical_machine.c:166:9:cm_get_coord_system	0	static
canonical_machine.c:167:9:cm_get_units_mode	0	static
canonical_machine.c:168:9:cm_get_select_plane	0	static
canonical_machine.c:169:9:cm_get_path_control	0	static
canonical_machine.c:170:9:cm_get_distance_mode	0	static
canonical_machine.c:171:9:cm_get_feed_rate_mode	0	static
canonical_machine.c:172:9:cm_get_tool	0	static
canonical_machine.c:173:9:cm_get_spindle_mode	0	static
canonical_machine.c:174:9:cm_get_block_delete_switch	0	static
canonical_machine.c:175:9:cm_get_runtime_busy	0	static
canonical_machine.c:177:7:cm_get_feed_rate	0	static
canonical_machine.c:178:6:cm_set_motion_mode	0	static
canonical_machine.c:179:6:cm_set_spindle_mode	0	static
canonical_machine.c:180:6:cm_set_spindle_speed_parameter	0	static
canonical_machine.c:181:6:cm_set_tool_number	0	static
canonical_machine.c:188:6:cm_set_model_linenum	0	static
canonical_machine.c:228:7:cm_get_active_coord_offset	8	static
canonical_machine.c:246:7:cm_get_work_offset	0	static
canonical_machine.c:260:6:cm_set_work_offsets	16	static
canonical_machine.c:183:6:cm_set_absolute_override	0	static
canonical_machine.c:624:13:_exec_offset	48	static
canonical_machine.c:277:7:cm_get_absolute_position	0	static
canonical_machine.c:297:7:cm_get_work_position	16	static
canonical_machine.c:326:6:cm_finalize_move	16	static
canonical_machine.c:335:6:cm_update_model_position_from_runtime	12	static
canonical_machine.c:344:8:cm_deferred_write_callback	72	static
canonical_machine.c:394:6:cm_set_model_target	56	static
canonical_machine.c:434:8:cm_test_soft_limits	40	static
canonical_machine.c:507:6:canonical_machine_init_assertions	0	static
canonical_machine.c:516:8:canonical_machine_test_assertions	0	static
canonical_machine.c:529:8:cm_soft_alarm	8	static
canonical_machine.c:535:8:cm_clear	0	static
canonical_machine.c:545:8:cm_hard_alarm	8	static
canonical_machine.c:570:8:cm_select_plane	0	static
canonical_machine.c:575:8:cm_set_units_mode	0	static
canonical_machine.c:580:8:cm_set_distance_mode	0	static
canonical_machine.c:596:8:cm_set_coord_offsets	40	static
canonical_machine.c:616:8:cm_set_coord_system	32	static
canonical_machine.c:469:6:canonical_machine_init	16	static
canonical_machine.c:653:6:cm_set_position	16	static
canonical_machine.c:676:8:cm_set_absolute_origin	56	static
canonical_machine.c:710:8:cm_set_origin_offsets	72	static
canonical_machine.c:725:8:cm_reset_origin_offsets	40	static
canonical_machine.c:735:8:cm_suspend_origin_offsets	32	static
canonical_machine.c:742:8:cm_resume_origin_offsets	32	static
canonical_machine.c:749:8:cm_get_position	48	static
canonical_machine.c:762:8:cm_get_firmware	48	static
canonical_machine.c:780:8:cm_wait_for_completion	0	static
canonical_machine.c:820:8:cm_set_g28_position	12	static
canonical_machine.c:833:8:cm_set_g30_position	12	static
canonical_machine.c:855:8:cm_set_feed_rate	16	static
canonical_machine.c:872:8:cm_set_feed_rate_mode	0	static
canonical_machine.c:881:8:cm_set_path_control	0	static
canonical_machine.c:896:8:cm_dwell	8	static
canonical_machine.c:943:8:cm_select_tool	32	static
canonical_machine.c:953:8:cm_change_tool	32	static
canonical_machine.c:971:8:cm_mist_coolant_control	32	static
canonical_machine.c:984:8:cm_flood_coolant_control	32	static
canonical_machine.c:1229:13:_exec_program_finalize	16	static
canonical_machine.c:1014:8:cm_override_enables	0	static
canonical_machine.c:1021:8:cm_feed_rate_override_enable	16	static
canonical_machine.c:1031:8:cm_feed_rate_override_factor	0	static
canonical_machine.c:1039:8:cm_traverse_override_enable	16	static
canonical_machine.c:1049:8:cm_traverse_override_factor	0	static
canonical_machine.c:1057:8:cm_spindle_override_enable	16	static
canonical_machine.c:1067:8:cm_spindle_override_factor	0	static
canonical_machine.c:1081:6:cm_message	0	static
canonical_machine.c:1139:6:cm_request_feedhold	0	static
canonical_machine.c:1140:6:cm_request_queue_flush	0	static
canonical_machine.c:1141:6:cm_request_cycle_start	0	static
canonical_machine.c:1172:8:cm_queue_flush	40	static
canonical_machine.c:1256:6:cm_cycle_start	0	static
canonical_machine.c:797:8:cm_straight_traverse	16	static
canonical_machine.c:825:8:cm_goto_g28_position	40	static
canonical_machine.c:838:8:cm_goto_g30_position	40	static
canonical_machine.c:905:8:cm_straight_feed	16	static
canonical_machine.c:1143:8:cm_feedhold_sequencing_callback	8	static
canonical_machine.c:1264:6:cm_cycle_end	32	static
canonical_machine.c:1276:6:cm_optional_program_stop	32	static
canonical_machine.c:1271:6:cm_program_stop	0	static
canonical_machine.c:1281:6:cm_program_end	32	static
canonical_machine.c:1412:8:cm_get_axis_char	8	static
canonical_machine.c:1471:8:_get_msg_helper	16	static
canonical_machine.c:1477:8:cm_get_stat	8	static
canonical_machine.c:1478:8:cm_get_macs	0	static
canonical_machine.c:1479:8:cm_get_cycs	0	static
canonical_machine.c:1480:8:cm_get_mots	0	static
canonical_machine.c:1481:8:cm_get_hold	0	static
canonical_machine.c:1482:8:cm_get_home	0	static
canonical_machine.c:1484:8:cm_get_unit	0	static
canonical_machine.c:1485:8:cm_get_coor	0	static
canonical_machine.c:1486:8:cm_get_momo	0	static
canonical_machine.c:1487:8:cm_get_plan	0	static
canonical_machine.c:1488:8:cm_get_path	0	static
canonical_machine.c:1489:8:cm_get_dist	0	static
canonical_machine.c:1490:8:cm_get_frmo	0	static
canonical_machine.c:1492:8:cm_get_toolv	8	static
canonical_machine.c:1498:8:cm_get_mline	8	static
canonical_machine.c:1504:8:cm_get_line	8	static
canonical_machine.c:1510:8:cm_get_vel	8	static
canonical_machine.c:1522:8:cm_get_feed	8	static
canonical_machine.c:1530:8:cm_get_pos	16	static
canonical_machine.c:1537:8:cm_get_mpo	16	static
canonical_machine.c:1544:8:cm_get_ofs	16	static
canonical_machine.c:1559:8:cm_get_am	8	static
canonical_machine.c:1564:8:cm_set_am	8	static
canonical_machine.c:1592:7:cm_get_axis_jerk	0	static
canonical_machine.c:1596:6:cm_set_axis_jerk	8	static
canonical_machine.c:769:8:cm_set_jerk	48	static
canonical_machine.c:1601:8:cm_set_xjm	16	static
canonical_machine.c:1608:8:cm_set_xjh	16	static
canonical_machine.c:1621:8:cm_run_qf	0	static
canonical_machine.c:1626:8:cm_run_home	8	static
canonical_machine.c:1664:7:cm_get_jogging_dest	0	static
canonical_machine.c:1668:8:cm_run_jogx	8	static
canonical_machine.c:1674:8:cm_run_jogy	8	static
canonical_machine.c:1680:8:cm_run_jogz	8	static
canonical_machine.c:1686:8:cm_run_joga	8	static
canonical_machine.c:1730:6:cm_print_vel	0	static
canonical_machine.c:1731:6:cm_print_feed	0	static
canonical_machine.c:1732:6:cm_print_line	0	static
canonical_machine.c:1733:6:cm_print_stat	0	static
canonical_machine.c:1734:6:cm_print_macs	0	static
canonical_machine.c:1735:6:cm_print_cycs	0	static
canonical_machine.c:1736:6:cm_print_mots	0	static
canonical_machine.c:1737:6:cm_print_hold	0	static
canonical_machine.c:1738:6:cm_print_home	0	static
canonical_machine.c:1739:6:cm_print_unit	0	static
canonical_machine.c:1740:6:cm_print_coor	0	static
canonical_machine.c:1741:6:cm_print_momo	0	static
canonical_machine.c:1742:6:cm_print_plan	0	static
canonical_machine.c:1743:6:cm_print_path	0	static
canonical_machine.c:1744:6:cm_print_dist	0	static
canonical_machine.c:1745:6:cm_print_frmo	0	static
canonical_machine.c:1746:6:cm_print_tool	0	static
canonical_machine.c:1637:8:cm_dam	8	static
canonical_machine.c:1748:6:cm_print_gpl	0	static
canonical_machine.c:1749:6:cm_print_gun	0	static
canonical_machine.c:1750:6:cm_print_gco	0	static
canonical_machine.c:1751:6:cm_print_gpa	0	static
canonical_machine.c:1752:6:cm_print_gdi	0	static
canonical_machine.c:1763:6:cm_print_ja	0	static
canonical_machine.c:1764:6:cm_print_ct	0	static
canonical_machine.c:1765:6:cm_print_sl	0	static
canonical_machine.c:1766:6:cm_print_ml	0	static
canonical_machine.c:1767:6:cm_print_ma	0	static
canonical_machine.c:1768:6:cm_print_ms	0	static
canonical_machine.c:1845:6:cm_print_am	32	static
canonical_machine.c:1851:6:cm_print_fr	0	static
canonical_machine.c:1852:6:cm_print_vm	0	static
canonical_machine.c:1853:6:cm_print_tm	0	static
canonical_machine.c:1854:6:cm_print_tn	0	static
canonical_machine.c:1855:6:cm_print_jm	0	static
canonical_machine.c:1856:6:cm_print_jh	0	static
canonical_machine.c:1857:6:cm_print_jd	0	static
canonical_machine.c:1858:6:cm_print_ra	0	static
canonical_machine.c:1859:6:cm_print_sn	0	static
canonical_machine.c:1860:6:cm_print_sx	0	static
canonical_machine.c:1861:6:cm_print_sv	0	static
canonical_machine.c:1862:6:cm_print_lv	0	static
canonical_machine.c:1863:6:cm_print_lb	0	static
canonical_machine.c:1864:6:cm_print_zb	0	static
canonical_machine.c:1866:6:cm_print_cofs	0	static
canonical_machine.c:1867:6:cm_print_cpos	0	static
canonical_machine.c:1869:6:cm_print_pos	0	static
canonical_machine.c:1870:6:cm_print_mpo	0	static
canonical_machine.c:1871:6:cm_print_ofs	0	static
