config.c:35:8:nv_set	16	static
config.c:42:8:nv_get	16	static
config.c:49:6:nv_print	16	static
config.c:55:8:nv_persist	8	static
config.c:115:13:_set_defa	16	static
config.c:128:8:set_defaults	8	static
config.c:146:6:config_init_assertions	0	static
config.c:155:8:config_test_assertions	0	static
config.c:173:8:get_nul	0	static
config.c:178:8:get_ui8	8	static
config.c:184:8:get_int	8	static
config.c:191:8:get_data	0	static
config.c:198:8:get_flt	0	static
config.c:215:8:set_nul	0	static
config.c:217:8:set_ui8	16	static
config.c:223:8:set_01	8	static
config.c:229:8:set_012	8	static
config.c:235:8:set_0123	8	static
config.c:241:8:set_int	16	static
config.c:247:8:set_data	0	static
config.c:254:8:set_flt	0	static
config.c:324:8:set_grp	16	static
config.c:347:9:nv_group_is_prefixed	8	static
config.c:367:9:nv_get_index	40	static
config.c:395:9:nv_get_type	8	static
config.c:456:10:nv_reset_nv	0	static
config.c:435:6:nv_get_nvObj	24	static
config.c:301:8:get_grp	40	static
config.c:478:10:nv_reset_nv_list	16	static
config.c:78:6:config_init	16	static
config.c:500:8:nv_copy_string	24	static
config.c:521:10:nv_add_object	8	static
config.c:537:10:nv_add_integer	16	static
config.c:553:10:nv_add_data	16	static
config.c:570:10:nv_add_float	16	static
config.c:587:10:nv_add_string	16	static
config.c:612:10:nv_add_conditional_message	0	static
config.c:633:6:nv_print_list	0	static
config.c:645:6:nv_dump_nv	56	static
