config_app.c:817:15:get_rx	0	static
config_app.c:696:8:set_flu	8	static
config_app.c:735:15:_do_group_list.isra.0	32	static
config_app.c:778:15:_do_offsets	80	static
config_app.c:772:15:_do_axes	64	static
config_app.c:752:15:_do_motors	48	static
config_app.c:784:15:_do_all	16	static
config_app.c:680:9:nv_index_max	0	static
config_app.c:681:9:nv_index_is_single	0	static
config_app.c:682:9:nv_index_is_group	0	static
config_app.c:683:9:nv_index_lt_groups	0	static
config_app.c:711:6:preprocess_float	16	static
config_app.c:835:8:set_baud_callback	0	static
config_app.c:854:6:cfg_print_ec	0	static
config_app.c:855:6:cfg_print_ee	0	static
config_app.c:856:6:cfg_print_ex	0	static
config_app.c:857:6:cfg_print_baud	0	static
config_app.c:858:6:cfg_print_rx	0	static
