config.c:36:8:nv_set	16	static
config.c:43:8:nv_get	16	static
config.c:50:6:nv_print	16	static
config.c:56:8:nv_persist	8	static
config.c:116:13:_set_defa	16	static
config.c:130:8:set_defaults	8	static
config.c:148:6:config_init_assertions	0	static
config.c:157:8:config_test_assertions	0	static
config.c:175:8:get_nul	0	static
config.c:180:8:get_ui8	8	static
config.c:186:8:get_int	8	static
config.c:193:8:get_data	0	static
config.c:200:8:get_flt	0	static
config.c:217:8:set_nul	0	static
config.c:219:8:set_ui8	16	static
config.c:225:8:set_01	8	static
config.c:231:8:set_012	8	static
config.c:237:8:set_0123	8	static
config.c:243:8:set_int	16	static
config.c:249:8:set_data	0	static
config.c:256:8:set_flt	0	static
config.c:326:8:set_grp	16	static
config.c:349:9:nv_group_is_prefixed	8	static
config.c:369:9:nv_get_index	40	static
config.c:397:9:nv_get_type	8	static
config.c:458:10:nv_reset_nv	0	static
config.c:437:6:nv_get_nvObj	24	static
config.c:303:8:get_grp	40	static
config.c:480:10:nv_reset_nv_list	16	static
config.c:79:6:config_init	16	static
config.c:502:8:nv_copy_string	24	static
config.c:523:10:nv_add_object	8	static
config.c:539:10:nv_add_integer	16	static
config.c:555:10:nv_add_data	16	static
config.c:572:10:nv_add_float	16	static
config.c:589:10:nv_add_string	16	static
config.c:614:10:nv_add_conditional_message	0	static
config.c:635:6:nv_print_list	0	static
config.c:648:6:nv_dump_nv	56	static
