config_app.c:816:15:get_rx	0	static
config_app.c:695:8:set_flu	8	static
config_app.c:734:15:_do_group_list.isra.0	32	static
config_app.c:777:15:_do_offsets	80	static
config_app.c:771:15:_do_axes	64	static
config_app.c:751:15:_do_motors	48	static
config_app.c:783:15:_do_all	16	static
config_app.c:679:9:nv_index_max	0	static
config_app.c:680:9:nv_index_is_single	0	static
config_app.c:681:9:nv_index_is_group	0	static
config_app.c:682:9:nv_index_lt_groups	0	static
config_app.c:710:6:preprocess_float	16	static
config_app.c:834:8:set_baud_callback	0	static
config_app.c:853:6:cfg_print_ec	0	static
config_app.c:854:6:cfg_print_ee	0	static
config_app.c:855:6:cfg_print_ex	0	static
config_app.c:856:6:cfg_print_baud	0	static
config_app.c:857:6:cfg_print_rx	0	static
