coolant.c:23:6:coolant_init	0	static
coolant.c:28:6:coolant_reset	0	static
coolant.c:39:8:coolant_control_immediate	0	static
coolant.c:47:8:coolant_control_sync	16	static
coolant.c:62:6:_exec_coolant_helper	8	static
coolant.c:111:13:_exec_coolant_control	0	static
coolant.c:129:8:co_get_com	0	static
coolant.c:130:8:co_set_com	0	static
coolant.c:131:8:co_get_cof	0	static
coolant.c:132:8:co_set_cof	0	static
coolant.c:134:8:co_get_coph	0	static
coolant.c:135:8:co_set_coph	16	static
coolant.c:141:8:co_get_comp	0	static
coolant.c:142:8:co_set_comp	0	static
coolant.c:143:8:co_get_cofp	0	static
coolant.c:144:8:co_set_cofp	0	static
coolant.c:159:6:co_print_coph	0	static
coolant.c:160:6:co_print_comp	0	static
coolant.c:161:6:co_print_cofp	0	static
coolant.c:162:6:co_print_com	0	static
coolant.c:163:6:co_print_cof	0	static
