cycle_homing.c:349:15:_homing_axis_set_zero	16	static
cycle_homing.c:368:15:_homing_axis_move	64	static
cycle_homing.c:301:15:_homing_axis_clear	8	static
cycle_homing.c:321:15:_homing_axis_search	16	static
cycle_homing.c:343:15:_homing_axis_zero_backoff	8	static
cycle_homing.c:424:15:_homing_finalize_exit	16	static
cycle_homing.c:386:15:_homing_abort	8	static
cycle_homing.c:328:15:_homing_axis_latch	8	static
cycle_homing.c:401:15:_homing_error_exit.isra.1	136	static
cycle_homing.c:201:15:_homing_axis_start	32	static
cycle_homing.c:125:8:cm_homing_cycle_start	16	static
cycle_homing.c:149:8:cm_homing_cycle_start_no_set	8	static
cycle_homing.c:170:8:cm_homing_callback	8	static
