hardware.c:9:6:hardware_init	0	static
hardware.c:19:6:hw_request_hard_reset	0	static
hardware.c:21:6:hw_hard_reset	0	static
hardware.c:26:8:hw_hard_reset_handler	0	static
hardware.c:40:6:hw_request_bootloader	0	static
hardware.c:55:8:hw_get_id	8	static
hardware.c:64:8:hw_run_boot	0	static
hardware.c:72:8:hw_set_hv	16	static
hardware.c:93:6:hw_print_fb	0	static
hardware.c:94:6:hw_print_fv	0	static
hardware.c:95:6:hw_print_hp	0	static
hardware.c:96:6:hw_print_hv	0	static
hardware.c:97:6:hw_print_id	0	static
