plan_line.c:426:13:_plan_block_list	32	static
plan_line.c:471:13:_reset_replannable_list	8	static
plan_line.c:55:6:mp_zero_segment_velocity	0	static
plan_line.c:56:7:mp_get_runtime_velocity	0	static
plan_line.c:57:7:mp_get_runtime_absolute_position	0	static
plan_line.c:58:6:mp_set_runtime_work_offset	12	static
plan_line.c:59:7:mp_get_runtime_work_position	8	static
plan_line.c:68:9:mp_get_runtime_busy	8	static
plan_line.c:95:8:mp_aline	136	static
plan_line.c:640:8:mp_plan_hold_callback	40	static
plan_line.c:752:8:mp_end_hold	16	static
