planner.c:180:15:_exec_command	8	static
planner.c:69:6:planner_init_assertions	0	static
planner.c:76:8:planner_test_assertions	0	static
planner.c:120:6:mp_set_planner_position	0	static
planner.c:121:6:mp_set_runtime_position	0	static
planner.c:123:6:mp_set_steps_to_runtime_position	40	static
planner.c:273:9:mp_get_planner_buffers_available	0	static
planner.c:275:6:mp_init_buffers	16	static
planner.c:57:6:planner_init	8	static
planner.c:91:6:mp_flush_planner	8	static
planner.c:295:11:mp_get_write_buffer	24	static
planner.c:312:6:mp_unget_write_buffer	0	static
planner.c:322:6:mp_commit_write_buffer	8	static
planner.c:159:6:mp_queue_command	16	static
planner.c:200:8:mp_dwell	8	static
planner.c:333:11:mp_get_run_buffer	0	static
planner.c:360:11:mp_get_first_buffer	0	static
planner.c:365:11:mp_get_last_buffer	8	static
planner.c:384:6:mp_clear_buffer	16	static
planner.c:347:9:mp_free_run_buffer	8	static
planner.c:185:8:mp_runtime_command	8	static
planner.c:213:15:_exec_dwell	8	static
planner.c:393:6:mp_copy_buffer	16	static
