report.c:315:15:_populate_unfiltered_status_report	40	static
report.c:57:8:rpt_exception	16	static
report.c:74:8:rpt_er	0	static
report.c:88:6:_startup_helper	16	static
report.c:103:6:rpt_print_initializing_message	0	static
report.c:108:6:rpt_print_loading_configs_message	0	static
report.c:113:6:rpt_print_system_ready_message	8	static
report.c:165:9:_is_stat	8	static
report.c:176:6:sr_init_status_report	216	static
report.c:207:8:sr_set_status_report	88	static
report.c:244:8:sr_request_status_report	8	static
report.c:266:8:sr_status_report_callback	48	static
report.c:303:8:sr_run_text_status_report	8	static
report.c:398:8:sr_get	0	static
report.c:399:8:sr_set	0	static
report.c:401:8:sr_set_si	16	static
report.c:415:6:sr_print_sr	0	static
report.c:416:6:sr_print_si	0	static
report.c:417:6:sr_print_sv	0	static
report.c:443:6:qr_init_queue_report	8	static
report.c:457:6:qr_request_queue_report	16	static
report.c:486:8:qr_queue_report_callback	16	static
report.c:528:6:rx_request_rx_report	0	static
report.c:536:8:rx_report_callback	8	static
report.c:569:8:qr_get	8	static
report.c:576:8:qi_get	16	static
report.c:584:8:qo_get	16	static
report.c:602:8:job_populate_job_report	40	static
report.c:630:8:job_set_job_report	24	static
report.c:648:9:job_report_callback	16	static
report.c:661:8:job_get	0	static
report.c:662:8:job_set	0	static
report.c:663:6:job_print_job	0	static
report.c:675:6:qr_print_qr	0	static
report.c:676:6:qr_print_qi	0	static
report.c:677:6:qr_print_qo	0	static
report.c:678:6:qr_print_qv	0	static
