report.c:286:15:_populate_unfiltered_status_report	40	static
report.c:52:8:rpt_exception	16	static
report.c:68:8:rpt_er	0	static
report.c:81:6:_startup_helper	16	static
report.c:95:6:rpt_print_loading_configs_message	0	static
report.c:99:6:rpt_print_system_ready_message	8	static
report.c:150:9:_is_stat	8	static
report.c:161:6:sr_init_status_report	216	static
report.c:191:8:sr_set_status_report	88	static
report.c:227:8:sr_request_status_report	8	static
report.c:238:8:sr_status_report_callback	48	static
report.c:275:8:sr_run_text_status_report	8	static
report.c:367:8:sr_get	0	static
report.c:368:8:sr_set	0	static
report.c:370:8:sr_set_si	16	static
report.c:384:6:sr_print_sr	0	static
report.c:385:6:sr_print_si	0	static
report.c:386:6:sr_print_sv	0	static
report.c:412:6:qr_init_queue_report	8	static
report.c:425:6:qr_request_queue_report	16	static
report.c:453:8:qr_queue_report_callback	16	static
report.c:495:6:rx_request_rx_report	0	static
report.c:503:8:rx_report_callback	8	static
report.c:536:8:qr_get	8	static
report.c:542:8:qi_get	16	static
report.c:549:8:qo_get	16	static
report.c:566:8:job_populate_job_report	40	static
report.c:593:8:job_set_job_report	24	static
report.c:610:9:job_report_callback	16	static
report.c:622:8:job_get	0	static
report.c:623:8:job_set	0	static
report.c:624:6:job_print_job	0	static
report.c:636:6:qr_print_qr	0	static
report.c:637:6:qr_print_qi	0	static
report.c:638:6:qr_print_qo	0	static
report.c:639:6:qr_print_qv	0	static
