stepper.c:244:13:_energize_motor	0	static
stepper.c:985:13:_print_motor_ui8	32	static
stepper.c:989:13:_print_motor_flt_units	48	static
stepper.c:16:6:TIM2_IRQHandler	0	static
stepper.c:20:6:TIM3_IRQHandler	0	static
stepper.c:24:6:TIM4_IRQHandler	0	static
stepper.c:28:6:TIM5_IRQHandler	0	static
stepper.c:63:6:stepper_timers_init	88	static
stepper.c:164:6:stepper_init_assertions	0	static
stepper.c:171:8:stepper_test_assertions	0	static
stepper.c:187:9:st_runtime_isbusy	0	static
stepper.c:199:6:st_reset	12	static
stepper.c:151:6:stepper_init	8	static
stepper.c:833:13:_set_motor_steps_per_unit	16	static
stepper.c:215:8:st_clc	8	static
stepper.c:261:6:st_energize_motors	24	static
stepper.c:268:6:st_deenergize_motors	0	static
stepper.c:279:8:st_motor_power_callback	32	static
stepper.c:382:6:st_request_exec_move	0	static
stepper.c:418:6:_request_load_move	8	static
stepper.c:395:6:IRQ_TIMER_EXEC	8	static
stepper.c:454:6:_load_move	24	static
stepper.c:327:6:IRQ_TIMER_DDA	8	static
stepper.c:368:6:IRQ_TIMER_DWELL	0	static
stepper.c:434:6:IRQ_TIMER_LOAD	8	static
stepper.c:697:8:st_prep_line	48	static
stepper.c:776:6:st_prep_null	0	static
stepper.c:785:6:st_prep_command	0	static
stepper.c:795:6:st_prep_dwell	16	static
stepper.c:848:8:st_set_sa	8	static
stepper.c:854:8:st_set_tr	8	static
stepper.c:860:8:st_set_mi	8	static
stepper.c:871:8:st_set_pm	8	static
stepper.c:887:8:st_set_pl	0	static
stepper.c:907:8:st_get_pwr	0	static
stepper.c:924:8:st_set_mt	8	static
stepper.c:929:8:st_set_md	8	static
stepper.c:942:8:st_set_me	8	static
stepper.c:981:6:st_print_mt	0	static
stepper.c:982:6:st_print_me	0	static
stepper.c:983:6:st_print_md	0	static
stepper.c:1001:6:st_print_ma	0	static
stepper.c:1002:6:st_print_sa	0	static
stepper.c:1003:6:st_print_tr	8	static
stepper.c:1004:6:st_print_mi	0	static
stepper.c:1005:6:st_print_po	0	static
stepper.c:1006:6:st_print_pm	0	static
stepper.c:1007:6:st_print_pl	32	static
stepper.c:1008:6:st_print_pwr	24	static
