stepper.c:247:13:_energize_motor	0	static
stepper.c:962:13:_print_motor_ui8	32	static
stepper.c:966:13:_print_motor_flt_units	48	static
stepper.c:16:6:TIM2_IRQHandler	0	static
stepper.c:20:6:TIM3_IRQHandler	0	static
stepper.c:24:6:TIM4_IRQHandler	0	static
stepper.c:28:6:TIM5_IRQHandler	0	static
stepper.c:66:6:stepper_timers_init	88	static
stepper.c:167:6:stepper_init_assertions	0	static
stepper.c:174:8:stepper_test_assertions	0	static
stepper.c:190:9:st_runtime_isbusy	0	static
stepper.c:202:6:st_reset	12	static
stepper.c:154:6:stepper_init	8	static
stepper.c:810:13:_set_motor_steps_per_unit	16	static
stepper.c:218:8:st_clc	8	static
stepper.c:264:6:st_energize_motors	24	static
stepper.c:271:6:st_deenergize_motors	0	static
stepper.c:282:8:st_motor_power_callback	32	static
stepper.c:387:6:st_request_exec_move	0	static
stepper.c:416:6:_request_load_move	8	static
stepper.c:393:6:IRQ_TIMER_EXEC	8	static
stepper.c:446:6:_load_move	24	static
stepper.c:330:6:IRQ_TIMER_DDA	8	static
stepper.c:373:6:IRQ_TIMER_DWELL	0	static
stepper.c:426:6:IRQ_TIMER_LOAD	8	static
stepper.c:675:8:st_prep_line	48	static
stepper.c:753:6:st_prep_null	0	static
stepper.c:762:6:st_prep_command	0	static
stepper.c:772:6:st_prep_dwell	16	static
stepper.c:825:8:st_set_sa	8	static
stepper.c:831:8:st_set_tr	8	static
stepper.c:837:8:st_set_mi	8	static
stepper.c:848:8:st_set_pm	8	static
stepper.c:864:8:st_set_pl	0	static
stepper.c:884:8:st_get_pwr	0	static
stepper.c:901:8:st_set_mt	8	static
stepper.c:906:8:st_set_md	8	static
stepper.c:919:8:st_set_me	8	static
stepper.c:958:6:st_print_mt	0	static
stepper.c:959:6:st_print_me	0	static
stepper.c:960:6:st_print_md	0	static
stepper.c:978:6:st_print_ma	0	static
stepper.c:979:6:st_print_sa	0	static
stepper.c:980:6:st_print_tr	8	static
stepper.c:981:6:st_print_mi	0	static
stepper.c:982:6:st_print_po	0	static
stepper.c:983:6:st_print_pm	0	static
stepper.c:984:6:st_print_pl	32	static
stepper.c:985:6:st_print_pwr	24	static
