text_parser.c:32:8:text_parser	40	static
text_parser.c:116:6:text_response	32	static
text_parser.c:154:6:text_print_inline_pairs	48	static
text_parser.c:173:6:text_print_inline_values	32	static
text_parser.c:192:6:text_print_multiline_formatted	16	static
text_parser.c:145:6:text_print_list	0	static
text_parser.c:211:6:tx_print_nul	0	static
text_parser.c:223:6:text_print_nul	0	static
text_parser.c:224:6:text_print_str	0	static
text_parser.c:212:6:tx_print_str	0	static
text_parser.c:225:6:text_print_ui8	8	static
text_parser.c:213:6:tx_print_ui8	0	static
text_parser.c:226:6:text_print_int	8	static
text_parser.c:214:6:tx_print_int	0	static
text_parser.c:227:6:text_print_flt	16	static
text_parser.c:215:6:tx_print_flt	0	static
text_parser.c:229:6:text_print_flt_units	24	static
text_parser.c:238:6:tx_print_tv	0	static
