text_parser.c:35:8:text_parser	40	static
text_parser.c:119:6:text_response	32	static
text_parser.c:157:6:text_print_inline_pairs	48	static
text_parser.c:176:6:text_print_inline_values	32	static
text_parser.c:196:6:text_print_multiline_formatted	16	static
text_parser.c:148:6:text_print_list	0	static
text_parser.c:215:6:tx_print_nul	0	static
text_parser.c:227:6:text_print_nul	0	static
text_parser.c:228:6:text_print_str	0	static
text_parser.c:216:6:tx_print_str	0	static
text_parser.c:229:6:text_print_ui8	8	static
text_parser.c:217:6:tx_print_ui8	0	static
text_parser.c:230:6:text_print_int	8	static
text_parser.c:218:6:tx_print_int	0	static
text_parser.c:231:6:text_print_flt	16	static
text_parser.c:219:6:tx_print_flt	0	static
text_parser.c:233:6:text_print_flt_units	24	static
text_parser.c:242:6:tx_print_tv	0	static
