xio.c:38:6:xio_init_assertions	0	static
xio.c:40:9:xio_test_assertions	0	static
xio.c:57:9:xio_isbusy	0	static
xio.c:65:6:xio_reset_working_flags	0	static
xio.c:82:6:xio_open_generic	32	static
xio.c:119:7:xio_open	4	static
xio.c:124:5:xio_gets	4	static
xio.c:128:5:xio_getc	0	static
xio.c:133:5:xio_putc	4	static
xio.c:150:5:xio_ctrl_generic	0	static
xio.c:142:5:xio_ctrl	0	static
xio.c:173:5:xio_set_baud	0	static
xio.c:182:6:xio_fc_null	0	static
xio.c:196:6:xio_set_stdin	0	static
xio.c:197:6:xio_set_stdout	0	static
xio.c:198:6:xio_set_stderr	0	static
xio.c:21:6:xio_init	8	static
